BL51 BANKED LINKER/LOCATER V6.22                                                        10/03/2013  14:12:03  PAGE 1


BL51 BANKED LINKER/LOCATER V6.22, INVOKED BY:
C:\KEIL\C51\BIN\BL51.EXE BFM_REV_32_0.obj TO MONITOR_BFM_32_tt RAMSIZE (256) CODE (0X0000-0X3FFF) XDATA (0X0000-0X07FF)


MEMORY MODEL: COMPACT


INPUT MODULES INCLUDED:
  BFM_REV_32_0.obj (BFM_REV_32_0)
  C:\KEIL\C51\LIB\C51C.LIB (?C_STARTUP)
  C:\KEIL\C51\LIB\C51C.LIB (?C?COPY)
  C:\KEIL\C51\LIB\C51C.LIB (?C?IMUL)
  C:\KEIL\C51\LIB\C51C.LIB (?C?UIDIV)
  C:\KEIL\C51\LIB\C51C.LIB (?C?SIDIV)
  C:\KEIL\C51\LIB\C51C.LIB (?C?ULDIV)
  C:\KEIL\C51\LIB\C51C.LIB (?C?LSTPDATA)
  C:\KEIL\C51\LIB\C51C.LIB (?C?LSTKPDATA)
  C:\KEIL\C51\LIB\C51C.LIB (?C?CCASE)
  C:\KEIL\C51\LIB\C51C.LIB (ATOI)
  C:\KEIL\C51\LIB\C51C.LIB (?C_INIT)
  C:\KEIL\C51\LIB\C51C.LIB (?C?CLDPTR)
  C:\KEIL\C51\LIB\C51C.LIB (ISDIGIT)
  C:\KEIL\C51\LIB\C51C.LIB (ISSPACE)


LINK MAP OF MODULE:  MONITOR_BFM_32_tt (BFM_REV_32_0)


            TYPE    BASE      LENGTH    RELOCATION   SEGMENT NAME
            -----------------------------------------------------

            * * * * * * *   D A T A   M E M O R Y   * * * * * * *
            REG     0000H     0008H     ABSOLUTE     "REG BANK 0"
                    0008H     0008H                  *** GAP ***
            REG     0010H     0008H     ABSOLUTE     "REG BANK 2"
                    0018H     0008H                  *** GAP ***
            BIT     0020H.0   0000H.1   UNIT         ?BI?BFM_REV_32_0
            BIT     0020H.1   0000H.1   UNIT         _BIT_GROUP_
                    0020H.2   0000H.6                *** GAP ***
            IDATA   0021H     0001H     UNIT         ?STACK

            * * * * * * *  X D A T A   M E M O R Y  * * * * * * *
            XDATA   0000H     0075H     INPAGE       ?PD?BFM_REV_32_0
            XDATA   0075H     0047H     INPAGE       _PDATA_GROUP_

            * * * * * * *   C O D E   M E M O R Y   * * * * * * *
            CODE    0000H     0003H     ABSOLUTE     
            CODE    0003H     001DH     INBLOCK      ?PR?SENTTOTHERMINAL?BFM_REV_32_0
            CODE    0020H     0003H     INBLOCK      ?PR?OPEN_MEMORY?BFM_REV_32_0
            CODE    0023H     0003H     ABSOLUTE     
            CODE    0026H     0004H     INBLOCK      ?PR?UART0_INIT?BFM_REV_32_0
                    002AH     0001H                  *** GAP ***
            CODE    002BH     0003H     ABSOLUTE     
            CODE    002EH     0022H     INBLOCK      ?PR?GETUPPERFIGERS?BFM_REV_32_0
                    0050H     0003H                  *** GAP ***
            CODE    0053H     0003H     ABSOLUTE     
            CODE    0056H     0692H     INBLOCK      ?PR?CHECK_MENU?BFM_REV_32_0
            CODE    06E8H     0113H     INBLOCK      ?PR?WRITE_SETIONTO_MEM?BFM_REV_32_0
BL51 BANKED LINKER/LOCATER V6.22                                                      10/03/2013  14:12:03  PAGE 2


                    07FBH     0005H                  *** GAP ***
            CODE    0800H     03CFH     INBLOCK      ?PR?CHECKINPUT?BFM_REV_32_0
            CODE    0BCFH     02F2H     INBLOCK      ?PR?METERING_ON?BFM_REV_32_0
            CODE    0EC1H     02C5H     UNIT         ?C?LIB_CODE
            CODE    1186H     024FH     INBLOCK      ?PR?MAIN?BFM_REV_32_0
            CODE    13D5H     01B4H     INBLOCK      ?PR?_SEG_CARE?BFM_REV_32_0
            CODE    1589H     0124H     INBLOCK      ?PR?FISING_MEMORY?BFM_REV_32_0
            CODE    16ADH     00E3H     INBLOCK      ?PR?CHACKBATTRY?BFM_REV_32_0
            CODE    1790H     00D0H     UNIT         ?PR?_ATOI?ATOI
            CODE    1860H     0099H     INBLOCK      ?PR?_NUM_TO_SEG_LOWER?BFM_REV_32_0
            CODE    18F9H     0096H     INBLOCK      ?PR?SENSOR_CHECKUP?BFM_REV_32_0
            CODE    198FH     0091H     INBLOCK      ?PR?READMEMORY?BFM_REV_32_0
            CODE    1A20H     008CH     UNIT         ?C_C51STARTUP
            CODE    1AACH     0082H     INBLOCK      ?PR?CAL_LAST_24HR?BFM_REV_32_0
            CODE    1B2EH     007FH     INBLOCK      ?PR?UPDATESIREALNUM?BFM_REV_32_0
            CODE    1BADH     007CH     INBLOCK      ?PR?UARTISR?BFM_REV_32_0
            CODE    1C29H     007AH     INBLOCK      ?PR?SETUPPERFIGERS?BFM_REV_32_0
            CODE    1CA3H     0075H     INBLOCK      ?PR?WARMUPSENSOR?BFM_REV_32_0
            CODE    1D18H     006BH     INBLOCK      ?PR?PRINT_LCD?BFM_REV_32_0
            CODE    1D83H     006BH     INBLOCK      ?PR?UPDATEBASICMEM?BFM_REV_32_0
            CODE    1DEEH     0065H     INBLOCK      ?PR?START_DISPLAY?BFM_REV_32_0
            CODE    1E53H     0065H     INBLOCK      ?PR?_NUM_TO_SEG?BFM_REV_32_0
            CODE    1EB8H     0060H     INBLOCK      ?PR?READMEMORYBASIC?BFM_REV_32_0
            CODE    1F18H     005EH     INBLOCK      ?PR?_SEND_LCD_COMM?BFM_REV_32_0
            CODE    1F76H     005BH     INBLOCK      ?PR?_TIRGOM?BFM_REV_32_0
            CODE    1FD1H     002FH     INBLOCK      ?PR?GETNEXTADD?BFM_REV_32_0
            CODE    2000H     0058H     INBLOCK      ?PR?_MEMADDCONTROL?BFM_REV_32_0
            CODE    2058H     0057H     INBLOCK      ?PR?_BCD_2_NUMB?BFM_REV_32_0
            CODE    20AFH     0056H     INBLOCK      ?PR?DISPLAYMEMORY?BFM_REV_32_0
            CODE    2105H     0051H     INBLOCK      ?PR?_LIGHT_INTENSITY?BFM_REV_32_0
            CODE    2156H     004FH     INBLOCK      ?PR?CAL_MEMORY_ADD?BFM_REV_32_0
            CODE    21A5H     004FH     INBLOCK      ?PR?TURN_OFF_MONITOR?BFM_REV_32_0
            CODE    21F4H     004BH     INBLOCK      ?PR?DISPLAY_LAST_24HR?BFM_REV_32_0
            CODE    223FH     0048H     INBLOCK      ?PR?RESTART_LCD?BFM_REV_32_0
            CODE    2287H     0042H     INBLOCK      ?PR?GET_DATE_TIME?BFM_REV_32_0
            CODE    22C9H     0041H     INBLOCK      ?PR?GETSIREALNUM?BFM_REV_32_0
            CODE    230AH     003CH     INBLOCK      ?PR?_ERROR?BFM_REV_32_0
            CODE    2346H     0038H     INBLOCK      ?PR?KEYPAD?BFM_REV_32_0
            CODE    237EH     0037H     INBLOCK      ?PR?UPDATE_RTC?BFM_REV_32_0
            CODE    23B5H     0037H     INBLOCK      ?PR?UPDATE_TIMEDATE?BFM_REV_32_0
            CODE    23ECH     0035H     INBLOCK      ?PR?MEMORY_REDY?BFM_REV_32_0
            CODE    2421H     0033H     UNIT         ?CO?BFM_REV_32_0
            CODE    2454H     002EH     INBLOCK      ?PR?_GO_OUT?BFM_REV_32_0
            CODE    2482H     002EH     INBLOCK      ?PR?TIMER2?BFM_REV_32_0
            CODE    24B0H     002DH     INBLOCK      ?PR?PREPAREWRITINGMEMORY?BFM_REV_32_0
            CODE    24DDH     002CH     INBLOCK      ?PR?_SETHEATER?BFM_REV_32_0
            CODE    2509H     002BH     INBLOCK      ?PR?PRINTLOWCHARSEGMENT?BFM_REV_32_0
            CODE    2534H     0021H     INBLOCK      ?PR?PEEP?BFM_REV_32_0
            CODE    2555H     0021H     INBLOCK      ?PR?LONGPEEP?BFM_REV_32_0
            CODE    2576H     001BH     INBLOCK      ?PR?RESET_LCD?BFM_REV_32_0
            CODE    2591H     001BH     INBLOCK      ?PR?A_TO_D?BFM_REV_32_0
            CODE    25ACH     0018H     INBLOCK      ?PR?_NUMB_2_BCD?BFM_REV_32_0
            CODE    25C4H     0014H     INBLOCK      ?PR?TIMER_INIT?BFM_REV_32_0
            CODE    25D8H     0014H     INBLOCK      ?PR?_FETCH_SPI?BFM_REV_32_0
            CODE    25ECH     0014H     UNIT         ?PR?_ISSPACE?ISSPACE
            CODE    2600H     0013H     INBLOCK      ?PR?PORT_INIT?BFM_REV_32_0
            CODE    2613H     0010H     INBLOCK      ?PR?ADC0_INIT?BFM_REV_32_0
BL51 BANKED LINKER/LOCATER V6.22                                                      10/03/2013  14:12:03  PAGE 3


            CODE    2623H     000FH     INBLOCK      ?PR?CHACKUSB?BFM_REV_32_0
            CODE    2632H     000FH     INBLOCK      ?PR?CHACKSOFTPROB?BFM_REV_32_0
            CODE    2641H     000FH     INBLOCK      ?PR?GET_THR?BFM_REV_32_0
            CODE    2650H     000FH     INBLOCK      ?PR?GET_DIFFERENCE?BFM_REV_32_0
            CODE    265FH     000FH     UNIT         ?PR?_ISDIGIT?ISDIGIT
            CODE    266EH     000EH     INBLOCK      ?PR?RESET_PROB?BFM_REV_32_0
            CODE    267CH     000DH     INBLOCK      ?PR?PCA_INIT?BFM_REV_32_0
            CODE    2689H     000DH     INBLOCK      ?PR?_DELAY?BFM_REV_32_0
            CODE    2696H     000DH     INBLOCK      ?PR?CHACKVALIDPROB?BFM_REV_32_0
            CODE    26A3H     000CH     UNIT         ?C_INITSEG
            CODE    26AFH     000AH     INBLOCK      ?PR?BLANKLCD?BFM_REV_32_0
            CODE    26B9H     000AH     INBLOCK      ?PR?SPI0_INIT?BFM_REV_32_0
            CODE    26C3H     0009H     INBLOCK      ?PR?SENT_ACK?BFM_REV_32_0
            CODE    26CCH     0007H     INBLOCK      ?PR?CLOSE_MEMORY?BFM_REV_32_0
            CODE    26D3H     0006H     INBLOCK      ?PR?_RTC_CHANAL?BFM_REV_32_0
            CODE    26D9H     0006H     INBLOCK      ?PR?_LCD_CS_MODE?BFM_REV_32_0
            CODE    26DFH     0006H     INBLOCK      ?PR?_LCD_DATA_MODE?BFM_REV_32_0
            CODE    26E5H     0006H     INBLOCK      ?PR?_LCD_CLK_MODE?BFM_REV_32_0



OVERLAY MAP OF MODULE:   MONITOR_BFM_32_tt (BFM_REV_32_0)


SEGMENT                                          BIT_GROUP          PDATA_GROUP
  +--> CALLED SEGMENT                         START    LENGTH     START    LENGTH
---------------------------------------------------------------------------------
?C_C51STARTUP                                 -----    -----      -----    -----
  +--> ?PR?MAIN?BFM_REV_32_0
  +--> ?C_INITSEG

?PR?MAIN?BFM_REV_32_0                         -----    -----      0075H    0002H
  +--> ?PR?PORT_INIT?BFM_REV_32_0
  +--> ?PR?UART0_INIT?BFM_REV_32_0
  +--> ?PR?ADC0_INIT?BFM_REV_32_0
  +--> ?PR?SPI0_INIT?BFM_REV_32_0
  +--> ?PR?TIMER_INIT?BFM_REV_32_0
  +--> ?PR?PCA_INIT?BFM_REV_32_0
  +--> ?PR?_DELAY?BFM_REV_32_0
  +--> ?PR?_FETCH_SPI?BFM_REV_32_0
  +--> ?PR?GET_DATE_TIME?BFM_REV_32_0
  +--> ?PR?RESTART_LCD?BFM_REV_32_0
  +--> ?PR?RESET_PROB?BFM_REV_32_0
  +--> ?PR?READMEMORYBASIC?BFM_REV_32_0
  +--> ?PR?CHACKBATTRY?BFM_REV_32_0
  +--> ?PR?TURN_OFF_MONITOR?BFM_REV_32_0
  +--> ?PR?CHECKINPUT?BFM_REV_32_0
  +--> ?PR?BLANKLCD?BFM_REV_32_0
  +--> ?PR?_SEG_CARE?BFM_REV_32_0
  +--> ?PR?PRINT_LCD?BFM_REV_32_0
  +--> ?PR?CHECK_MENU?BFM_REV_32_0
  +--> ?PR?SETUPPERFIGERS?BFM_REV_32_0
  +--> ?PR?CHACKUSB?BFM_REV_32_0
  +--> ?PR?LONGPEEP?BFM_REV_32_0
  +--> ?PR?_ERROR?BFM_REV_32_0

?PR?GET_DATE_TIME?BFM_REV_32_0                -----    -----      -----    -----
BL51 BANKED LINKER/LOCATER V6.22                                                      10/03/2013  14:12:03  PAGE 4


  +--> ?PR?UPDATE_TIMEDATE?BFM_REV_32_0
  +--> ?PR?_SEG_CARE?BFM_REV_32_0
  +--> ?PR?_NUM_TO_SEG_LOWER?BFM_REV_32_0

?PR?UPDATE_TIMEDATE?BFM_REV_32_0              -----    -----      -----    -----
  +--> ?PR?_RTC_CHANAL?BFM_REV_32_0
  +--> ?PR?_DELAY?BFM_REV_32_0
  +--> ?PR?_FETCH_SPI?BFM_REV_32_0
  +--> ?PR?_BCD_2_NUMB?BFM_REV_32_0

?PR?_BCD_2_NUMB?BFM_REV_32_0                  -----    -----      007CH    0001H
  +--> ?PR?_FETCH_SPI?BFM_REV_32_0

?PR?_SEG_CARE?BFM_REV_32_0                    -----    -----      -----    -----
  +--> ?PR?BLANKLCD?BFM_REV_32_0

?PR?_NUM_TO_SEG_LOWER?BFM_REV_32_0            -----    -----      007CH    0001H

?PR?RESTART_LCD?BFM_REV_32_0                  -----    -----      -----    -----
  +--> ?PR?_SEND_LCD_COMM?BFM_REV_32_0
  +--> ?PR?_LCD_CS_MODE?BFM_REV_32_0
  +--> ?PR?PRINT_LCD?BFM_REV_32_0
  +--> ?PR?_DELAY?BFM_REV_32_0
  +--> ?PR?BLANKLCD?BFM_REV_32_0
  +--> ?PR?START_DISPLAY?BFM_REV_32_0
  +--> ?PR?PEEP?BFM_REV_32_0

?PR?_SEND_LCD_COMM?BFM_REV_32_0               -----    -----      00B8H    0004H
  +--> ?PR?RESET_LCD?BFM_REV_32_0
  +--> ?PR?_LCD_DATA_MODE?BFM_REV_32_0
  +--> ?PR?_LCD_CLK_MODE?BFM_REV_32_0

?PR?RESET_LCD?BFM_REV_32_0                    -----    -----      -----    -----
  +--> ?PR?_LCD_CS_MODE?BFM_REV_32_0
  +--> ?PR?_LCD_CLK_MODE?BFM_REV_32_0
  +--> ?PR?_LCD_DATA_MODE?BFM_REV_32_0

?PR?PRINT_LCD?BFM_REV_32_0                    -----    -----      00B5H    0003H
  +--> ?PR?RESET_LCD?BFM_REV_32_0
  +--> ?PR?_SEND_LCD_COMM?BFM_REV_32_0
  +--> ?PR?_LCD_DATA_MODE?BFM_REV_32_0
  +--> ?PR?_LCD_CLK_MODE?BFM_REV_32_0
  +--> ?PR?_LCD_CS_MODE?BFM_REV_32_0

?PR?START_DISPLAY?BFM_REV_32_0                -----    -----      -----    -----
  +--> ?PR?PEEP?BFM_REV_32_0
  +--> ?PR?_SEG_CARE?BFM_REV_32_0
  +--> ?PR?GET_DATE_TIME?BFM_REV_32_0
  +--> ?PR?SETUPPERFIGERS?BFM_REV_32_0
  +--> ?PR?CHACKBATTRY?BFM_REV_32_0

?PR?SETUPPERFIGERS?BFM_REV_32_0               -----    -----      -----    -----
  +--> ?PR?_TIRGOM?BFM_REV_32_0
  +--> ?PR?_SEG_CARE?BFM_REV_32_0
  +--> ?PR?GETUPPERFIGERS?BFM_REV_32_0

?PR?GETUPPERFIGERS?BFM_REV_32_0               -----    -----      -----    -----
BL51 BANKED LINKER/LOCATER V6.22                                                      10/03/2013  14:12:03  PAGE 5


  +--> ?PR?_NUM_TO_SEG?BFM_REV_32_0

?PR?CHACKBATTRY?BFM_REV_32_0                  -----    -----      -----    -----
  +--> ?PR?_SEG_CARE?BFM_REV_32_0
  +--> ?PR?LONGPEEP?BFM_REV_32_0

?PR?RESET_PROB?BFM_REV_32_0                   -----    -----      -----    -----
  +--> ?PR?_GO_OUT?BFM_REV_32_0
  +--> ?PR?_DELAY?BFM_REV_32_0
  +--> ?PR?CHECKINPUT?BFM_REV_32_0

?PR?CHECKINPUT?BFM_REV_32_0                   -----    -----      007AH    0002H
  +--> ?PR?_ATOI?ATOI
  +--> ?PR?SENT_ACK?BFM_REV_32_0
  +--> ?PR?METERING_ON?BFM_REV_32_0
  +--> ?PR?_DELAY?BFM_REV_32_0
  +--> ?PR?_MEMADDCONTROL?BFM_REV_32_0
  +--> ?PR?UPDATEBASICMEM?BFM_REV_32_0
  +--> ?PR?READMEMORY?BFM_REV_32_0
  +--> ?PR?UPDATE_RTC?BFM_REV_32_0
  +--> ?PR?UPDATESIREALNUM?BFM_REV_32_0
  +--> ?PR?GETSIREALNUM?BFM_REV_32_0
  +--> ?PR?RESTART_LCD?BFM_REV_32_0
  +--> ?PR?CHACKBATTRY?BFM_REV_32_0
  +--> ?PR?_TIRGOM?BFM_REV_32_0
  +--> ?PR?_GO_OUT?BFM_REV_32_0

?PR?_ATOI?ATOI                                0020H.1  0000H.1    007CH    0005H
  +--> ?PR?_ISSPACE?ISSPACE
  +--> ?PR?_ISDIGIT?ISDIGIT

?PR?SENT_ACK?BFM_REV_32_0                     -----    -----      -----    -----
  +--> ?PR?_GO_OUT?BFM_REV_32_0
  +--> ?PR?_DELAY?BFM_REV_32_0

?PR?METERING_ON?BFM_REV_32_0                  -----    -----      007CH    0002H
  +--> ?PR?SETUPPERFIGERS?BFM_REV_32_0

?PR?_MEMADDCONTROL?BFM_REV_32_0               -----    -----      0096H    001FH
  +--> ?CO?BFM_REV_32_0
  +--> ?PR?PREPAREWRITINGMEMORY?BFM_REV_32_0
  +--> ?PR?_FETCH_SPI?BFM_REV_32_0
  +--> ?PR?CLOSE_MEMORY?BFM_REV_32_0

?PR?PREPAREWRITINGMEMORY?BFM_REV_32_0         -----    -----      -----    -----
  +--> ?PR?MEMORY_REDY?BFM_REV_32_0
  +--> ?PR?OPEN_MEMORY?BFM_REV_32_0
  +--> ?PR?_FETCH_SPI?BFM_REV_32_0
  +--> ?PR?CLOSE_MEMORY?BFM_REV_32_0
  +--> ?PR?_DELAY?BFM_REV_32_0
  +--> ?PR?_ERROR?BFM_REV_32_0

?PR?MEMORY_REDY?BFM_REV_32_0                  -----    -----      00B5H    0001H
  +--> ?PR?OPEN_MEMORY?BFM_REV_32_0
  +--> ?PR?_FETCH_SPI?BFM_REV_32_0
  +--> ?PR?CLOSE_MEMORY?BFM_REV_32_0

BL51 BANKED LINKER/LOCATER V6.22                                                      10/03/2013  14:12:03  PAGE 6


?PR?CLOSE_MEMORY?BFM_REV_32_0                 -----    -----      -----    -----
  +--> ?PR?_DELAY?BFM_REV_32_0

?PR?_ERROR?BFM_REV_32_0                       -----    -----      -----    -----
  +--> ?PR?BLANKLCD?BFM_REV_32_0
  +--> ?PR?GETUPPERFIGERS?BFM_REV_32_0
  +--> ?PR?PRINT_LCD?BFM_REV_32_0
  +--> ?PR?LONGPEEP?BFM_REV_32_0
  +--> ?PR?_DELAY?BFM_REV_32_0

?PR?UPDATEBASICMEM?BFM_REV_32_0               -----    -----      007CH    0017H
  +--> ?CO?BFM_REV_32_0
  +--> ?PR?PREPAREWRITINGMEMORY?BFM_REV_32_0
  +--> ?PR?_FETCH_SPI?BFM_REV_32_0
  +--> ?PR?CLOSE_MEMORY?BFM_REV_32_0

?PR?READMEMORY?BFM_REV_32_0                   -----    -----      007CH    0005H
  +--> ?PR?GETNEXTADD?BFM_REV_32_0
  +--> ?PR?MEMORY_REDY?BFM_REV_32_0
  +--> ?PR?OPEN_MEMORY?BFM_REV_32_0
  +--> ?PR?_FETCH_SPI?BFM_REV_32_0
  +--> ?PR?SENTTOTHERMINAL?BFM_REV_32_0
  +--> ?PR?CLOSE_MEMORY?BFM_REV_32_0
  +--> ?PR?_ERROR?BFM_REV_32_0

?PR?GETNEXTADD?BFM_REV_32_0                   -----    -----      009AH    0001H
  +--> ?PR?MEMORY_REDY?BFM_REV_32_0
  +--> ?PR?OPEN_MEMORY?BFM_REV_32_0
  +--> ?PR?_FETCH_SPI?BFM_REV_32_0
  +--> ?PR?CLOSE_MEMORY?BFM_REV_32_0
  +--> ?PR?_ERROR?BFM_REV_32_0

?PR?UPDATE_RTC?BFM_REV_32_0                   -----    -----      -----    -----
  +--> ?PR?_RTC_CHANAL?BFM_REV_32_0
  +--> ?PR?_DELAY?BFM_REV_32_0
  +--> ?PR?_FETCH_SPI?BFM_REV_32_0
  +--> ?PR?_NUMB_2_BCD?BFM_REV_32_0

?PR?_NUMB_2_BCD?BFM_REV_32_0                  -----    -----      -----    -----
  +--> ?PR?_FETCH_SPI?BFM_REV_32_0

?PR?UPDATESIREALNUM?BFM_REV_32_0              -----    -----      007CH    0001H
  +--> ?PR?PREPAREWRITINGMEMORY?BFM_REV_32_0
  +--> ?PR?_FETCH_SPI?BFM_REV_32_0
  +--> ?PR?CLOSE_MEMORY?BFM_REV_32_0

?PR?GETSIREALNUM?BFM_REV_32_0                 -----    -----      007CH    0001H
  +--> ?PR?MEMORY_REDY?BFM_REV_32_0
  +--> ?PR?OPEN_MEMORY?BFM_REV_32_0
  +--> ?PR?_FETCH_SPI?BFM_REV_32_0
  +--> ?PR?CLOSE_MEMORY?BFM_REV_32_0
  +--> ?PR?_ERROR?BFM_REV_32_0

?PR?READMEMORYBASIC?BFM_REV_32_0              -----    -----      0077H    0001H
  +--> ?PR?MEMORY_REDY?BFM_REV_32_0
  +--> ?PR?OPEN_MEMORY?BFM_REV_32_0
  +--> ?PR?_FETCH_SPI?BFM_REV_32_0
BL51 BANKED LINKER/LOCATER V6.22                                                      10/03/2013  14:12:03  PAGE 7


  +--> ?PR?CLOSE_MEMORY?BFM_REV_32_0
  +--> ?PR?_ERROR?BFM_REV_32_0

?PR?TURN_OFF_MONITOR?BFM_REV_32_0             -----    -----      -----    -----
  +--> ?PR?PEEP?BFM_REV_32_0
  +--> ?PR?_GO_OUT?BFM_REV_32_0
  +--> ?PR?CHECK_MENU?BFM_REV_32_0
  +--> ?PR?_DELAY?BFM_REV_32_0
  +--> ?PR?LONGPEEP?BFM_REV_32_0

?PR?CHECK_MENU?BFM_REV_32_0                   -----    -----      0077H    0002H
  +--> ?PR?KEYPAD?BFM_REV_32_0
  +--> ?PR?_GO_OUT?BFM_REV_32_0
  +--> ?PR?PEEP?BFM_REV_32_0
  +--> ?PR?_SEG_CARE?BFM_REV_32_0
  +--> ?PR?RESTART_LCD?BFM_REV_32_0
  +--> ?PR?SENSOR_CHECKUP?BFM_REV_32_0
  +--> ?PR?WARMUPSENSOR?BFM_REV_32_0
  +--> ?PR?LONGPEEP?BFM_REV_32_0
  +--> ?PR?_DELAY?BFM_REV_32_0
  +--> ?PR?DISPLAYMEMORY?BFM_REV_32_0
  +--> ?PR?_LIGHT_INTENSITY?BFM_REV_32_0
  +--> ?PR?PRINTLOWCHARSEGMENT?BFM_REV_32_0
  +--> ?PR?SETUPPERFIGERS?BFM_REV_32_0
  +--> ?PR?BLANKLCD?BFM_REV_32_0
  +--> ?PR?UPDATE_RTC?BFM_REV_32_0
  +--> ?PR?CAL_LAST_24HR?BFM_REV_32_0
  +--> ?PR?START_DISPLAY?BFM_REV_32_0
  +--> ?PR?CHACKBATTRY?BFM_REV_32_0
  +--> ?PR?UPDATEBASICMEM?BFM_REV_32_0
  +--> ?PR?GET_DATE_TIME?BFM_REV_32_0
  +--> ?PR?RESET_PROB?BFM_REV_32_0
  +--> ?PR?WRITE_SETIONTO_MEM?BFM_REV_32_0
  +--> ?PR?PRINT_LCD?BFM_REV_32_0

?PR?SENSOR_CHECKUP?BFM_REV_32_0               -----    -----      0079H    0001H
  +--> ?PR?RESET_PROB?BFM_REV_32_0
  +--> ?PR?_ERROR?BFM_REV_32_0
  +--> ?PR?CHACKVALIDPROB?BFM_REV_32_0
  +--> ?PR?CHACKSOFTPROB?BFM_REV_32_0
  +--> ?PR?_DELAY?BFM_REV_32_0
  +--> ?PR?GET_THR?BFM_REV_32_0

?PR?CHACKVALIDPROB?BFM_REV_32_0               -----    -----      -----    -----
  +--> ?PR?_GO_OUT?BFM_REV_32_0
  +--> ?PR?_DELAY?BFM_REV_32_0
  +--> ?PR?CHECKINPUT?BFM_REV_32_0

?PR?CHACKSOFTPROB?BFM_REV_32_0                -----    -----      -----    -----
  +--> ?PR?_GO_OUT?BFM_REV_32_0
  +--> ?PR?_DELAY?BFM_REV_32_0
  +--> ?PR?CHECKINPUT?BFM_REV_32_0

?PR?GET_THR?BFM_REV_32_0                      -----    -----      -----    -----
  +--> ?PR?_GO_OUT?BFM_REV_32_0
  +--> ?PR?_DELAY?BFM_REV_32_0
  +--> ?PR?CHECKINPUT?BFM_REV_32_0
BL51 BANKED LINKER/LOCATER V6.22                                                      10/03/2013  14:12:03  PAGE 8



?PR?WARMUPSENSOR?BFM_REV_32_0                 -----    -----      0079H    0001H
  +--> ?PR?GET_THR?BFM_REV_32_0
  +--> ?PR?_SETHEATER?BFM_REV_32_0
  +--> ?PR?_DELAY?BFM_REV_32_0
  +--> ?PR?_ERROR?BFM_REV_32_0
  +--> ?PR?GET_DIFFERENCE?BFM_REV_32_0

?PR?_SETHEATER?BFM_REV_32_0                   -----    -----      -----    -----
  +--> ?PR?_TIRGOM?BFM_REV_32_0
  +--> ?PR?_GO_OUT?BFM_REV_32_0
  +--> ?PR?_DELAY?BFM_REV_32_0

?PR?GET_DIFFERENCE?BFM_REV_32_0               -----    -----      -----    -----
  +--> ?PR?_GO_OUT?BFM_REV_32_0
  +--> ?PR?_DELAY?BFM_REV_32_0
  +--> ?PR?CHECKINPUT?BFM_REV_32_0

?PR?DISPLAYMEMORY?BFM_REV_32_0                -----    -----      -----    -----
  +--> ?PR?FISING_MEMORY?BFM_REV_32_0
  +--> ?PR?BLANKLCD?BFM_REV_32_0
  +--> ?PR?_SEG_CARE?BFM_REV_32_0
  +--> ?PR?CHACKBATTRY?BFM_REV_32_0
  +--> ?PR?SETUPPERFIGERS?BFM_REV_32_0
  +--> ?PR?PRINTLOWCHARSEGMENT?BFM_REV_32_0
  +--> ?PR?PRINT_LCD?BFM_REV_32_0

?PR?FISING_MEMORY?BFM_REV_32_0                -----    -----      007CH    001CH
  +--> ?PR?CAL_MEMORY_ADD?BFM_REV_32_0
  +--> ?PR?MEMORY_REDY?BFM_REV_32_0
  +--> ?PR?OPEN_MEMORY?BFM_REV_32_0
  +--> ?PR?_FETCH_SPI?BFM_REV_32_0
  +--> ?PR?CLOSE_MEMORY?BFM_REV_32_0
  +--> ?PR?_ERROR?BFM_REV_32_0

?PR?CAL_MEMORY_ADD?BFM_REV_32_0               -----    -----      0098H    0002H
  +--> ?PR?GETNEXTADD?BFM_REV_32_0
  +--> ?PR?LONGPEEP?BFM_REV_32_0

?PR?PRINTLOWCHARSEGMENT?BFM_REV_32_0          -----    -----      -----    -----
  +--> ?PR?_NUM_TO_SEG_LOWER?BFM_REV_32_0

?PR?_LIGHT_INTENSITY?BFM_REV_32_0             -----    -----      -----    -----
  +--> ?PR?LONGPEEP?BFM_REV_32_0
  +--> ?PR?PEEP?BFM_REV_32_0

?PR?CAL_LAST_24HR?BFM_REV_32_0                -----    -----      0079H    0003H
  +--> ?PR?GET_DATE_TIME?BFM_REV_32_0
  +--> ?PR?GETNEXTADD?BFM_REV_32_0
  +--> ?PR?FISING_MEMORY?BFM_REV_32_0
  +--> ?PR?DISPLAY_LAST_24HR?BFM_REV_32_0

?PR?DISPLAY_LAST_24HR?BFM_REV_32_0            -----    -----      -----    -----
  +--> ?PR?BLANKLCD?BFM_REV_32_0
  +--> ?PR?PRINT_LCD?BFM_REV_32_0
  +--> ?PR?SETUPPERFIGERS?BFM_REV_32_0
  +--> ?PR?PRINTLOWCHARSEGMENT?BFM_REV_32_0
BL51 BANKED LINKER/LOCATER V6.22                                                      10/03/2013  14:12:03  PAGE 9


  +--> ?PR?_SEG_CARE?BFM_REV_32_0

?PR?WRITE_SETIONTO_MEM?BFM_REV_32_0           -----    -----      0079H    001DH
  +--> ?PR?GETNEXTADD?BFM_REV_32_0
  +--> ?PR?PREPAREWRITINGMEMORY?BFM_REV_32_0
  +--> ?PR?_FETCH_SPI?BFM_REV_32_0
  +--> ?PR?_TIRGOM?BFM_REV_32_0
  +--> ?PR?CLOSE_MEMORY?BFM_REV_32_0
  +--> ?PR?_DELAY?BFM_REV_32_0
  +--> ?PR?_MEMADDCONTROL?BFM_REV_32_0

?PR?CHACKUSB?BFM_REV_32_0                     -----    -----      -----    -----
  +--> ?PR?_SEG_CARE?BFM_REV_32_0



SYMBOL TABLE OF MODULE:  MONITOR_BFM_32_tt (BFM_REV_32_0)

  VALUE           TYPE          NAME
  ----------------------------------

  -------         MODULE        BFM_REV_32_0
  C:0000H         SYMBOL        _ICE_DUMMY_
  X:0000H         PUBLIC        HistoryMode
  X:0001H         PUBLIC        Menu_Mode
  D:00A2H         PUBLIC        SPI0CKR
  X:0002H         PUBLIC        Baby
  D:0080H         PUBLIC        P0
  D:0090H         PUBLIC        P1
  B:0020H.0       PUBLIC        Cursor
  D:00A0H         PUBLIC        P2
  D:00BCH         PUBLIC        ADC0CF
  X:0003H         PUBLIC        StabeTime
  D:00E6H         PUBLIC        EIE1
  C:18F9H         PUBLIC        Sensor_CheckUp
  B:00A8H.7       PUBLIC        EA
  X:0004H         PUBLIC        Sub_Volume
  X:0008H         PUBLIC        BurthDate
  C:24DDH         PUBLIC        _SetHeater
  D:00E8H         PUBLIC        ADC0CN
  X:000EH         PUBLIC        OK_Start
  C:0003H         PUBLIC        SentToTherminal
  D:00A4H         PUBLIC        P0MDOUT
  C:26C3H         PUBLIC        Sent_Ack
  C:230AH         PUBLIC        _Error
  D:00CBH         PUBLIC        TMR2RLH
  D:00A8H         PUBLIC        IE
  D:00A6H         PUBLIC        P2MDOUT
  B:00A0H.5       PUBLIC        LCD_CLK
  C:2632H         PUBLIC        ChackSoftProb
  X:000FH         PUBLIC        DateTime
  C:2000H         PUBLIC        _MemAddControl
  X:0019H         PUBLIC        LCD_Buffer
  D:00FCH         PUBLIC        PCA0CPH0
  B:0090H.1       PUBLIC        Kpad_2
  C:26B9H         PUBLIC        SPI0_Init
  B:0090H.2       PUBLIC        Kpad_3
BL51 BANKED LINKER/LOCATER V6.22                                                      10/03/2013  14:12:03  PAGE 10


  X:0029H         PUBLIC        SensorWatchDog
  B:00C8H.7       PUBLIC        TF2H
  B:0090H.3       PUBLIC        Kpad_4
  C:002EH         PUBLIC        GetUpperFigers
  C:21A5H         PUBLIC        Turn_off_Monitor
  X:002AH         PUBLIC        Units
  B:00A0H.1       PUBLIC        Mem_CS
  B:0090H.4       PUBLIC        Kpad_5
  X:002BH         PUBLIC        FlowFlag
  D:00DAH         PUBLIC        PCA0CPM0
  D:00D9H         PUBLIC        PCA0MD
  D:00D8H         PUBLIC        PCA0CN
  B:0090H.5       PUBLIC        Kpad_6
  X:002CH         PUBLIC        PowerSaveCunter
  B:0090H.0       PUBLIC        Kpad_7
  D:00B8H         PUBLIC        IP
  X:002DH         PUBLIC        OverDiff
  D:00E1H         PUBLIC        XBR0
  X:002FH         PUBLIC        SlvEndOfTran
  C:250EH         PUBLIC        PrintLowCharSegment
  C:223FH         PUBLIC        Restart_LCD
  D:00E2H         PUBLIC        XBR1
  X:0030H         PUBLIC        ThrmDiffBuff
  B:00A0H.4       PUBLIC        Buzzr
  D:00D1H         PUBLIC        REF0CN
  X:0036H         PUBLIC        GenBuff
  D:00C9H         PUBLIC        REG0CN
  C:1C29H         PUBLIC        SetUpperFigers
  B:00E8H.5       PUBLIC        AD0INT
  D:00C0H         PUBLIC        SMB0CN
  C:1186H         PUBLIC        main
  B:0080H.7       PUBLIC        WACT_CS
  C:2105H         PUBLIC        _Light_Intensity
  C:1AACH         PUBLIC        Cal_Last_24hr
  C:06E8H         PUBLIC        Write_SetionTo_Mem
  D:00FFH         PUBLIC        VDM0CN
  X:003CH         PUBLIC        StartTimeStatus
  X:003DH         PUBLIC        ACK_Flag
  C:2534H         PUBLIC        peep
  D:00F3H         PUBLIC        P2MDIN
  X:003EH         PUBLIC        SlaveRev
  D:00F8H         PUBLIC        SPI0CN
  X:0041H         PUBLIC        ProbOK
  C:2641H         PUBLIC        Get_Thr
  C:237EH         PUBLIC        Update_RTC
  X:0042H         PUBLIC        NumOfBabies
  C:26D9H         PUBLIC        _LCD_CS_Mode
  X:0043H         PUBLIC        Pos
  X:0044H         PUBLIC        InFlag
  C:26D3H         PUBLIC        _RTC_chanal
  D:0089H         PUBLIC        TMOD
  D:0088H         PUBLIC        TCON
  C:2482H         PUBLIC        Timer2
  X:0045H         PUBLIC        OutFlag
  C:26DFH         PUBLIC        _LCD_DATA_Mode
  C:22C9H         PUBLIC        GetSirealNum
  D:00C8H         PUBLIC        TMR2CN
BL51 BANKED LINKER/LOCATER V6.22                                                      10/03/2013  14:12:03  PAGE 11


  C:25E0H         PUBLIC        _Fetch_SPI
  C:2576H         PUBLIC        Reset_LCD
  X:0046H         PUBLIC        MeterOnFlag
  C:24B9H         PUBLIC        PrepareWritingMemory
  D:00D6H         PUBLIC        P2SKIP
  X:0047H         PUBLIC        MainThrBuff
  C:2600H         PUBLIC        PORT_Init
  C:1CA3H         PUBLIC        WarmUPSensor
  C:0BCFH         PUBLIC        Metering_ON
  C:2555H         PUBLIC        Longpeep
  C:26AFH         PUBLIC        BlankLCD
  X:0049H         PUBLIC        ClockQ
  D:00A9H         PUBLIC        CLKSEL
  C:2346H         PUBLIC        KeyPad
  X:004AH         PUBLIC        VolumeOf_24H
  C:1589H         PUBLIC        Fising_Memory
  D:00B2H         PUBLIC        OSCICN
  C:1860H         PUBLIC        _Num_To_Seg_Lower
  C:2421H         SYMBOL        _?ix1000
  C:243EH         SYMBOL        _?ix1001
  C:1D18H         PUBLIC        Print_LCD
  X:004CH         PUBLIC        DelayT
  X:004DH         PUBLIC        CompThrBuff
  C:2623H         PUBLIC        ChackUSB
  B:00A0H.7       PUBLIC        LCD_CS
  X:004FH         PUBLIC        PrevKey
  D:00B9H         PUBLIC        CLKMUL
  C:267CH         PUBLIC        PCA_Init
  B:0098H.0       PUBLIC        RI0
  X:0050H         PUBLIC        Comm_Buffer
  C:1DF5H         PUBLIC        Start_Display
  B:0098H.1       PUBLIC        TI0
  D:008DH         PUBLIC        TH1
  C:1BADH         PUBLIC        UartIsr
  C:1FD1H         PUBLIC        GetNextAdd
  B:00A0H.6       PUBLIC        LCD_DATA
  C:1F18H         PUBLIC        _Send_LCD_comm
  C:25ACH         PUBLIC        _Numb_2_BCD
  B:00A0H.3       PUBLIC        SWICTH
  X:005EH         PUBLIC        ChargeMode
  X:005FH         PUBLIC        LightDisplay
  C:1E53H         PUBLIC        _Num_To_Seg
  C:26CCH         PUBLIC        Close_Memory
  B:0088H.4       PUBLIC        TR0
  X:0061H         PUBLIC        Segment
  C:16ADH         PUBLIC        ChackBattry
  B:0088H.6       PUBLIC        TR1
  C:0056H         PUBLIC        Check_Menu
  C:20AFH         PUBLIC        DisplayMemory
  C:23B5H         PUBLIC        Update_TimeDate
  C:2156H         PUBLIC        Cal_Memory_Add
  C:13DFH         PUBLIC        _SEG_care
  X:0062H         PUBLIC        BuffZ
  C:1EB8H         PUBLIC        ReadMemoryBasic
  D:0099H         PUBLIC        SBUF0
  X:0066H         PUBLIC        Scalibration
  D:00EFH         PUBLIC        RSTSRC
BL51 BANKED LINKER/LOCATER V6.22                                                      10/03/2013  14:12:03  PAGE 12


  C:0026H         PUBLIC        UART0_Init
  D:0098H         PUBLIC        SCON0
  D:00BAH         PUBLIC        AMX0N
  B:00A0H.2       PUBLIC        SW_OFF
  C:2696H         PUBLIC        ChackValidProb
  X:0067H         PUBLIC        Feed_Time
  D:00BBH         PUBLIC        AMX0P
  C:2591H         PUBLIC        A_TO_D
  B:0090H.6       PUBLIC        USB_ON
  X:0068H         PUBLIC        SoftRevOK
  X:0069H         PUBLIC        HtrPwr
  X:006AH         PUBLIC        BuffLength
  C:1D83H         PUBLIC        UpdateBasicMem
  X:006BH         PUBLIC        StabeFlag
  X:006CH         PUBLIC        Clock
  D:00A1H         PUBLIC        SPI0CFG
  C:245BH         PUBLIC        _GO_OUT
  C:2613H         PUBLIC        ADC0_Init
  C:2058H         PUBLIC        _BCD_2_NUMB
  D:008EH         PUBLIC        CKCON
  X:006EH         PUBLIC        CursorClock
  X:006FH         PUBLIC        MemoryReadCunter
  C:0020H         PUBLIC        Open_Memory
  C:2689H         PUBLIC        _Delay
  C:2650H         PUBLIC        Get_Difference
  C:21F4H         PUBLIC        Display_Last_24hr
  C:2287H         PUBLIC        Get_Date_Time
  C:23ECH         PUBLIC        Memory_Redy
  C:0800H         PUBLIC        CheckInput
  X:0070H         PUBLIC        BattryLevel
  C:1F7EH         PUBLIC        _Tirgom
  C:26E5H         PUBLIC        _LCD_CLK_Mode
  D:00A3H         PUBLIC        SPI0DAT
  D:00BDH         PUBLIC        ADC0
  C:25C4H         PUBLIC        Timer_Init
  B:00E8H.4       PUBLIC        AD0BUSY
  D:00D0H         PUBLIC        PSW
  C:266EH         PUBLIC        Reset_Prob
  X:0072H         PUBLIC        Volume
  C:198FH         PUBLIC        ReadMemory
  X:0074H         PUBLIC        FeedSide
  C:1B2EH         PUBLIC        UpdateSirealNum
  -------         PROC          RESTART_LCD
  -------         DO            
  D:0007H         SYMBOL        a
  -------         ENDDO         
  C:223FH         LINE#         27
  C:223FH         LINE#         28
  C:223FH         LINE#         32
  C:2248H         LINE#         33
  C:224DH         LINE#         34
  C:2256H         LINE#         35
  C:225BH         LINE#         36
  C:2264H         LINE#         37
  C:2269H         LINE#         40
  C:2273H         LINE#         41
  C:2276H         LINE#         42
BL51 BANKED LINKER/LOCATER V6.22                                                      10/03/2013  14:12:03  PAGE 13


  C:227BH         LINE#         45
  C:227EH         LINE#         46
  C:2281H         LINE#         47
  C:2284H         LINE#         48
  -------         ENDPROC       RESTART_LCD
  -------         PROC          BLANKLCD
  -------         DO            
  D:0007H         SYMBOL        a
  -------         ENDDO         
  C:26AFH         LINE#         54
  C:26AFH         LINE#         55
  C:26AFH         LINE#         58
  C:26B8H         LINE#         59
  -------         ENDPROC       BLANKLCD
  -------         PROC          RESET_LCD
  -------         DO            
  D:0007H         SYMBOL        a
  -------         ENDDO         
  C:2576H         LINE#         65
  C:2576H         LINE#         66
  C:2576H         LINE#         68
  C:257BH         LINE#         69
  C:2580H         LINE#         70
  C:2585H         LINE#         71
  C:258CH         LINE#         72
  -------         ENDPROC       RESET_LCD
  -------         PROC          _SEND_LCD_COMM
  X:00B8H         SYMBOL        b
  X:00BAH         SYMBOL        pos
  -------         DO            
  X:00BBH         SYMBOL        a
  D:0007H         SYMBOL        x
  -------         ENDDO         
  C:1F18H         LINE#         81
  C:1F22H         LINE#         82
  C:1F22H         LINE#         84
  C:1F25H         LINE#         87
  C:1F3BH         LINE#         88
  C:1F49H         LINE#         89
  C:1F51H         LINE#         90
  C:1F56H         LINE#         91
  C:1F5DH         LINE#         92
  C:1F62H         LINE#         93
  C:1F69H         LINE#         94
  C:1F6EH         LINE#         95
  C:1F75H         LINE#         97
  -------         ENDPROC       _SEND_LCD_COMM
  -------         PROC          PRINT_LCD
  -------         DO            
  X:00B5H         SYMBOL        a
  X:00B6H         SYMBOL        SEG
  X:00B7H         SYMBOL        c
  D:0007H         SYMBOL        x
  -------         ENDDO         
  C:1D18H         LINE#         112
  C:1D18H         LINE#         113
  C:1D18H         LINE#         117
BL51 BANKED LINKER/LOCATER V6.22                                                      10/03/2013  14:12:03  PAGE 14


  C:1D1BH         LINE#         118
  C:1D24H         LINE#         121
  C:1D33H         LINE#         122
  C:1D3BH         LINE#         123
  C:1D3EH         LINE#         124
  C:1D48H         LINE#         125
  C:1D4DH         LINE#         126
  C:1D54H         LINE#         127
  C:1D59H         LINE#         128
  C:1D60H         LINE#         129
  C:1D65H         LINE#         130
  C:1D6BH         LINE#         131
  C:1D77H         LINE#         132
  C:1D7EH         LINE#         133
  -------         ENDPROC       PRINT_LCD
  -------         PROC          MEMORY_REDY
  -------         DO            
  X:00B5H         SYMBOL        a
  -------         ENDDO         
  C:23ECH         LINE#         66
  C:23ECH         LINE#         67
  C:23ECH         LINE#         70
  C:23F0H         LINE#         71
  C:23F3H         LINE#         72
  C:23F8H         LINE#         74
  C:2401H         LINE#         75
  C:240EH         LINE#         76
  C:2411H         LINE#         77
  C:241EH         LINE#         78
  C:2420H         LINE#         79
  -------         ENDPROC       MEMORY_REDY
  -------         PROC          GETNEXTADD
  -------         DO            
  X:009AH         SYMBOL        a
  -------         ENDDO         
  C:1FD1H         LINE#         84
  C:1FD1H         LINE#         85
  C:1FD1H         LINE#         88
  C:1FD7H         LINE#         89
  C:1FDAH         LINE#         90
  C:1FDFH         LINE#         91
  C:1FE4H         LINE#         92
  C:1FE9H         LINE#         94
  C:1FF2H         LINE#         95
  C:1FF5H         LINE#         96
  C:1FFAH         LINE#         97
  C:1FFAH         LINE#         98
  C:1FFFH         LINE#         100
  -------         ENDPROC       GETNEXTADD
  -------         PROC          _MEMADDCONTROL
  X:0096H         SYMBOL        Page
  -------         DO            
  X:0097H         SYMBOL        a
  X:0098H         SYMBOL        name
  -------         ENDDO         
  C:2000H         LINE#         105
  C:2004H         LINE#         106
BL51 BANKED LINKER/LOCATER V6.22                                                      10/03/2013  14:12:03  PAGE 15


  C:2004H         LINE#         108
  C:200EH         LINE#         110
  C:2011H         LINE#         112
  C:2016H         LINE#         113
  C:201BH         LINE#         114
  C:2022H         LINE#         115
  C:2027H         LINE#         116
  C:202CH         LINE#         117
  C:2031H         LINE#         118
  C:2036H         LINE#         119
  C:2055H         LINE#         120
  -------         ENDPROC       _MEMADDCONTROL
  -------         PROC          UPDATESIREALNUM
  -------         DO            
  X:007CH         SYMBOL        a
  -------         ENDDO         
  C:1B2EH         LINE#         129
  C:1B2EH         LINE#         130
  C:1B2EH         LINE#         135
  C:1B31H         LINE#         136
  C:1B36H         LINE#         137
  C:1B3BH         LINE#         139
  C:1B40H         LINE#         140
  C:1B45H         LINE#         141
  C:1B5EH         LINE#         142
  C:1B63H         LINE#         143
  C:1B68H         LINE#         144
  C:1B6DH         LINE#         146
  C:1B72H         LINE#         147
  C:1B77H         LINE#         148
  C:1B7CH         LINE#         149
  C:1B81H         LINE#         150
  C:1B86H         LINE#         152
  C:1BA5H         LINE#         153
  C:1BAAH         LINE#         154
  -------         ENDPROC       UPDATESIREALNUM
  -------         PROC          UPDATEBASICMEM
  -------         DO            
  X:007CH         SYMBOL        a
  X:007DH         SYMBOL        name
  -------         ENDDO         
  C:1D83H         LINE#         161
  C:1D83H         LINE#         162
  C:1D83H         LINE#         164
  C:1D8DH         LINE#         167
  C:1D90H         LINE#         168
  C:1D95H         LINE#         169
  C:1D9AH         LINE#         171
  C:1D9FH         LINE#         172
  C:1DA4H         LINE#         173
  C:1DBDH         LINE#         174
  C:1DC2H         LINE#         175
  C:1DC7H         LINE#         176
  C:1DCCH         LINE#         180
  C:1DEBH         LINE#         181
  -------         ENDPROC       UPDATEBASICMEM
  -------         PROC          GETSIREALNUM
BL51 BANKED LINKER/LOCATER V6.22                                                      10/03/2013  14:12:03  PAGE 16


  -------         DO            
  X:007CH         SYMBOL        a
  -------         ENDDO         
  C:22C9H         LINE#         190
  C:22C9H         LINE#         191
  C:22C9H         LINE#         193
  C:22D1H         LINE#         194
  C:22D4H         LINE#         195
  C:22D9H         LINE#         196
  C:22DEH         LINE#         197
  C:22E3H         LINE#         200
  C:2301H         LINE#         201
  C:2304H         LINE#         202
  C:2304H         LINE#         203
  C:2309H         LINE#         204
  -------         ENDPROC       GETSIREALNUM
  -------         PROC          READMEMORYBASIC
  -------         DO            
  X:0077H         SYMBOL        a
  -------         ENDDO         
  C:1EB8H         LINE#         209
  C:1EB8H         LINE#         210
  C:1EB8H         LINE#         214
  C:1EC0H         LINE#         215
  C:1EC3H         LINE#         216
  C:1EC8H         LINE#         217
  C:1ECDH         LINE#         218
  C:1ED2H         LINE#         221
  C:1EF4H         LINE#         223
  C:1EF9H         LINE#         225
  C:1F04H         LINE#         227
  C:1F0FH         LINE#         228
  C:1F12H         LINE#         229
  C:1F12H         LINE#         230
  C:1F17H         LINE#         231
  -------         ENDPROC       READMEMORYBASIC
  -------         PROC          READMEMORY
  -------         DO            
  X:007CH         SYMBOL        a
  X:007EH         SYMBOL        add
  X:0080H         SYMBOL        b
  -------         ENDDO         
  C:198FH         LINE#         241
  C:198FH         LINE#         242
  C:198FH         LINE#         246
  C:199CH         LINE#         247
  C:19B0H         LINE#         249
  C:19B8H         LINE#         250
  C:19BBH         LINE#         251
  C:19C0H         LINE#         252
  C:19C5H         LINE#         253
  C:19CAH         LINE#         257
  C:19E9H         LINE#         258
  C:1A07H         LINE#         259
  C:1A0AH         LINE#         260
  C:1A17H         LINE#         261
  C:1A1AH         LINE#         262
BL51 BANKED LINKER/LOCATER V6.22                                                      10/03/2013  14:12:03  PAGE 17


  C:1A1AH         LINE#         263
  C:1A1FH         LINE#         264
  -------         ENDPROC       READMEMORY
  -------         PROC          WRITE_SETIONTO_MEM
  -------         DO            
  X:0079H         SYMBOL        a
  X:007AH         SYMBOL        b
  X:007BH         SYMBOL        Addres
  X:007DH         SYMBOL        Record
  -------         ENDDO         
  C:06E8H         LINE#         270
  C:06E8H         LINE#         271
  C:06E8H         LINE#         276
  C:06EFH         LINE#         277
  C:0703H         LINE#         279
  C:0706H         LINE#         281
  C:0710H         LINE#         282
  C:0718H         LINE#         283
  C:071DH         LINE#         285
  C:072AH         LINE#         286
  C:072DH         LINE#         287
  C:0732H         LINE#         289
  C:0758H         LINE#         291
  C:075DH         LINE#         293
  C:076AH         LINE#         294
  C:076DH         LINE#         295
  C:0772H         LINE#         297
  C:0775H         LINE#         298
  C:077DH         LINE#         299
  C:0785H         LINE#         300
  C:0789H         LINE#         302
  C:0793H         LINE#         303
  C:079BH         LINE#         304
  C:07A3H         LINE#         305
  C:07ABH         LINE#         306
  C:07B3H         LINE#         308
  C:07C0H         LINE#         309
  C:07C3H         LINE#         310
  C:07C8H         LINE#         312
  C:07E7H         LINE#         313
  C:07EAH         LINE#         314
  C:07EFH         LINE#         315
  C:07F4H         LINE#         316
  -------         ENDPROC       WRITE_SETIONTO_MEM
  -------         PROC          FISING_MEMORY
  -------         DO            
  X:007CH         SYMBOL        Addres
  X:007EH         SYMBOL        a
  X:007FH         SYMBOL        memory
  -------         ENDDO         
  C:1589H         LINE#         323
  C:1589H         LINE#         324
  C:1589H         LINE#         329
  C:1593H         LINE#         331
  C:159DH         LINE#         332
  C:15A0H         LINE#         333
  C:15A5H         LINE#         334
BL51 BANKED LINKER/LOCATER V6.22                                                      10/03/2013  14:12:03  PAGE 18


  C:15AFH         LINE#         335
  C:15B7H         LINE#         337
  C:15D9H         LINE#         339
  C:15DCH         LINE#         341
  C:15E2H         LINE#         342
  C:15E8H         LINE#         343
  C:15EEH         LINE#         344
  C:15F4H         LINE#         345
  C:15FAH         LINE#         346
  C:1600H         LINE#         347
  C:1606H         LINE#         348
  C:160CH         LINE#         349
  C:1612H         LINE#         350
  C:1618H         LINE#         354
  C:1622H         LINE#         355
  C:162BH         LINE#         356
  C:1631H         LINE#         357
  C:1649H         LINE#         358
  C:1661H         LINE#         359
  C:1677H         LINE#         360
  C:1688H         LINE#         362
  C:168DH         LINE#         363
  C:1697H         LINE#         364
  C:169BH         LINE#         365
  C:16A6H         LINE#         368
  C:16A7H         LINE#         369
  C:16ACH         LINE#         370
  -------         ENDPROC       FISING_MEMORY
  -------         PROC          CAL_MEMORY_ADD
  -------         DO            
  X:0098H         SYMBOL        Addres
  -------         ENDDO         
  C:2156H         LINE#         375
  C:2156H         LINE#         376
  C:2156H         LINE#         379
  C:2173H         LINE#         380
  C:217DH         LINE#         381
  C:2182H         LINE#         382
  C:218AH         LINE#         383
  C:218DH         LINE#         384
  C:218DH         LINE#         385
  C:21A4H         LINE#         386
  C:21A4H         LINE#         387
  -------         ENDPROC       CAL_MEMORY_ADD
  -------         PROC          DISPLAYMEMORY
  C:20AFH         LINE#         392
  C:20AFH         LINE#         393
  C:20AFH         LINE#         394
  C:20B2H         LINE#         395
  C:20B5H         LINE#         399
  C:20C0H         LINE#         400
  C:20C5H         LINE#         403
  C:20D1H         LINE#         404
  C:20D6H         LINE#         406
  C:20DDH         LINE#         407
  C:20E4H         LINE#         408
  C:20EBH         LINE#         409
BL51 BANKED LINKER/LOCATER V6.22                                                      10/03/2013  14:12:03  PAGE 19


  C:20F2H         LINE#         410
  C:20F9H         LINE#         411
  C:20FCH         LINE#         412
  C:20FFH         LINE#         413
  C:2102H         LINE#         414
  -------         ENDPROC       DISPLAYMEMORY
  -------         PROC          L?0723
  -------         ENDPROC       L?0723
  -------         PROC          PREPAREWRITINGMEMORY
  C:24B9H         LINE#         425
  C:24B9H         LINE#         426
  C:24B9H         LINE#         427
  C:24BFH         LINE#         428
  C:24C2H         LINE#         429
  C:24C7H         LINE#         430
  C:24CAH         LINE#         431
  C:24CFH         LINE#         432
  C:24D2H         LINE#         433
  C:24D7H         LINE#         434
  C:24D7H         LINE#         435
  C:24DCH         LINE#         436
  -------         ENDPROC       PREPAREWRITINGMEMORY
  -------         PROC          CAL_LAST_24HR
  -------         DO            
  D:0007H         SYMBOL        MemoryDay
  D:0006H         SYMBOL        MemoryHour
  X:0079H         SYMBOL        NowDay
  X:007AH         SYMBOL        NowHour
  X:007BH         SYMBOL        Maddres
  -------         ENDDO         
  C:1AACH         LINE#         443
  C:1AACH         LINE#         444
  C:1AACH         LINE#         448
  C:1AAFH         LINE#         449
  C:1AB6H         LINE#         451
  C:1AC4H         LINE#         452
  C:1AD2H         LINE#         454
  C:1AD2H         LINE#         455
  C:1AD5H         LINE#         456
  C:1ADBH         LINE#         458
  C:1AE7H         LINE#         459
  C:1AF3H         LINE#         461
  C:1B03H         LINE#         463
  C:1B17H         LINE#         464
  C:1B24H         LINE#         465
  C:1B29H         LINE#         466
  C:1B2BH         LINE#         468
  -------         ENDPROC       CAL_LAST_24HR
  -------         PROC          DISPLAY_LAST_24HR
  C:21F4H         LINE#         477
  C:21F4H         LINE#         478
  C:21F4H         LINE#         479
  C:21F7H         LINE#         480
  C:21FAH         LINE#         481
  C:2207H         LINE#         482
  C:220CH         LINE#         483
  C:2210H         LINE#         484
BL51 BANKED LINKER/LOCATER V6.22                                                      10/03/2013  14:12:03  PAGE 20


  C:2214H         LINE#         485
  C:2217H         LINE#         486
  C:221CH         LINE#         487
  C:221EH         LINE#         488
  C:2220H         LINE#         489
  C:2222H         LINE#         490
  C:2224H         LINE#         491
  C:2226H         LINE#         494
  C:2229H         LINE#         495
  C:222CH         LINE#         496
  C:2237H         LINE#         497
  C:223CH         LINE#         499
  -------         ENDPROC       DISPLAY_LAST_24HR
  -------         PROC          _NUMB_2_BCD
  D:0007H         SYMBOL        Num
  -------         DO            
  D:0006H         SYMBOL        ezer
  -------         ENDDO         
  C:25ACH         LINE#         35
  C:25ACH         LINE#         36
  C:25ACH         LINE#         39
  C:25B3H         LINE#         40
  C:25B7H         LINE#         41
  C:25C0H         LINE#         42
  -------         ENDPROC       _NUMB_2_BCD
  -------         PROC          UPDATE_RTC
  C:237EH         LINE#         50
  C:237EH         LINE#         51
  C:237EH         LINE#         54
  C:2383H         LINE#         55
  C:2388H         LINE#         56
  C:238DH         LINE#         57
  C:2392H         LINE#         58
  C:2397H         LINE#         59
  C:239CH         LINE#         60
  C:23A1H         LINE#         61
  C:23A6H         LINE#         62
  C:23ABH         LINE#         63
  C:23B0H         LINE#         64
  -------         ENDPROC       UPDATE_RTC
  -------         PROC          _BCD_2_NUMB
  X:007CH         SYMBOL        Num
  -------         DO            
  D:0007H         SYMBOL        ezer
  -------         ENDDO         
  C:2058H         LINE#         72
  C:205CH         LINE#         73
  C:205CH         LINE#         77
  C:2061H         LINE#         78
  C:206EH         LINE#         79
  C:207FH         LINE#         84
  C:20AEH         LINE#         87
  -------         ENDPROC       _BCD_2_NUMB
  -------         PROC          UPDATE_TIMEDATE
  C:23B5H         LINE#         93
  C:23B5H         LINE#         94
  C:23B5H         LINE#         98
BL51 BANKED LINKER/LOCATER V6.22                                                      10/03/2013  14:12:03  PAGE 21


  C:23BAH         LINE#         99
  C:23BFH         LINE#         100
  C:23C4H         LINE#         101
  C:23C9H         LINE#         102
  C:23CEH         LINE#         103
  C:23D3H         LINE#         104
  C:23D8H         LINE#         105
  C:23DDH         LINE#         106
  C:23E2H         LINE#         107
  C:23E7H         LINE#         108
  -------         ENDPROC       UPDATE_TIMEDATE
  -------         PROC          MAIN
  -------         DO            
  X:0075H         SYMBOL        a
  -------         ENDDO         
  C:1186H         LINE#         266
  C:1186H         LINE#         267
  C:1186H         LINE#         270
  C:1188H         LINE#         271
  C:118BH         LINE#         276
  C:118EH         LINE#         278
  C:1191H         LINE#         279
  C:11ABH         LINE#         280
  C:11AEH         LINE#         281
  C:11B3H         LINE#         282
  C:11B6H         LINE#         283
  C:11B9H         LINE#         285
  C:11BCH         LINE#         286
  C:11D7H         LINE#         288
  C:11DAH         LINE#         290
  C:11DDH         LINE#         291
  C:11E0H         LINE#         292
  C:11E3H         LINE#         293
  C:11E6H         LINE#         294
  C:11E9H         LINE#         295
  C:11ECH         LINE#         301
  C:11EFH         LINE#         302
  C:11F2H         LINE#         303
  C:11F5H         LINE#         306
  C:11F7H         LINE#         309
  C:11FBH         LINE#         310
  C:11FEH         LINE#         311
  C:1201H         LINE#         312
  C:1204H         LINE#         313
  C:1206H         LINE#         315
  C:1209H         LINE#         316
  C:120CH         LINE#         317
  C:120FH         LINE#         320
  C:1214H         LINE#         321
  C:1218H         LINE#         322
  C:121CH         LINE#         323
  C:121FH         LINE#         324
  C:1222H         LINE#         325
  C:1225H         LINE#         326
  C:122AH         LINE#         327
  C:1233H         LINE#         328
  C:1238H         LINE#         329
BL51 BANKED LINKER/LOCATER V6.22                                                      10/03/2013  14:12:03  PAGE 22


  C:123CH         LINE#         330
  C:123FH         LINE#         331
  C:1246H         LINE#         334
  C:1249H         LINE#         335
  C:124EH         LINE#         336
  C:1251H         LINE#         337
  C:1256H         LINE#         338
  C:1259H         LINE#         339
  C:125EH         LINE#         340
  C:1261H         LINE#         341
  C:1266H         LINE#         344
  C:1268H         LINE#         345
  C:126DH         LINE#         346
  C:1272H         LINE#         347
  C:1274H         LINE#         348
  C:1277H         LINE#         349
  C:127AH         LINE#         350
  C:127DH         LINE#         351
  C:1280H         LINE#         353
  C:1283H         LINE#         360
  C:1283H         LINE#         362
  C:1289H         LINE#         363
  C:1294H         LINE#         364
  C:129DH         LINE#         366
  C:12A9H         LINE#         367
  C:12C6H         LINE#         368
  C:12CAH         LINE#         369
  C:12CDH         LINE#         370
  C:12D4H         LINE#         371
  C:12E6H         LINE#         372
  C:12FFH         LINE#         373
  C:131FH         LINE#         374
  C:1322H         LINE#         375
  C:1322H         LINE#         376
  C:1324H         LINE#         377
  C:1327H         LINE#         378
  C:132AH         LINE#         379
  C:132DH         LINE#         388
  C:133BH         LINE#         389
  C:1365H         LINE#         391
  C:136BH         LINE#         392
  C:136EH         LINE#         395
  C:137EH         LINE#         396
  C:1383H         LINE#         397
  C:1387H         LINE#         398
  C:138BH         LINE#         399
  C:138BH         LINE#         400
  C:13AEH         LINE#         401
  C:13B1H         LINE#         402
  C:13B3H         LINE#         403
  C:13B3H         LINE#         405
  C:13B3H         LINE#         406
  C:13BBH         LINE#         407
  C:13D3H         LINE#         408
  -------         ENDPROC       MAIN
  -------         PROC          PORT_INIT
  C:2600H         LINE#         433
BL51 BANKED LINKER/LOCATER V6.22                                                      10/03/2013  14:12:03  PAGE 23


  C:2600H         LINE#         434
  C:2600H         LINE#         438
  C:2603H         LINE#         450
  C:2606H         LINE#         452
  C:2609H         LINE#         453
  C:260CH         LINE#         461
  C:260FH         LINE#         464
  C:2612H         LINE#         466
  -------         ENDPROC       PORT_INIT
  -------         PROC          UART0_INIT
  C:0026H         LINE#         474
  C:0026H         LINE#         475
  C:0026H         LINE#         476
  C:0029H         LINE#         480
  -------         ENDPROC       UART0_INIT
  -------         PROC          ADC0_INIT
  C:2613H         LINE#         488
  C:2613H         LINE#         489
  C:2613H         LINE#         490
  C:2616H         LINE#         491
  C:2619H         LINE#         492
  C:261CH         LINE#         493
  C:261FH         LINE#         494
  C:2622H         LINE#         495
  -------         ENDPROC       ADC0_INIT
  -------         PROC          SPI0_INIT
  C:26B9H         LINE#         506
  C:26B9H         LINE#         507
  C:26B9H         LINE#         508
  C:26BCH         LINE#         510
  C:26BFH         LINE#         511
  C:26C2H         LINE#         512
  -------         ENDPROC       SPI0_INIT
  -------         PROC          TIMER_INIT
  C:25C4H         LINE#         518
  C:25C4H         LINE#         519
  C:25C4H         LINE#         522
  C:25C7H         LINE#         523
  C:25CAH         LINE#         524
  C:25CDH         LINE#         526
  C:25D0H         LINE#         527
  C:25D3H         LINE#         533
  C:25D5H         LINE#         534
  C:25D7H         LINE#         537
  -------         ENDPROC       TIMER_INIT
  -------         PROC          PCA_INIT
  C:267CH         LINE#         545
  C:267CH         LINE#         546
  C:267CH         LINE#         548
  C:267FH         LINE#         549
  C:2682H         LINE#         550
  C:2685H         LINE#         551
  C:2688H         LINE#         568
  -------         ENDPROC       PCA_INIT
  -------         PROC          _DELAY
  D:0007H         SYMBOL        z
  C:2689H         LINE#         576
BL51 BANKED LINKER/LOCATER V6.22                                                      10/03/2013  14:12:03  PAGE 24


  C:2689H         LINE#         577
  C:2689H         LINE#         578
  C:268DH         LINE#         579
  C:2695H         LINE#         582
  -------         ENDPROC       _DELAY
  C:1DEEH         SYMBOL        L?0720
  -------         PROC          L?0719
  -------         ENDPROC       L?0719
  C:1DEEH         SYMBOL        L?0720
  -------         PROC          START_DISPLAY
  C:1DF5H         LINE#         589
  C:1DF5H         LINE#         590
  C:1DF5H         LINE#         591
  C:1DF9H         LINE#         592
  C:1DFEH         LINE#         595
  C:1E09H         LINE#         596
  C:1E0EH         LINE#         599
  C:1E15H         LINE#         600
  C:1E1CH         LINE#         601
  C:1E20H         LINE#         602
  C:1E27H         LINE#         603
  C:1E2EH         LINE#         606
  C:1E35H         LINE#         607
  C:1E38H         LINE#         609
  C:1E3BH         LINE#         610
  C:1E42H         LINE#         612
  C:1E49H         LINE#         614
  C:1E50H         LINE#         615
  -------         ENDPROC       START_DISPLAY
  -------         PROC          CHACKBATTRY
  C:16ADH         LINE#         627
  C:16ADH         LINE#         628
  C:16ADH         LINE#         629
  C:16B4H         LINE#         630
  C:16B6H         LINE#         631
  C:16B9H         LINE#         634
  C:16C5H         LINE#         635
  C:16CCH         LINE#         636
  C:16D3H         LINE#         637
  C:16DAH         LINE#         638
  C:16DAH         LINE#         639
  C:16E6H         LINE#         640
  C:16EDH         LINE#         641
  C:16F4H         LINE#         642
  C:16FBH         LINE#         643
  C:16FBH         LINE#         644
  C:1707H         LINE#         645
  C:170EH         LINE#         646
  C:1715H         LINE#         647
  C:171CH         LINE#         648
  C:171CH         LINE#         649
  C:1728H         LINE#         650
  C:172FH         LINE#         651
  C:1736H         LINE#         652
  C:173DH         LINE#         653
  C:1740H         LINE#         654
  C:1742H         LINE#         655
BL51 BANKED LINKER/LOCATER V6.22                                                      10/03/2013  14:12:03  PAGE 25


  C:1742H         LINE#         656
  C:1746H         LINE#         657
  C:175AH         LINE#         658
  C:1776H         LINE#         659
  C:1779H         LINE#         660
  C:177EH         LINE#         661
  C:1783H         LINE#         662
  C:1783H         LINE#         663
  C:1788H         LINE#         664
  C:178BH         LINE#         665
  C:178EH         LINE#         666
  C:178FH         LINE#         667
  C:178FH         LINE#         669
  -------         ENDPROC       CHACKBATTRY
  -------         PROC          _NUM_TO_SEG
  D:0007H         SYMBOL        num
  -------         DO            
  D:0006H         SYMBOL        SEG
  -------         ENDDO         
  C:1E53H         LINE#         675
  C:1E53H         LINE#         676
  C:1E53H         LINE#         681
  C:1E7FH         LINE#         682
  C:1E83H         LINE#         683
  C:1E87H         LINE#         684
  C:1E8BH         LINE#         685
  C:1E8FH         LINE#         686
  C:1E93H         LINE#         687
  C:1E97H         LINE#         688
  C:1E9BH         LINE#         689
  C:1E9FH         LINE#         690
  C:1EA3H         LINE#         691
  C:1EA7H         LINE#         692
  C:1EABH         LINE#         694
  C:1EAFH         LINE#         695
  C:1EB3H         LINE#         698
  C:1EB5H         LINE#         699
  C:1EB5H         LINE#         701
  C:1EB7H         LINE#         703
  -------         ENDPROC       _NUM_TO_SEG
  -------         PROC          _NUM_TO_SEG_LOWER
  D:0007H         SYMBOL        num
  D:0005H         SYMBOL        Pos
  -------         DO            
  X:007CH         SYMBOL        SEG
  -------         ENDDO         
  C:1860H         LINE#         711
  C:1860H         LINE#         712
  C:1860H         LINE#         715
  C:186BH         LINE#         716
  C:186BH         LINE#         718
  C:189AH         LINE#         719
  C:189CH         LINE#         720
  C:18A3H         LINE#         721
  C:18AAH         LINE#         722
  C:18B1H         LINE#         723
  C:18B8H         LINE#         724
BL51 BANKED LINKER/LOCATER V6.22                                                      10/03/2013  14:12:03  PAGE 26


  C:18BFH         LINE#         725
  C:18C6H         LINE#         726
  C:18CDH         LINE#         727
  C:18D4H         LINE#         728
  C:18DBH         LINE#         729
  C:18E2H         LINE#         730
  C:18E9H         LINE#         731
  C:18EFH         LINE#         732
  C:18F4H         LINE#         733
  C:18F4H         LINE#         734
  C:18F4H         LINE#         735
  C:18F8H         LINE#         738
  -------         ENDPROC       _NUM_TO_SEG_LOWER
  -------         PROC          L?0716
  -------         ENDPROC       L?0716
  -------         PROC          _SEG_CARE
  D:0007H         SYMBOL        Dcod
  D:0005H         SYMBOL        ON
  -------         DO            
  D:0006H         SYMBOL        a
  -------         ENDDO         
  C:13DFH         LINE#         740
  C:13DFH         LINE#         741
  C:13DFH         LINE#         744
  C:1420H         LINE#         746
  C:1424H         LINE#         747
  C:1429H         LINE#         748
  C:142FH         LINE#         749
  C:1430H         LINE#         751
  C:1434H         LINE#         752
  C:1439H         LINE#         753
  C:143FH         LINE#         754
  C:1440H         LINE#         756
  C:1444H         LINE#         757
  C:1449H         LINE#         758
  C:144FH         LINE#         759
  C:1450H         LINE#         761
  C:1454H         LINE#         762
  C:1459H         LINE#         763
  C:145FH         LINE#         764
  C:1460H         LINE#         766
  C:1464H         LINE#         767
  C:1469H         LINE#         768
  C:146FH         LINE#         769
  C:1470H         LINE#         772
  C:1474H         LINE#         773
  C:147CH         LINE#         774
  C:147FH         LINE#         775
  C:1481H         LINE#         777
  C:1485H         LINE#         778
  C:148DH         LINE#         779
  C:1490H         LINE#         780
  C:1492H         LINE#         782
  C:1496H         LINE#         783
  C:149EH         LINE#         784
  C:14A1H         LINE#         785
  C:14A3H         LINE#         787
BL51 BANKED LINKER/LOCATER V6.22                                                      10/03/2013  14:12:03  PAGE 27


  C:14A7H         LINE#         788
  C:14AFH         LINE#         789
  C:14B2H         LINE#         790
  C:14B4H         LINE#         792
  C:14B8H         LINE#         793
  C:14C0H         LINE#         794
  C:14C3H         LINE#         795
  C:14C5H         LINE#         802
  C:14C9H         LINE#         803
  C:14D1H         LINE#         804
  C:14D4H         LINE#         805
  C:14D6H         LINE#         806
  C:14DAH         LINE#         807
  C:14DFH         LINE#         808
  C:14E5H         LINE#         809
  C:14E6H         LINE#         812
  C:14EAH         LINE#         813
  C:14EFH         LINE#         814
  C:14F5H         LINE#         815
  C:14F6H         LINE#         817
  C:14FAH         LINE#         818
  C:14FFH         LINE#         819
  C:1505H         LINE#         820
  C:1506H         LINE#         821
  C:150AH         LINE#         822
  C:150FH         LINE#         823
  C:1515H         LINE#         824
  C:1516H         LINE#         826
  C:151AH         LINE#         827
  C:151FH         LINE#         828
  C:1525H         LINE#         829
  C:1526H         LINE#         831
  C:152AH         LINE#         832
  C:152FH         LINE#         833
  C:1535H         LINE#         834
  C:1536H         LINE#         836
  C:153AH         LINE#         837
  C:153FH         LINE#         838
  C:1545H         LINE#         839
  C:1546H         LINE#         841
  C:154AH         LINE#         842
  C:154FH         LINE#         843
  C:1555H         LINE#         844
  C:1556H         LINE#         846
  C:155AH         LINE#         847
  C:155FH         LINE#         848
  C:1565H         LINE#         849
  C:1566H         LINE#         851
  C:156AH         LINE#         852
  C:156FH         LINE#         853
  C:1575H         LINE#         854
  C:1576H         LINE#         856
  C:157AH         LINE#         857
  C:1582H         LINE#         858
  C:1588H         LINE#         859
  C:1588H         LINE#         862
  C:1588H         LINE#         864
BL51 BANKED LINKER/LOCATER V6.22                                                      10/03/2013  14:12:03  PAGE 28


  -------         ENDPROC       _SEG_CARE
  -------         PROC          PEEP
  -------         DO            
  D:0006H         SYMBOL        a
  D:0004H         SYMBOL        b
  -------         ENDDO         
  C:2534H         LINE#         870
  C:2534H         LINE#         871
  C:2534H         LINE#         875
  C:2537H         LINE#         876
  C:2545H         LINE#         877
  C:2547H         LINE#         878
  C:2552H         LINE#         879
  C:2554H         LINE#         880
  -------         ENDPROC       PEEP
  -------         PROC          LONGPEEP
  -------         DO            
  D:0004H         SYMBOL        b
  D:0006H         SYMBOL        a
  -------         ENDDO         
  C:2555H         LINE#         886
  C:2555H         LINE#         887
  C:2555H         LINE#         891
  C:2558H         LINE#         892
  C:2566H         LINE#         893
  C:2568H         LINE#         894
  C:2573H         LINE#         895
  C:2575H         LINE#         896
  -------         ENDPROC       LONGPEEP
  -------         PROC          KEYPAD
  -------         DO            
  D:0007H         SYMBOL        INKey
  -------         ENDDO         
  C:2346H         LINE#         902
  C:2346H         LINE#         904
  C:2346H         LINE#         905
  C:2348H         LINE#         908
  C:234DH         LINE#         909
  C:2352H         LINE#         910
  C:2357H         LINE#         911
  C:235CH         LINE#         912
  C:2361H         LINE#         913
  C:2366H         LINE#         914
  C:2370H         LINE#         915
  C:2374H         LINE#         917
  C:237DH         LINE#         919
  C:237DH         LINE#         920
  -------         ENDPROC       KEYPAD
  -------         PROC          CHECK_MENU
  -------         DO            
  X:0077H         SYMBOL        INKey
  X:0078H         SYMBOL        a
  -------         ENDDO         
  C:0056H         LINE#         923
  C:0056H         LINE#         924
  C:0056H         LINE#         927
  C:0064H         LINE#         928
BL51 BANKED LINKER/LOCATER V6.22                                                      10/03/2013  14:12:03  PAGE 29


  C:0072H         LINE#         931
  C:0078H         LINE#         932
  C:0080H         LINE#         933
  C:0085H         LINE#         934
  C:0089H         LINE#         935
  C:008DH         LINE#         936
  C:0091H         LINE#         937
  C:0094H         LINE#         938
  C:009BH         LINE#         939
  C:009EH         LINE#         941
  C:009EH         LINE#         945
  C:00A5H         LINE#         946
  C:00AEH         LINE#         947
  C:00B0H         LINE#         948
  C:00B5H         LINE#         949
  C:00DDH         LINE#         952
  C:00DDH         LINE#         953
  C:00E0H         LINE#         954
  C:00E5H         LINE#         955
  C:00E7H         LINE#         956
  C:00EAH         LINE#         957
  C:00ECH         LINE#         958
  C:00ECH         LINE#         959
  C:00F1H         LINE#         960
  C:00F4H         LINE#         961
  C:00FDH         LINE#         962
  C:0103H         LINE#         963
  C:0109H         LINE#         964
  C:0111H         LINE#         965
  C:0114H         LINE#         966
  C:0119H         LINE#         967
  C:0119H         LINE#         968
  C:011BH         LINE#         969
  C:0120H         LINE#         970
  C:0122H         LINE#         971
  C:0122H         LINE#         972
  C:0125H         LINE#         973
  C:0128H         LINE#         974
  C:012BH         LINE#         975
  C:012FH         LINE#         976
  C:012FH         LINE#         977
  C:012FH         LINE#         978
  C:0131H         LINE#         981
  C:0131H         LINE#         983
  C:013DH         LINE#         984
  C:013DH         LINE#         985
  C:0142H         LINE#         987
  C:0147H         LINE#         988
  C:014AH         LINE#         989
  C:014FH         LINE#         990
  C:014FH         LINE#         991
  C:0151H         LINE#         995
  C:0151H         LINE#         996
  C:015DH         LINE#         997
  C:015DH         LINE#         1000
  C:0164H         LINE#         1001
  C:016AH         LINE#         1002
BL51 BANKED LINKER/LOCATER V6.22                                                      10/03/2013  14:12:03  PAGE 30


  C:016EH         LINE#         1003
  C:016EH         LINE#         1004
  C:016EH         LINE#         1005
  C:0170H         LINE#         1007
  C:0170H         LINE#         1008
  C:017CH         LINE#         1009
  C:017CH         LINE#         1011
  C:0183H         LINE#         1012
  C:0189H         LINE#         1013
  C:018DH         LINE#         1014
  C:0190H         LINE#         1015
  C:0190H         LINE#         1016
  C:0192H         LINE#         1018
  C:0192H         LINE#         1019
  C:0197H         LINE#         1020
  C:019CH         LINE#         1021
  C:019CH         LINE#         1022
  C:019CH         LINE#         1023
  C:019CH         LINE#         1024
  C:019EH         LINE#         1025
  C:01A0H         LINE#         1027
  C:01A2H         LINE#         1029
  C:01A2H         LINE#         1030
  C:01A7H         LINE#         1031
  C:01ACH         LINE#         1032
  C:01B4H         LINE#         1033
  C:01B7H         LINE#         1034
  C:01BAH         LINE#         1035
  C:01BAH         LINE#         1036
  C:01BDH         LINE#         1037
  C:01C2H         LINE#         1038
  C:01C5H         LINE#         1039
  C:01C7H         LINE#         1040
  C:01CCH         LINE#         1042
  C:01CEH         LINE#         1045
  C:01CEH         LINE#         1046
  C:01CEH         LINE#         1048
  C:01D1H         LINE#         1049
  C:01D1H         LINE#         1050
  C:01D1H         LINE#         1051
  C:01D4H         LINE#         1052
  C:01D7H         LINE#         1054
  C:01D7H         LINE#         1058
  C:01E0H         LINE#         1059
  C:01E3H         LINE#         1060
  C:01FFH         LINE#         1062
  C:021CH         LINE#         1064
  C:0223H         LINE#         1065
  C:0227H         LINE#         1066
  C:022CH         LINE#         1067
  C:0231H         LINE#         1068
  C:0233H         LINE#         1069
  C:0250H         LINE#         1070
  C:0250H         LINE#         1071
  C:0255H         LINE#         1072
  C:0262H         LINE#         1073
  C:0262H         LINE#         1074
BL51 BANKED LINKER/LOCATER V6.22                                                      10/03/2013  14:12:03  PAGE 31


  C:0264H         LINE#         1076
  C:0264H         LINE#         1077
  C:0269H         LINE#         1079
  C:026CH         LINE#         1081
  C:026FH         LINE#         1082
  C:0274H         LINE#         1083
  C:0276H         LINE#         1085
  C:0276H         LINE#         1086
  C:027AH         LINE#         1087
  C:027EH         LINE#         1088
  C:0283H         LINE#         1089
  C:0286H         LINE#         1090
  C:028CH         LINE#         1091
  C:028FH         LINE#         1095
  C:0291H         LINE#         1098
  C:0291H         LINE#         1099
  C:029BH         LINE#         1100
  C:02B3H         LINE#         1101
  C:02CDH         LINE#         1102
  C:02E7H         LINE#         1103
  C:0301H         LINE#         1104
  C:0317H         LINE#         1105
  C:0317H         LINE#         1106
  C:0319H         LINE#         1109
  C:0319H         LINE#         1110
  C:0323H         LINE#         1111
  C:033AH         LINE#         1112
  C:0353H         LINE#         1113
  C:036CH         LINE#         1114
  C:0385H         LINE#         1115
  C:039AH         LINE#         1116
  C:03B0H         LINE#         1117
  C:03B0H         LINE#         1118
  C:03B2H         LINE#         1121
  C:03B2H         LINE#         1122
  C:03B7H         LINE#         1123
  C:03C5H         LINE#         1124
  C:03C8H         LINE#         1125
  C:03C8H         LINE#         1126
  C:03C8H         LINE#         1127
  C:03C8H         LINE#         1128
  C:03CBH         LINE#         1129
  C:03CBH         LINE#         1133
  C:03D4H         LINE#         1134
  C:03D7H         LINE#         1136
  C:03E1H         LINE#         1137
  C:03EAH         LINE#         1138
  C:03F1H         LINE#         1139
  C:03F5H         LINE#         1140
  C:03FAH         LINE#         1141
  C:03FFH         LINE#         1142
  C:0401H         LINE#         1143
  C:041CH         LINE#         1144
  C:041CH         LINE#         1145
  C:041CH         LINE#         1146
  C:041CH         LINE#         1147
  C:0421H         LINE#         1148
BL51 BANKED LINKER/LOCATER V6.22                                                      10/03/2013  14:12:03  PAGE 32


  C:042FH         LINE#         1149
  C:042FH         LINE#         1150
  C:0431H         LINE#         1153
  C:0431H         LINE#         1155
  C:0435H         LINE#         1156
  C:0452H         LINE#         1157
  C:0457H         LINE#         1158
  C:045AH         LINE#         1159
  C:045DH         LINE#         1160
  C:0460H         LINE#         1161
  C:0463H         LINE#         1162
  C:0465H         LINE#         1164
  C:0465H         LINE#         1166
  C:0465H         LINE#         1167
  C:0465H         LINE#         1168
  C:0468H         LINE#         1169
  C:046AH         LINE#         1172
  C:046AH         LINE#         1173
  C:0474H         LINE#         1174
  C:0489H         LINE#         1175
  C:0489H         LINE#         1176
  C:048BH         LINE#         1179
  C:048BH         LINE#         1180
  C:0495H         LINE#         1181
  C:04A9H         LINE#         1182
  C:04A9H         LINE#         1183
  C:04ABH         LINE#         1186
  C:04ABH         LINE#         1187
  C:04B0H         LINE#         1188
  C:04BEH         LINE#         1189
  C:04C1H         LINE#         1190
  C:04C1H         LINE#         1191
  C:04C1H         LINE#         1192
  C:04C1H         LINE#         1193
  C:04C4H         LINE#         1194
  C:04C4H         LINE#         1198
  C:04CBH         LINE#         1199
  C:04CBH         LINE#         1200
  C:04CEH         LINE#         1201
  C:04D5H         LINE#         1202
  C:04DAH         LINE#         1203
  C:04DCH         LINE#         1204
  C:04E2H         LINE#         1205
  C:04F7H         LINE#         1206
  C:04F7H         LINE#         1207
  C:04F7H         LINE#         1209
  C:04F7H         LINE#         1210
  C:04FCH         LINE#         1211
  C:04FFH         LINE#         1212
  C:0504H         LINE#         1213
  C:0521H         LINE#         1214
  C:0526H         LINE#         1215
  C:0528H         LINE#         1218
  C:0528H         LINE#         1219
  C:052CH         LINE#         1220
  C:052CH         LINE#         1221
  C:052CH         LINE#         1222
BL51 BANKED LINKER/LOCATER V6.22                                                      10/03/2013  14:12:03  PAGE 33


  C:052EH         LINE#         1224
  C:052EH         LINE#         1226
  C:052EH         LINE#         1227
  C:052EH         LINE#         1228
  C:0531H         LINE#         1229
  C:0533H         LINE#         1232
  C:0533H         LINE#         1233
  C:0538H         LINE#         1234
  C:053BH         LINE#         1235
  C:053EH         LINE#         1236
  C:0540H         LINE#         1240
  C:0543H         LINE#         1241
  C:0543H         LINE#         1242
  C:0543H         LINE#         1243
  C:0546H         LINE#         1244
  C:0546H         LINE#         1250
  C:054FH         LINE#         1251
  C:054FH         LINE#         1252
  C:0552H         LINE#         1254
  C:0554H         LINE#         1255
  C:0571H         LINE#         1256
  C:0577H         LINE#         1257
  C:057EH         LINE#         1258
  C:0583H         LINE#         1259
  C:058BH         LINE#         1260
  C:0592H         LINE#         1261
  C:05A4H         LINE#         1262
  C:05A4H         LINE#         1263
  C:05A4H         LINE#         1265
  C:05A4H         LINE#         1266
  C:05A7H         LINE#         1267
  C:05AAH         LINE#         1268
  C:05B1H         LINE#         1269
  C:05BAH         LINE#         1271
  C:05BFH         LINE#         1273
  C:05C1H         LINE#         1276
  C:05C1H         LINE#         1277
  C:05C5H         LINE#         1278
  C:05C5H         LINE#         1279
  C:05C7H         LINE#         1282
  C:05C7H         LINE#         1283
  C:05CCH         LINE#         1284
  C:05CFH         LINE#         1285
  C:05D1H         LINE#         1287
  C:05D4H         LINE#         1288
  C:05D4H         LINE#         1289
  C:05D4H         LINE#         1290
  C:05D7H         LINE#         1291
  C:05DAH         LINE#         1292
  C:05DAH         LINE#         1305
  C:05E3H         LINE#         1306
  C:05E6H         LINE#         1307
  C:05F0H         LINE#         1308
  C:05F7H         LINE#         1309
  C:05FCH         LINE#         1310
  C:05FEH         LINE#         1311
  C:061BH         LINE#         1313
BL51 BANKED LINKER/LOCATER V6.22                                                      10/03/2013  14:12:03  PAGE 34


  C:0626H         LINE#         1314
  C:062BH         LINE#         1315
  C:0640H         LINE#         1316
  C:0640H         LINE#         1317
  C:0640H         LINE#         1319
  C:0640H         LINE#         1320
  C:0645H         LINE#         1321
  C:0648H         LINE#         1322
  C:064DH         LINE#         1323
  C:064FH         LINE#         1325
  C:064FH         LINE#         1326
  C:0651H         LINE#         1327
  C:0651H         LINE#         1328
  C:0651H         LINE#         1329
  C:0654H         LINE#         1330
  C:0656H         LINE#         1335
  C:0656H         LINE#         1336
  C:0656H         LINE#         1339
  C:0656H         LINE#         1340
  C:0656H         LINE#         1343
  C:065AH         LINE#         1347
  C:065DH         LINE#         1348
  C:065FH         LINE#         1352
  C:0662H         LINE#         1353
  C:0662H         LINE#         1354
  C:0662H         LINE#         1355
  C:0665H         LINE#         1356
  C:0665H         LINE#         1359
  C:066CH         LINE#         1360
  C:066EH         LINE#         1361
  C:0670H         LINE#         1362
  C:067EH         LINE#         1363
  C:0688H         LINE#         1364
  C:0692H         LINE#         1365
  C:0699H         LINE#         1366
  C:069EH         LINE#         1367
  C:06A7H         LINE#         1368
  C:06AEH         LINE#         1369
  C:06C0H         LINE#         1370
  C:06C0H         LINE#         1371
  C:06C0H         LINE#         1373
  C:06C0H         LINE#         1374
  C:06C3H         LINE#         1375
  C:06C6H         LINE#         1376
  C:06CAH         LINE#         1377
  C:06CDH         LINE#         1378
  C:06D0H         LINE#         1380
  C:06D2H         LINE#         1381
  C:06D2H         LINE#         1382
  C:06D4H         LINE#         1383
  C:06D6H         LINE#         1385
  C:06D6H         LINE#         1386
  C:06DBH         LINE#         1387
  C:06DDH         LINE#         1390
  C:06E0H         LINE#         1391
  C:06E0H         LINE#         1392
  C:06E0H         LINE#         1393
BL51 BANKED LINKER/LOCATER V6.22                                                      10/03/2013  14:12:03  PAGE 35


  C:06E3H         LINE#         1394
  -------         ENDPROC       CHECK_MENU
  -------         PROC          _LIGHT_INTENSITY
  D:0007H         SYMBOL        a
[...]
  C:09C1H         LINE#         1612
  C:09C4H         LINE#         1613
  C:09DBH         LINE#         1614
  C:09DFH         LINE#         1615
  C:09E1H         LINE#         1617
  C:09E3H         LINE#         1621
  C:09E3H         LINE#         1626
  C:09E6H         LINE#         1629
  C:09E7H         LINE#         1634
BL51 BANKED LINKER/LOCATER V6.22                                                      10/03/2013  14:12:03  PAGE 38


  C:09E7H         LINE#         1635
  C:09ECH         LINE#         1636
  C:09F0H         LINE#         1637
  C:09F4H         LINE#         1638
  C:09F8H         LINE#         1639
  C:09FBH         LINE#         1640
  C:09FBH         LINE#         1642
  C:09FDH         LINE#         1643
  C:09FDH         LINE#         1644
  C:0A02H         LINE#         1645
  C:0A05H         LINE#         1646
  C:0A07H         LINE#         1648
  C:0A09H         LINE#         1651
  C:0A09H         LINE#         1652
  C:0A0EH         LINE#         1653
  C:0A14H         LINE#         1654
  C:0A1AH         LINE#         1655
  C:0A1EH         LINE#         1656
  C:0A24H         LINE#         1657
  C:0A28H         LINE#         1659
  C:0A2AH         LINE#         1662
  C:0A2AH         LINE#         1663
  C:0A37H         LINE#         1664
  C:0A3FH         LINE#         1665
  C:0A4AH         LINE#         1666
  C:0A4FH         LINE#         1667
  C:0A52H         LINE#         1668
  C:0A54H         LINE#         1669
  C:0A56H         LINE#         1673
  C:0A56H         LINE#         1674
  C:0A5BH         LINE#         1675
  C:0A5FH         LINE#         1676
  C:0A63H         LINE#         1677
  C:0A65H         LINE#         1678
  C:0A67H         LINE#         1679
  C:0A6AH         LINE#         1680
  C:0A6EH         LINE#         1681
  C:0A72H         LINE#         1683
  C:0A77H         LINE#         1684
  C:0A7CH         LINE#         1685
  C:0A7FH         LINE#         1686
  C:0A84H         LINE#         1687
  C:0A87H         LINE#         1690
  C:0A88H         LINE#         1693
  C:0A88H         LINE#         1694
  C:0ABDH         LINE#         1695
  C:0AC0H         LINE#         1696
  C:0AC5H         LINE#         1697
  C:0AC8H         LINE#         1698
  C:0AC9H         LINE#         1703
  C:0AC9H         LINE#         1704
  C:0ACCH         LINE#         1706
  C:0ACCH         LINE#         1710
  C:0ACCH         LINE#         1711
  C:0AEEH         LINE#         1712
  C:0B0AH         LINE#         1713
  C:0B0DH         LINE#         1714
BL51 BANKED LINKER/LOCATER V6.22                                                      10/03/2013  14:12:03  PAGE 39


  C:0B10H         LINE#         1715
  C:0B12H         LINE#         1716
  C:0B14H         LINE#         1720
  C:0B14H         LINE#         1721
  C:0B20H         LINE#         1722
  C:0B29H         LINE#         1723
  C:0B2CH         LINE#         1724
  C:0B2FH         LINE#         1725
  C:0B31H         LINE#         1726
  C:0B33H         LINE#         1731
  C:0B33H         LINE#         1732
  C:0B68H         LINE#         1733
  C:0B6BH         LINE#         1734
  C:0B6EH         LINE#         1735
  C:0B6FH         LINE#         1738
  C:0B6FH         LINE#         1739
  C:0B72H         LINE#         1740
  C:0B75H         LINE#         1741
  C:0B77H         LINE#         1742
  C:0B79H         LINE#         1746
  C:0B79H         LINE#         1747
  C:0B7CH         LINE#         1748
  C:0B80H         LINE#         1750
  C:0B82H         LINE#         1754
  C:0B82H         LINE#         1755
  C:0B87H         LINE#         1756
  C:0B8AH         LINE#         1757
  C:0B8CH         LINE#         1759
  C:0B8EH         LINE#         1762
  C:0B8EH         LINE#         1763
  C:0B91H         LINE#         1764
  C:0B94H         LINE#         1765
  C:0B99H         LINE#         1766
  C:0B9AH         LINE#         1768
  C:0B9AH         LINE#         1769
  C:0B9DH         LINE#         1770
  C:0BA7H         LINE#         1771
  C:0BAFH         LINE#         1772
  C:0BB7H         LINE#         1773
  C:0BBFH         LINE#         1774
  C:0BC7H         LINE#         1775
  C:0BCEH         LINE#         1776
  C:0BCEH         LINE#         1779
  C:0BCEH         LINE#         1781
  -------         ENDPROC       CHECKINPUT
  -------         PROC          SENSOR_CHECKUP
  -------         DO            
  X:0079H         SYMBOL        a
  -------         ENDDO         
  C:18F9H         LINE#         1788
  C:18F9H         LINE#         1789
  C:18F9H         LINE#         1793
  C:18FDH         LINE#         1794
  C:1900H         LINE#         1795
  C:1903H         LINE#         1796
  C:1908H         LINE#         1797
  C:1915H         LINE#         1798
BL51 BANKED LINKER/LOCATER V6.22                                                      10/03/2013  14:12:03  PAGE 40


  C:191FH         LINE#         1799
  C:1924H         LINE#         1801
  C:1924H         LINE#         1805
  C:1928H         LINE#         1806
  C:192BH         LINE#         1807
  C:192EH         LINE#         1808
  C:1933H         LINE#         1809
  C:1940H         LINE#         1810
  C:1940H         LINE#         1813
  C:1940H         LINE#         1818
  C:1944H         LINE#         1819
  C:1947H         LINE#         1820
  C:194AH         LINE#         1821
  C:194FH         LINE#         1822
  C:195CH         LINE#         1823
  C:195CH         LINE#         1826
  C:195CH         LINE#         1828
  C:1961H         LINE#         1830
  C:1965H         LINE#         1831
  C:1968H         LINE#         1832
  C:196BH         LINE#         1833
  C:1970H         LINE#         1834
  C:197DH         LINE#         1835
  C:1987H         LINE#         1836
  C:198CH         LINE#         1838
  C:198CH         LINE#         1841
  C:198CH         LINE#         1844
  C:198CH         LINE#         1845
  C:198CH         LINE#         1848
  C:198CH         LINE#         1849
  C:198CH         LINE#         1852
  C:198CH         LINE#         1853
  C:198EH         LINE#         1856
  -------         ENDPROC       SENSOR_CHECKUP
  -------         PROC          _ERROR
  D:0006H         SYMBOL        S
  C:230AH         LINE#         1861
  C:230CH         LINE#         1862
  C:230CH         LINE#         1863
  C:2310H         LINE#         1864
  C:2313H         LINE#         1865
  C:2318H         LINE#         1866
  C:231AH         LINE#         1867
  C:231EH         LINE#         1868
  C:2321H         LINE#         1869
  C:2324H         LINE#         1870
  C:2327H         LINE#         1871
  C:232AH         LINE#         1872
  C:232DH         LINE#         1873
  C:2332H         LINE#         1874
  C:2335H         LINE#         1875
  C:233AH         LINE#         1876
  C:233DH         LINE#         1877
  C:2342H         LINE#         1880
  C:2345H         LINE#         1882
  -------         ENDPROC       _ERROR
  C:2456H         SYMBOL        L?0713
BL51 BANKED LINKER/LOCATER V6.22                                                      10/03/2013  14:12:03  PAGE 41


  -------         PROC          L?0712
  -------         ENDPROC       L?0712
  C:2456H         SYMBOL        L?0713
  -------         PROC          _GO_OUT
  D:0007H         SYMBOL        length
  D:0005H         SYMBOL        DIS
  C:245BH         LINE#         1890
  C:245BH         LINE#         1891
  C:245BH         LINE#         1892
  C:2462H         LINE#         1893
  C:2467H         LINE#         1894
  C:246BH         LINE#         1895
  C:246FH         LINE#         1896
  C:2476H         LINE#         1897
  C:247EH         LINE#         1898
  C:2481H         LINE#         1900
  -------         ENDPROC       _GO_OUT
  -------         PROC          CHACKVALIDPROB
  C:2696H         LINE#         1908
  C:2696H         LINE#         1909
  C:2696H         LINE#         1911
  C:2698H         LINE#         1912
  C:269BH         LINE#         1913
  C:26A0H         LINE#         1914
  -------         ENDPROC       CHACKVALIDPROB
  -------         PROC          SENT_ACK
  C:26C3H         LINE#         1921
  C:26C3H         LINE#         1922
  C:26C3H         LINE#         1923
  C:26C5H         LINE#         1924
  C:26C8H         LINE#         1925
  -------         ENDPROC       SENT_ACK
  -------         PROC          CHACKSOFTPROB
  C:2632H         LINE#         1934
  C:2632H         LINE#         1935
  C:2632H         LINE#         1937
  C:2636H         LINE#         1938
  C:2639H         LINE#         1939
  C:263EH         LINE#         1940
  -------         ENDPROC       CHACKSOFTPROB
  -------         PROC          RESET_PROB
  C:266EH         LINE#         1948
  C:266EH         LINE#         1949
  C:266EH         LINE#         1951
  C:2672H         LINE#         1952
  C:2675H         LINE#         1953
  C:2679H         LINE#         1954
  -------         ENDPROC       RESET_PROB
  -------         PROC          GET_THR
  C:2641H         LINE#         1962
  C:2641H         LINE#         1963
  C:2641H         LINE#         1965
  C:2645H         LINE#         1966
  C:2648H         LINE#         1967
  C:264DH         LINE#         1968
  -------         ENDPROC       GET_THR
  -------         PROC          GET_DIFFERENCE
BL51 BANKED LINKER/LOCATER V6.22                                                      10/03/2013  14:12:03  PAGE 42


  C:2650H         LINE#         1976
  C:2650H         LINE#         1977
  C:2650H         LINE#         1978
  C:2654H         LINE#         1979
  C:2657H         LINE#         1980
  C:265CH         LINE#         1981
  -------         ENDPROC       GET_DIFFERENCE
  -------         PROC          _SETHEATER
  D:0007H         SYMBOL        HTR
  C:24DDH         LINE#         1989
  C:24DDH         LINE#         1990
  C:24DDH         LINE#         1991
  C:24E1H         LINE#         1992
  C:24E6H         LINE#         1993
  C:24EEH         LINE#         1994
  C:24F6H         LINE#         1995
  C:24FEH         LINE#         1996
  C:2505H         LINE#         1997
  -------         ENDPROC       _SETHEATER
  -------         PROC          TURN_OFF_MONITOR
  C:21A5H         LINE#         2005
  C:21A5H         LINE#         2006
  C:21A5H         LINE#         2007
  C:21A8H         LINE#         2008
  C:21AEH         LINE#         2009
  C:21B3H         LINE#         2010
  C:21B7H         LINE#         2011
  C:21BBH         LINE#         2012
  C:21BFH         LINE#         2013
  C:21C3H         LINE#         2014
  C:21CAH         LINE#         2015
  C:21CAH         LINE#         2016
  C:21CFH         LINE#         2017
  C:21D2H         LINE#         2018
  C:21D6H         LINE#         2019
  C:21D9H         LINE#         2020
  C:21DEH         LINE#         2021
  C:21DEH         LINE#         2022
  C:21DEH         LINE#         2023
  C:21E1H         LINE#         2024
  C:21E6H         LINE#         2025
  C:21E9H         LINE#         2026
  C:21ECH         LINE#         2027
  C:21F1H         LINE#         2028
  C:21F3H         LINE#         2029
  C:21F3H         LINE#         2030
  C:21F3H         LINE#         2032
  -------         ENDPROC       TURN_OFF_MONITOR
  -------         PROC          WARMUPSENSOR
  -------         DO            
  X:0079H         SYMBOL        a
  -------         ENDDO         
  C:1CA3H         LINE#         2038
  C:1CA3H         LINE#         2039
  C:1CA3H         LINE#         2043
  C:1CA7H         LINE#         2044
  C:1CAAH         LINE#         2045
BL51 BANKED LINKER/LOCATER V6.22                                                      10/03/2013  14:12:03  PAGE 43


  C:1CB8H         LINE#         2047
  C:1CBFH         LINE#         2048
  C:1CC3H         LINE#         2049
  C:1CC8H         LINE#         2050
  C:1CCBH         LINE#         2051
  C:1CE5H         LINE#         2052
  C:1CF2H         LINE#         2053
  C:1D01H         LINE#         2055
  C:1D01H         LINE#         2056
  C:1D06H         LINE#         2057
  C:1D0AH         LINE#         2058
  C:1D0EH         LINE#         2059
  C:1D11H         LINE#         2060
  C:1D17H         LINE#         2061
  C:1D17H         LINE#         2062
  -------         ENDPROC       WARMUPSENSOR
  -------         PROC          METERING_ON
  -------         DO            
  X:007CH         SYMBOL        Flow
  D:0002H         SYMBOL        Scalc
  D:0006H         SYMBOL        ThermBuffDiff
  -------         ENDDO         
  C:0BCFH         LINE#         2070
  C:0BCFH         LINE#         2071
  C:0BCFH         LINE#         2076
  C:0BD4H         LINE#         2077
  C:0BD9H         LINE#         2078
  C:0BE8H         LINE#         2079
  C:0BE9H         LINE#         2080
  C:0BE9H         LINE#         2081
  C:0BFDH         LINE#         2087
  C:0C09H         LINE#         2088
  C:0C15H         LINE#         2089
  C:0C1CH         LINE#         2093
  C:0C2CH         LINE#         2094
  C:0C3FH         LINE#         2095
  C:0C5CH         LINE#         2097
  C:0C63H         LINE#         2099
  C:0C72H         LINE#         2100
  C:0C83H         LINE#         2101
  C:0CAEH         LINE#         2102
  C:0CDCH         LINE#         2103
  C:0D0AH         LINE#         2104
  C:0D38H         LINE#         2105
  C:0D66H         LINE#         2106
  C:0D94H         LINE#         2107
  C:0DC2H         LINE#         2108
  C:0DF0H         LINE#         2109
  C:0E1EH         LINE#         2110
  C:0E4CH         LINE#         2111
  C:0E5FH         LINE#         2113
  C:0E98H         LINE#         2114
  C:0EBAH         LINE#         2115
  C:0EBDH         LINE#         2120
  C:0EC0H         LINE#         2121
  C:0EC0H         LINE#         2125
  C:0EC0H         LINE#         2127
BL51 BANKED LINKER/LOCATER V6.22                                                      10/03/2013  14:12:03  PAGE 44


  -------         ENDPROC       METERING_ON
  -------         PROC          OPEN_MEMORY
  C:0020H         LINE#         2135
  C:0020H         LINE#         2136
  C:0020H         LINE#         2137
  C:0022H         LINE#         2138
  -------         ENDPROC       OPEN_MEMORY
  -------         PROC          CLOSE_MEMORY
  C:26CCH         LINE#         2144
  C:26CCH         LINE#         2145
  C:26CCH         LINE#         2146
  C:26CEH         LINE#         2147
  -------         ENDPROC       CLOSE_MEMORY
  -------         PROC          SENTTOTHERMINAL
  C:0003H         LINE#         2155
  C:0003H         LINE#         2156
  C:0003H         LINE#         2157
  C:0008H         LINE#         2158
  C:000DH         LINE#         2159
  C:0012H         LINE#         2160
  C:0015H         LINE#         2161
  C:001AH         LINE#         2162
  C:001FH         LINE#         2163
  C:001FH         LINE#         2164
  -------         ENDPROC       SENTTOTHERMINAL
  -------         PROC          _RTC_CHANAL
  D:0007H         SYMBOL        M
  C:26D3H         LINE#         2169
  C:26D3H         LINE#         2170
  C:26D3H         LINE#         2171
  C:26D8H         LINE#         2172
  -------         ENDPROC       _RTC_CHANAL
  -------         PROC          _LCD_CS_MODE
  D:0007H         SYMBOL        m
  C:26D9H         LINE#         2182
  C:26D9H         LINE#         2183
  C:26D9H         LINE#         2184
  C:26DEH         LINE#         2185
  -------         ENDPROC       _LCD_CS_MODE
  -------         PROC          _LCD_DATA_MODE
  D:0007H         SYMBOL        m
  C:26DFH         LINE#         2188
  C:26DFH         LINE#         2189
  C:26DFH         LINE#         2190
  C:26E4H         LINE#         2191
  -------         ENDPROC       _LCD_DATA_MODE
  -------         PROC          _LCD_CLK_MODE
  D:0007H         SYMBOL        m
  C:26E5H         LINE#         2195
  C:26E5H         LINE#         2196
  C:26E5H         LINE#         2197
  C:26EAH         LINE#         2198
  -------         ENDPROC       _LCD_CLK_MODE
  C:25DCH         SYMBOL        L?0715
  -------         PROC          L?0714
  -------         ENDPROC       L?0714
  C:25DCH         SYMBOL        L?0715
BL51 BANKED LINKER/LOCATER V6.22                                                      10/03/2013  14:12:03  PAGE 45


  -------         PROC          _FETCH_SPI
  D:0007H         SYMBOL        a
  -------         DO            
  D:0007H         SYMBOL        b
  -------         ENDDO         
  C:25E0H         LINE#         2205
  C:25E0H         LINE#         2206
  C:25E0H         LINE#         2208
  C:25E2H         LINE#         2210
  C:25E9H         LINE#         2212
  C:25EBH         LINE#         2213
  -------         ENDPROC       _FETCH_SPI
  -------         PROC          UARTISR
  C:1BADH         LINE#         2236
  C:1BB4H         LINE#         2240
  C:1BB7H         LINE#         2241
  C:1BB9H         LINE#         2243
  C:1BCBH         LINE#         2245
  C:1BD0H         LINE#         2246
  C:1BD5H         LINE#         2247
  C:1BD8H         LINE#         2248
  C:1BDBH         LINE#         2249
  C:1BDBH         LINE#         2250
  C:1BE0H         LINE#         2251
  C:1BE5H         LINE#         2252
  C:1BEAH         LINE#         2253
  C:1BEAH         LINE#         2255
  C:1BF4H         LINE#         2257
  C:1BF4H         LINE#         2260
  C:1BF7H         LINE#         2262
  C:1BF9H         LINE#         2263
  C:1C0CH         LINE#         2265
  C:1C19H         LINE#         2266
  C:1C1BH         LINE#         2268
  C:1C24H         LINE#         2269
  C:1C24H         LINE#         2270
  -------         ENDPROC       UARTISR
  -------         PROC          TIMER2
  C:2482H         LINE#         2276
  C:248BH         LINE#         2283
  C:248DH         LINE#         2285
  C:2499H         LINE#         2287
  C:24A4H         LINE#         2288
  C:24A9H         LINE#         2293
  -------         ENDPROC       TIMER2
  -------         PROC          A_TO_D
  C:2591H         LINE#         2309
  C:259AH         LINE#         2311
  C:25A3H         LINE#         2312
  C:25A5H         LINE#         2313
  -------         ENDPROC       A_TO_D
  -------         ENDMOD        BFM_REV_32_0

  -------         MODULE        ?C?COPY
  C:0F91H         PUBLIC        ?C?COPY
  -------         ENDMOD        ?C?COPY

BL51 BANKED LINKER/LOCATER V6.22                                                      10/03/2013  14:12:03  PAGE 46


  -------         MODULE        ?C?IMUL
  C:0FB7H         PUBLIC        ?C?IMUL
  -------         ENDMOD        ?C?IMUL

  -------         MODULE        ?C?UIDIV
  C:0FC9H         PUBLIC        ?C?UIDIV
  -------         ENDMOD        ?C?UIDIV

  -------         MODULE        ?C?SIDIV
  C:101EH         PUBLIC        ?C?SIDIV
  -------         ENDMOD        ?C?SIDIV

  -------         MODULE        ?C?ULDIV
  C:1090H         PUBLIC        ?C?ULDIV
  -------         ENDMOD        ?C?ULDIV

  -------         MODULE        ?C?LSTPDATA
  C:1122H         PUBLIC        ?C?LSTPDATA
  -------         ENDMOD        ?C?LSTPDATA

  -------         MODULE        ?C?LSTKPDATA
  C:112EH         PUBLIC        ?C?LSTKPDATA
  -------         ENDMOD        ?C?LSTKPDATA

  -------         MODULE        ?C?CCASE
  C:1147H         PUBLIC        ?C?CCASE
  -------         ENDMOD        ?C?CCASE

  -------         MODULE        ATOI
  C:1790H         PUBLIC        _atoi
  -------         ENDMOD        ATOI

  -------         MODULE        ?C?CLDPTR
  C:116DH         PUBLIC        ?C?CLDPTR
  -------         ENDMOD        ?C?CLDPTR

  -------         MODULE        ISDIGIT
  C:265FH         PUBLIC        _isdigit
  -------         ENDMOD        ISDIGIT

  -------         MODULE        ISSPACE
  C:25ECH         PUBLIC        _isspace
  -------         ENDMOD        ISSPACE

Program Size: data=17.2 xdata=188 code=9954
LINK/LOCATE RUN COMPLETE.  0 WARNING(S),  0 ERROR(S)
