BL51 BANKED LINKER/LOCATER V6.22                                                        10/06/2013  09:25:19  PAGE 1


BL51 BANKED LINKER/LOCATER V6.22, INVOKED BY:
C:\KEIL\C51\BIN\BL51.EXE BFM_REV_32_0.obj TO MONITOR_BFM_32_q RAMSIZE (256) CODE (0X0000-0X3FFF) XDATA (0X0000-0X07FF)


MEMORY MODEL: COMPACT


INPUT MODULES INCLUDED:
  BFM_REV_32_0.obj (BFM_REV_32_0)
  C:\KEIL\C51\LIB\C51C.LIB (?C_STARTUP)
  C:\KEIL\C51\LIB\C51C.LIB (?C?COPY)
  C:\KEIL\C51\LIB\C51C.LIB (?C?IMUL)
  C:\KEIL\C51\LIB\C51C.LIB (?C?UIDIV)
  C:\KEIL\C51\LIB\C51C.LIB (?C?SIDIV)
  C:\KEIL\C51\LIB\C51C.LIB (?C?ULDIV)
  C:\KEIL\C51\LIB\C51C.LIB (?C?LSTPDATA)
  C:\KEIL\C51\LIB\C51C.LIB (?C?LSTKPDATA)
  C:\KEIL\C51\LIB\C51C.LIB (?C?CCASE)
  C:\KEIL\C51\LIB\C51C.LIB (ATOI)
  C:\KEIL\C51\LIB\C51C.LIB (?C_INIT)
  C:\KEIL\C51\LIB\C51C.LIB (?C?CLDPTR)
  C:\KEIL\C51\LIB\C51C.LIB (ISDIGIT)
  C:\KEIL\C51\LIB\C51C.LIB (ISSPACE)


LINK MAP OF MODULE:  MONITOR_BFM_32_q (BFM_REV_32_0)


            TYPE    BASE      LENGTH    RELOCATION   SEGMENT NAME
            -----------------------------------------------------

            * * * * * * *   D A T A   M E M O R Y   * * * * * * *
            REG     0000H     0008H     ABSOLUTE     "REG BANK 0"
                    0008H     0008H                  *** GAP ***
            REG     0010H     0008H     ABSOLUTE     "REG BANK 2"
                    0018H     0008H                  *** GAP ***
            BIT     0020H.0   0000H.1   UNIT         ?BI?BFM_REV_32_0
            BIT     0020H.1   0000H.1   UNIT         _BIT_GROUP_
                    0020H.2   0000H.6                *** GAP ***
            IDATA   0021H     0001H     UNIT         ?STACK

            * * * * * * *  X D A T A   M E M O R Y  * * * * * * *
            XDATA   0000H     0075H     INPAGE       ?PD?BFM_REV_32_0
            XDATA   0075H     0047H     INPAGE       _PDATA_GROUP_

            * * * * * * *   C O D E   M E M O R Y   * * * * * * *
            CODE    0000H     0003H     ABSOLUTE     
            CODE    0003H     001EH     INBLOCK      ?PR?ENDMETERING?BFM_REV_32_0
                    0021H     0002H                  *** GAP ***
            CODE    0023H     0003H     ABSOLUTE     
            CODE    0026H     0004H     INBLOCK      ?PR?UART0_INIT?BFM_REV_32_0
                    002AH     0001H                  *** GAP ***
            CODE    002BH     0003H     ABSOLUTE     
            CODE    002EH     0022H     INBLOCK      ?PR?GETUPPERFIGERS?BFM_REV_32_0
            CODE    0050H     0003H     INBLOCK      ?PR?OPEN_MEMORY?BFM_REV_32_0
            CODE    0053H     0003H     ABSOLUTE     
            CODE    0056H     064CH     INBLOCK      ?PR?CHECK_MENU?BFM_REV_32_0
            CODE    06A2H     0124H     INBLOCK      ?PR?FISING_MEMORY?BFM_REV_32_0
BL51 BANKED LINKER/LOCATER V6.22                                                      10/06/2013  09:25:19  PAGE 2


            CODE    07C6H     0038H     INBLOCK      ?PR?KEYPAD?BFM_REV_32_0
                    07FEH     0002H                  *** GAP ***
            CODE    0800H     03CFH     INBLOCK      ?PR?CHECKINPUT?BFM_REV_32_0
            CODE    0BCFH     02F2H     INBLOCK      ?PR?METERING_ON?BFM_REV_32_0
            CODE    0EC1H     02C5H     UNIT         ?C?LIB_CODE
            CODE    1186H     024DH     INBLOCK      ?PR?MAIN?BFM_REV_32_0
            CODE    13D3H     01B4H     INBLOCK      ?PR?_SEG_CARE?BFM_REV_32_0
            CODE    1587H     0113H     INBLOCK      ?PR?WRITE_SETIONTO_MEM?BFM_REV_32_0
            CODE    169AH     00D0H     UNIT         ?PR?_ATOI?ATOI
            CODE    176AH     0096H     INBLOCK      ?PR?SENSOR_CHECKUP?BFM_REV_32_0
            CODE    1800H     00C7H     INBLOCK      ?PR?CHACKBATTRY?BFM_REV_32_0
            CODE    18C7H     0099H     INBLOCK      ?PR?_NUM_TO_SEG_LOWER?BFM_REV_32_0
            CODE    1960H     0091H     INBLOCK      ?PR?READMEMORY?BFM_REV_32_0
            CODE    19F1H     008CH     UNIT         ?C_C51STARTUP
            CODE    1A7DH     0082H     INBLOCK      ?PR?CAL_LAST_24HR?BFM_REV_32_0
            CODE    1AFFH     007FH     INBLOCK      ?PR?UPDATESIREALNUM?BFM_REV_32_0
            CODE    1B7EH     007CH     INBLOCK      ?PR?UARTISR?BFM_REV_32_0
            CODE    1BFAH     007AH     INBLOCK      ?PR?SETUPPERFIGERS?BFM_REV_32_0
            CODE    1C74H     0075H     INBLOCK      ?PR?WARMUPSENSOR?BFM_REV_32_0
            CODE    1CE9H     006BH     INBLOCK      ?PR?PRINT_LCD?BFM_REV_32_0
            CODE    1D54H     006BH     INBLOCK      ?PR?UPDATEBASICMEM?BFM_REV_32_0
            CODE    1DBFH     0065H     INBLOCK      ?PR?START_DISPLAY?BFM_REV_32_0
            CODE    1E24H     0065H     INBLOCK      ?PR?_NUM_TO_SEG?BFM_REV_32_0
            CODE    1E89H     0060H     INBLOCK      ?PR?READMEMORYBASIC?BFM_REV_32_0
            CODE    1EE9H     005EH     INBLOCK      ?PR?_SEND_LCD_COMM?BFM_REV_32_0
            CODE    1F47H     005DH     INBLOCK      ?PR?TURN_OFF_MONITOR?BFM_REV_32_0
            CODE    1FA4H     005BH     INBLOCK      ?PR?_TIRGOM?BFM_REV_32_0
                    1FFFH     0001H                  *** GAP ***
            CODE    2000H     0058H     INBLOCK      ?PR?_MEMADDCONTROL?BFM_REV_32_0
            CODE    2058H     0057H     INBLOCK      ?PR?_BCD_2_NUMB?BFM_REV_32_0
            CODE    20AFH     0056H     INBLOCK      ?PR?DISPLAYMEMORY?BFM_REV_32_0
            CODE    2105H     0051H     INBLOCK      ?PR?_LIGHT_INTENSITY?BFM_REV_32_0
            CODE    2156H     004FH     INBLOCK      ?PR?CAL_MEMORY_ADD?BFM_REV_32_0
            CODE    21A5H     004BH     INBLOCK      ?PR?DISPLAY_LAST_24HR?BFM_REV_32_0
            CODE    21F0H     0048H     INBLOCK      ?PR?RESTART_LCD?BFM_REV_32_0
            CODE    2238H     0048H     INBLOCK      ?PR?PREMETERING?BFM_REV_32_0
            CODE    2280H     0042H     INBLOCK      ?PR?GET_DATE_TIME?BFM_REV_32_0
            CODE    22C2H     0041H     INBLOCK      ?PR?GETSIREALNUM?BFM_REV_32_0
            CODE    2303H     003CH     INBLOCK      ?PR?_ERROR?BFM_REV_32_0
            CODE    233FH     0037H     INBLOCK      ?PR?UPDATE_RTC?BFM_REV_32_0
            CODE    2376H     0037H     INBLOCK      ?PR?UPDATE_TIMEDATE?BFM_REV_32_0
            CODE    23ADH     0035H     INBLOCK      ?PR?MEMORY_REDY?BFM_REV_32_0
            CODE    23E2H     0033H     UNIT         ?CO?BFM_REV_32_0
            CODE    2415H     002FH     INBLOCK      ?PR?GETNEXTADD?BFM_REV_32_0
            CODE    2444H     002EH     INBLOCK      ?PR?_GO_OUT?BFM_REV_32_0
            CODE    2472H     002EH     INBLOCK      ?PR?TIMER2?BFM_REV_32_0
            CODE    24A0H     002DH     INBLOCK      ?PR?PREPAREWRITINGMEMORY?BFM_REV_32_0
            CODE    24CDH     002CH     INBLOCK      ?PR?_SETHEATER?BFM_REV_32_0
            CODE    24F9H     002BH     INBLOCK      ?PR?PRINTLOWCHARSEGMENT?BFM_REV_32_0
            CODE    2524H     0021H     INBLOCK      ?PR?PEEP?BFM_REV_32_0
            CODE    2545H     0021H     INBLOCK      ?PR?LONGPEEP?BFM_REV_32_0
            CODE    2566H     001DH     INBLOCK      ?PR?SENTTOTHERMINAL?BFM_REV_32_0
            CODE    2583H     001BH     INBLOCK      ?PR?RESET_LCD?BFM_REV_32_0
            CODE    259EH     001BH     INBLOCK      ?PR?A_TO_D?BFM_REV_32_0
            CODE    25B9H     0018H     INBLOCK      ?PR?_NUMB_2_BCD?BFM_REV_32_0
            CODE    25D1H     0014H     INBLOCK      ?PR?TIMER_INIT?BFM_REV_32_0
            CODE    25E5H     0014H     INBLOCK      ?PR?_FETCH_SPI?BFM_REV_32_0
BL51 BANKED LINKER/LOCATER V6.22                                                      10/06/2013  09:25:19  PAGE 3


            CODE    25F9H     0014H     UNIT         ?PR?_ISSPACE?ISSPACE
            CODE    260DH     0013H     INBLOCK      ?PR?PORT_INIT?BFM_REV_32_0
            CODE    2620H     0010H     INBLOCK      ?PR?ADC0_INIT?BFM_REV_32_0
            CODE    2630H     000FH     INBLOCK      ?PR?CHACKUSB?BFM_REV_32_0
            CODE    263FH     000FH     INBLOCK      ?PR?CHACKSOFTPROB?BFM_REV_32_0
            CODE    264EH     000FH     INBLOCK      ?PR?GET_THR?BFM_REV_32_0
            CODE    265DH     000FH     INBLOCK      ?PR?GET_DIFFERENCE?BFM_REV_32_0
            CODE    266CH     000FH     UNIT         ?PR?_ISDIGIT?ISDIGIT
            CODE    267BH     000EH     INBLOCK      ?PR?RESET_PROB?BFM_REV_32_0
            CODE    2689H     000DH     INBLOCK      ?PR?PCA_INIT?BFM_REV_32_0
            CODE    2696H     000DH     INBLOCK      ?PR?_DELAY?BFM_REV_32_0
            CODE    26A3H     000DH     INBLOCK      ?PR?CHACKVALIDPROB?BFM_REV_32_0
            CODE    26B0H     000CH     UNIT         ?C_INITSEG
            CODE    26BCH     000AH     INBLOCK      ?PR?BLANKLCD?BFM_REV_32_0
            CODE    26C6H     000AH     INBLOCK      ?PR?SPI0_INIT?BFM_REV_32_0
            CODE    26D0H     0009H     INBLOCK      ?PR?SENT_ACK?BFM_REV_32_0
            CODE    26D9H     0007H     INBLOCK      ?PR?CLOSE_MEMORY?BFM_REV_32_0
            CODE    26E0H     0006H     INBLOCK      ?PR?_RTC_CHANAL?BFM_REV_32_0
            CODE    26E6H     0006H     INBLOCK      ?PR?_LCD_CS_MODE?BFM_REV_32_0
            CODE    26ECH     0006H     INBLOCK      ?PR?_LCD_DATA_MODE?BFM_REV_32_0
            CODE    26F2H     0006H     INBLOCK      ?PR?_LCD_CLK_MODE?BFM_REV_32_0



OVERLAY MAP OF MODULE:   MONITOR_BFM_32_q (BFM_REV_32_0)


SEGMENT                                          BIT_GROUP          PDATA_GROUP
  +--> CALLED SEGMENT                         START    LENGTH     START    LENGTH
---------------------------------------------------------------------------------
?C_C51STARTUP                                 -----    -----      -----    -----
  +--> ?PR?MAIN?BFM_REV_32_0
  +--> ?C_INITSEG

?PR?MAIN?BFM_REV_32_0                         -----    -----      0075H    0002H
  +--> ?PR?PORT_INIT?BFM_REV_32_0
  +--> ?PR?UART0_INIT?BFM_REV_32_0
  +--> ?PR?ADC0_INIT?BFM_REV_32_0
  +--> ?PR?SPI0_INIT?BFM_REV_32_0
  +--> ?PR?TIMER_INIT?BFM_REV_32_0
  +--> ?PR?PCA_INIT?BFM_REV_32_0
  +--> ?PR?_DELAY?BFM_REV_32_0
  +--> ?PR?_FETCH_SPI?BFM_REV_32_0
  +--> ?PR?GET_DATE_TIME?BFM_REV_32_0
  +--> ?PR?RESTART_LCD?BFM_REV_32_0
  +--> ?PR?RESET_PROB?BFM_REV_32_0
  +--> ?PR?READMEMORYBASIC?BFM_REV_32_0
  +--> ?PR?CHACKBATTRY?BFM_REV_32_0
  +--> ?PR?TURN_OFF_MONITOR?BFM_REV_32_0
  +--> ?PR?CHECKINPUT?BFM_REV_32_0
  +--> ?PR?BLANKLCD?BFM_REV_32_0
  +--> ?PR?_SEG_CARE?BFM_REV_32_0
  +--> ?PR?PRINT_LCD?BFM_REV_32_0
  +--> ?PR?CHECK_MENU?BFM_REV_32_0
  +--> ?PR?SETUPPERFIGERS?BFM_REV_32_0
  +--> ?PR?CHACKUSB?BFM_REV_32_0
  +--> ?PR?LONGPEEP?BFM_REV_32_0
BL51 BANKED LINKER/LOCATER V6.22                                                      10/06/2013  09:25:19  PAGE 4


  +--> ?PR?_ERROR?BFM_REV_32_0

?PR?GET_DATE_TIME?BFM_REV_32_0                -----    -----      -----    -----
  +--> ?PR?UPDATE_TIMEDATE?BFM_REV_32_0
  +--> ?PR?_SEG_CARE?BFM_REV_32_0
  +--> ?PR?_NUM_TO_SEG_LOWER?BFM_REV_32_0

?PR?UPDATE_TIMEDATE?BFM_REV_32_0              -----    -----      -----    -----
  +--> ?PR?_RTC_CHANAL?BFM_REV_32_0
  +--> ?PR?_DELAY?BFM_REV_32_0
  +--> ?PR?_FETCH_SPI?BFM_REV_32_0
  +--> ?PR?_BCD_2_NUMB?BFM_REV_32_0

?PR?_BCD_2_NUMB?BFM_REV_32_0                  -----    -----      007CH    0001H
  +--> ?PR?_FETCH_SPI?BFM_REV_32_0

?PR?_NUM_TO_SEG_LOWER?BFM_REV_32_0            -----    -----      007CH    0001H

?PR?RESTART_LCD?BFM_REV_32_0                  -----    -----      -----    -----
  +--> ?PR?_SEND_LCD_COMM?BFM_REV_32_0
  +--> ?PR?_LCD_CS_MODE?BFM_REV_32_0
  +--> ?PR?PRINT_LCD?BFM_REV_32_0
  +--> ?PR?_DELAY?BFM_REV_32_0
  +--> ?PR?BLANKLCD?BFM_REV_32_0
  +--> ?PR?START_DISPLAY?BFM_REV_32_0
  +--> ?PR?PEEP?BFM_REV_32_0

?PR?_SEND_LCD_COMM?BFM_REV_32_0               -----    -----      00B8H    0004H
  +--> ?PR?RESET_LCD?BFM_REV_32_0
  +--> ?PR?_LCD_DATA_MODE?BFM_REV_32_0
  +--> ?PR?_LCD_CLK_MODE?BFM_REV_32_0

?PR?RESET_LCD?BFM_REV_32_0                    -----    -----      -----    -----
  +--> ?PR?_LCD_CS_MODE?BFM_REV_32_0
  +--> ?PR?_LCD_CLK_MODE?BFM_REV_32_0
  +--> ?PR?_LCD_DATA_MODE?BFM_REV_32_0

?PR?PRINT_LCD?BFM_REV_32_0                    -----    -----      00B5H    0003H
  +--> ?PR?RESET_LCD?BFM_REV_32_0
  +--> ?PR?_SEND_LCD_COMM?BFM_REV_32_0
  +--> ?PR?_LCD_DATA_MODE?BFM_REV_32_0
  +--> ?PR?_LCD_CLK_MODE?BFM_REV_32_0
  +--> ?PR?_LCD_CS_MODE?BFM_REV_32_0

?PR?START_DISPLAY?BFM_REV_32_0                -----    -----      -----    -----
  +--> ?PR?PEEP?BFM_REV_32_0
  +--> ?PR?_SEG_CARE?BFM_REV_32_0
  +--> ?PR?GET_DATE_TIME?BFM_REV_32_0
  +--> ?PR?SETUPPERFIGERS?BFM_REV_32_0
  +--> ?PR?CHACKBATTRY?BFM_REV_32_0

?PR?SETUPPERFIGERS?BFM_REV_32_0               -----    -----      -----    -----
  +--> ?PR?_TIRGOM?BFM_REV_32_0
  +--> ?PR?_SEG_CARE?BFM_REV_32_0
  +--> ?PR?GETUPPERFIGERS?BFM_REV_32_0

?PR?GETUPPERFIGERS?BFM_REV_32_0               -----    -----      -----    -----
BL51 BANKED LINKER/LOCATER V6.22                                                      10/06/2013  09:25:19  PAGE 5


  +--> ?PR?_NUM_TO_SEG?BFM_REV_32_0

?PR?CHACKBATTRY?BFM_REV_32_0                  -----    -----      -----    -----
  +--> ?PR?_SEG_CARE?BFM_REV_32_0
  +--> ?PR?LONGPEEP?BFM_REV_32_0
  +--> ?PR?BLANKLCD?BFM_REV_32_0
  +--> ?PR?PRINT_LCD?BFM_REV_32_0

?PR?RESET_PROB?BFM_REV_32_0                   -----    -----      -----    -----
  +--> ?PR?_GO_OUT?BFM_REV_32_0
  +--> ?PR?_DELAY?BFM_REV_32_0
  +--> ?PR?CHECKINPUT?BFM_REV_32_0

?PR?CHECKINPUT?BFM_REV_32_0                   -----    -----      007AH    0002H
  +--> ?PR?_ATOI?ATOI
  +--> ?PR?SENT_ACK?BFM_REV_32_0
  +--> ?PR?METERING_ON?BFM_REV_32_0
  +--> ?PR?_DELAY?BFM_REV_32_0
  +--> ?PR?_MEMADDCONTROL?BFM_REV_32_0
  +--> ?PR?UPDATEBASICMEM?BFM_REV_32_0
  +--> ?PR?READMEMORY?BFM_REV_32_0
  +--> ?PR?UPDATE_RTC?BFM_REV_32_0
  +--> ?PR?UPDATESIREALNUM?BFM_REV_32_0
  +--> ?PR?GETSIREALNUM?BFM_REV_32_0
  +--> ?PR?RESTART_LCD?BFM_REV_32_0
  +--> ?PR?CHACKBATTRY?BFM_REV_32_0
  +--> ?PR?_TIRGOM?BFM_REV_32_0
  +--> ?PR?_GO_OUT?BFM_REV_32_0

?PR?_ATOI?ATOI                                0020H.1  0000H.1    007CH    0005H
  +--> ?PR?_ISSPACE?ISSPACE
  +--> ?PR?_ISDIGIT?ISDIGIT

?PR?SENT_ACK?BFM_REV_32_0                     -----    -----      -----    -----
  +--> ?PR?_GO_OUT?BFM_REV_32_0
  +--> ?PR?_DELAY?BFM_REV_32_0

?PR?METERING_ON?BFM_REV_32_0                  -----    -----      007CH    0002H
  +--> ?PR?SETUPPERFIGERS?BFM_REV_32_0

?PR?_MEMADDCONTROL?BFM_REV_32_0               -----    -----      0096H    001FH
  +--> ?CO?BFM_REV_32_0
  +--> ?PR?PREPAREWRITINGMEMORY?BFM_REV_32_0
  +--> ?PR?_FETCH_SPI?BFM_REV_32_0
  +--> ?PR?CLOSE_MEMORY?BFM_REV_32_0

?PR?PREPAREWRITINGMEMORY?BFM_REV_32_0         -----    -----      -----    -----
  +--> ?PR?MEMORY_REDY?BFM_REV_32_0
  +--> ?PR?OPEN_MEMORY?BFM_REV_32_0
  +--> ?PR?_FETCH_SPI?BFM_REV_32_0
  +--> ?PR?CLOSE_MEMORY?BFM_REV_32_0
  +--> ?PR?_DELAY?BFM_REV_32_0
  +--> ?PR?_ERROR?BFM_REV_32_0

?PR?MEMORY_REDY?BFM_REV_32_0                  -----    -----      00B5H    0001H
  +--> ?PR?OPEN_MEMORY?BFM_REV_32_0
  +--> ?PR?_FETCH_SPI?BFM_REV_32_0
BL51 BANKED LINKER/LOCATER V6.22                                                      10/06/2013  09:25:19  PAGE 6


  +--> ?PR?CLOSE_MEMORY?BFM_REV_32_0

?PR?CLOSE_MEMORY?BFM_REV_32_0                 -----    -----      -----    -----
  +--> ?PR?_DELAY?BFM_REV_32_0

?PR?_ERROR?BFM_REV_32_0                       -----    -----      -----    -----
  +--> ?PR?BLANKLCD?BFM_REV_32_0
  +--> ?PR?GETUPPERFIGERS?BFM_REV_32_0
  +--> ?PR?PRINT_LCD?BFM_REV_32_0
  +--> ?PR?LONGPEEP?BFM_REV_32_0
  +--> ?PR?_DELAY?BFM_REV_32_0

?PR?UPDATEBASICMEM?BFM_REV_32_0               -----    -----      007CH    0017H
  +--> ?CO?BFM_REV_32_0
  +--> ?PR?PREPAREWRITINGMEMORY?BFM_REV_32_0
  +--> ?PR?_FETCH_SPI?BFM_REV_32_0
  +--> ?PR?CLOSE_MEMORY?BFM_REV_32_0

?PR?READMEMORY?BFM_REV_32_0                   -----    -----      007CH    0005H
  +--> ?PR?GETNEXTADD?BFM_REV_32_0
  +--> ?PR?MEMORY_REDY?BFM_REV_32_0
  +--> ?PR?OPEN_MEMORY?BFM_REV_32_0
  +--> ?PR?_FETCH_SPI?BFM_REV_32_0
  +--> ?PR?SENTTOTHERMINAL?BFM_REV_32_0
  +--> ?PR?CLOSE_MEMORY?BFM_REV_32_0
  +--> ?PR?_ERROR?BFM_REV_32_0

?PR?GETNEXTADD?BFM_REV_32_0                   -----    -----      009AH    0001H
  +--> ?PR?MEMORY_REDY?BFM_REV_32_0
  +--> ?PR?OPEN_MEMORY?BFM_REV_32_0
  +--> ?PR?_FETCH_SPI?BFM_REV_32_0
  +--> ?PR?CLOSE_MEMORY?BFM_REV_32_0
  +--> ?PR?_ERROR?BFM_REV_32_0

?PR?UPDATE_RTC?BFM_REV_32_0                   -----    -----      -----    -----
  +--> ?PR?_RTC_CHANAL?BFM_REV_32_0
  +--> ?PR?_DELAY?BFM_REV_32_0
  +--> ?PR?_FETCH_SPI?BFM_REV_32_0
  +--> ?PR?_NUMB_2_BCD?BFM_REV_32_0

?PR?_NUMB_2_BCD?BFM_REV_32_0                  -----    -----      -----    -----
  +--> ?PR?_FETCH_SPI?BFM_REV_32_0

?PR?UPDATESIREALNUM?BFM_REV_32_0              -----    -----      007CH    0001H
  +--> ?PR?PREPAREWRITINGMEMORY?BFM_REV_32_0
  +--> ?PR?_FETCH_SPI?BFM_REV_32_0
  +--> ?PR?CLOSE_MEMORY?BFM_REV_32_0

?PR?GETSIREALNUM?BFM_REV_32_0                 -----    -----      007CH    0001H
  +--> ?PR?MEMORY_REDY?BFM_REV_32_0
  +--> ?PR?OPEN_MEMORY?BFM_REV_32_0
  +--> ?PR?_FETCH_SPI?BFM_REV_32_0
  +--> ?PR?CLOSE_MEMORY?BFM_REV_32_0
  +--> ?PR?_ERROR?BFM_REV_32_0

?PR?READMEMORYBASIC?BFM_REV_32_0              -----    -----      0077H    0001H
  +--> ?PR?MEMORY_REDY?BFM_REV_32_0
BL51 BANKED LINKER/LOCATER V6.22                                                      10/06/2013  09:25:19  PAGE 7


  +--> ?PR?OPEN_MEMORY?BFM_REV_32_0
  +--> ?PR?_FETCH_SPI?BFM_REV_32_0
  +--> ?PR?CLOSE_MEMORY?BFM_REV_32_0
  +--> ?PR?_ERROR?BFM_REV_32_0

?PR?TURN_OFF_MONITOR?BFM_REV_32_0             -----    -----      -----    -----
  +--> ?PR?PEEP?BFM_REV_32_0
  +--> ?PR?CHACKBATTRY?BFM_REV_32_0
  +--> ?PR?_GO_OUT?BFM_REV_32_0
  +--> ?PR?ENDMETERING?BFM_REV_32_0
  +--> ?PR?PREMETERING?BFM_REV_32_0
  +--> ?PR?_DELAY?BFM_REV_32_0
  +--> ?PR?_ERROR?BFM_REV_32_0
  +--> ?PR?LONGPEEP?BFM_REV_32_0

?PR?ENDMETERING?BFM_REV_32_0                  -----    -----      -----    -----
  +--> ?PR?RESET_PROB?BFM_REV_32_0
  +--> ?PR?WRITE_SETIONTO_MEM?BFM_REV_32_0
  +--> ?PR?_SEG_CARE?BFM_REV_32_0

?PR?WRITE_SETIONTO_MEM?BFM_REV_32_0           -----    -----      0079H    001DH
  +--> ?PR?GETNEXTADD?BFM_REV_32_0
  +--> ?PR?PREPAREWRITINGMEMORY?BFM_REV_32_0
  +--> ?PR?_FETCH_SPI?BFM_REV_32_0
  +--> ?PR?_TIRGOM?BFM_REV_32_0
  +--> ?PR?CLOSE_MEMORY?BFM_REV_32_0
  +--> ?PR?_DELAY?BFM_REV_32_0
  +--> ?PR?_MEMADDCONTROL?BFM_REV_32_0

?PR?PREMETERING?BFM_REV_32_0                  -----    -----      -----    -----
  +--> ?PR?_SEG_CARE?BFM_REV_32_0
  +--> ?PR?PRINT_LCD?BFM_REV_32_0
  +--> ?PR?SENSOR_CHECKUP?BFM_REV_32_0
  +--> ?PR?WARMUPSENSOR?BFM_REV_32_0

?PR?SENSOR_CHECKUP?BFM_REV_32_0               -----    -----      0079H    0001H
  +--> ?PR?RESET_PROB?BFM_REV_32_0
  +--> ?PR?_ERROR?BFM_REV_32_0
  +--> ?PR?CHACKVALIDPROB?BFM_REV_32_0
  +--> ?PR?CHACKSOFTPROB?BFM_REV_32_0
  +--> ?PR?_DELAY?BFM_REV_32_0
  +--> ?PR?GET_THR?BFM_REV_32_0

?PR?CHACKVALIDPROB?BFM_REV_32_0               -----    -----      -----    -----
  +--> ?PR?_GO_OUT?BFM_REV_32_0
  +--> ?PR?_DELAY?BFM_REV_32_0
  +--> ?PR?CHECKINPUT?BFM_REV_32_0

?PR?CHACKSOFTPROB?BFM_REV_32_0                -----    -----      -----    -----
  +--> ?PR?_GO_OUT?BFM_REV_32_0
  +--> ?PR?_DELAY?BFM_REV_32_0
  +--> ?PR?CHECKINPUT?BFM_REV_32_0

?PR?GET_THR?BFM_REV_32_0                      -----    -----      -----    -----
  +--> ?PR?_GO_OUT?BFM_REV_32_0
  +--> ?PR?_DELAY?BFM_REV_32_0
  +--> ?PR?CHECKINPUT?BFM_REV_32_0
BL51 BANKED LINKER/LOCATER V6.22                                                      10/06/2013  09:25:19  PAGE 8



?PR?WARMUPSENSOR?BFM_REV_32_0                 -----    -----      0079H    0001H
  +--> ?PR?GET_THR?BFM_REV_32_0
  +--> ?PR?_SETHEATER?BFM_REV_32_0
  +--> ?PR?_DELAY?BFM_REV_32_0
  +--> ?PR?_ERROR?BFM_REV_32_0
  +--> ?PR?GET_DIFFERENCE?BFM_REV_32_0

?PR?_SETHEATER?BFM_REV_32_0                   -----    -----      -----    -----
  +--> ?PR?_TIRGOM?BFM_REV_32_0
  +--> ?PR?_GO_OUT?BFM_REV_32_0
  +--> ?PR?_DELAY?BFM_REV_32_0

?PR?GET_DIFFERENCE?BFM_REV_32_0               -----    -----      -----    -----
  +--> ?PR?_GO_OUT?BFM_REV_32_0
  +--> ?PR?_DELAY?BFM_REV_32_0
  +--> ?PR?CHECKINPUT?BFM_REV_32_0

?PR?CHECK_MENU?BFM_REV_32_0                   -----    -----      0077H    0002H
  +--> ?PR?KEYPAD?BFM_REV_32_0
  +--> ?PR?_GO_OUT?BFM_REV_32_0
  +--> ?PR?PEEP?BFM_REV_32_0
  +--> ?PR?_SEG_CARE?BFM_REV_32_0
  +--> ?PR?RESTART_LCD?BFM_REV_32_0
  +--> ?PR?PREMETERING?BFM_REV_32_0
  +--> ?PR?LONGPEEP?BFM_REV_32_0
  +--> ?PR?_DELAY?BFM_REV_32_0
  +--> ?PR?DISPLAYMEMORY?BFM_REV_32_0
  +--> ?PR?_LIGHT_INTENSITY?BFM_REV_32_0
  +--> ?PR?PRINTLOWCHARSEGMENT?BFM_REV_32_0
  +--> ?PR?SETUPPERFIGERS?BFM_REV_32_0
  +--> ?PR?BLANKLCD?BFM_REV_32_0
  +--> ?PR?UPDATE_RTC?BFM_REV_32_0
  +--> ?PR?CAL_LAST_24HR?BFM_REV_32_0
  +--> ?PR?START_DISPLAY?BFM_REV_32_0
  +--> ?PR?CHACKBATTRY?BFM_REV_32_0
  +--> ?PR?UPDATEBASICMEM?BFM_REV_32_0
  +--> ?PR?GET_DATE_TIME?BFM_REV_32_0
  +--> ?PR?SENSOR_CHECKUP?BFM_REV_32_0
  +--> ?PR?WARMUPSENSOR?BFM_REV_32_0
  +--> ?PR?ENDMETERING?BFM_REV_32_0
  +--> ?PR?PRINT_LCD?BFM_REV_32_0

?PR?DISPLAYMEMORY?BFM_REV_32_0                -----    -----      -----    -----
  +--> ?PR?FISING_MEMORY?BFM_REV_32_0
  +--> ?PR?BLANKLCD?BFM_REV_32_0
  +--> ?PR?_SEG_CARE?BFM_REV_32_0
  +--> ?PR?CHACKBATTRY?BFM_REV_32_0
  +--> ?PR?SETUPPERFIGERS?BFM_REV_32_0
  +--> ?PR?PRINTLOWCHARSEGMENT?BFM_REV_32_0
  +--> ?PR?PRINT_LCD?BFM_REV_32_0

?PR?FISING_MEMORY?BFM_REV_32_0                -----    -----      007CH    001CH
  +--> ?PR?CAL_MEMORY_ADD?BFM_REV_32_0
  +--> ?PR?MEMORY_REDY?BFM_REV_32_0
  +--> ?PR?OPEN_MEMORY?BFM_REV_32_0
  +--> ?PR?_FETCH_SPI?BFM_REV_32_0
BL51 BANKED LINKER/LOCATER V6.22                                                      10/06/2013  09:25:19  PAGE 9


  +--> ?PR?CLOSE_MEMORY?BFM_REV_32_0
  +--> ?PR?_ERROR?BFM_REV_32_0

?PR?CAL_MEMORY_ADD?BFM_REV_32_0               -----    -----      0098H    0002H
  +--> ?PR?GETNEXTADD?BFM_REV_32_0
  +--> ?PR?LONGPEEP?BFM_REV_32_0

?PR?PRINTLOWCHARSEGMENT?BFM_REV_32_0          -----    -----      -----    -----
  +--> ?PR?_NUM_TO_SEG_LOWER?BFM_REV_32_0

?PR?_LIGHT_INTENSITY?BFM_REV_32_0             -----    -----      -----    -----
  +--> ?PR?LONGPEEP?BFM_REV_32_0
  +--> ?PR?PEEP?BFM_REV_32_0

?PR?CAL_LAST_24HR?BFM_REV_32_0                -----    -----      0079H    0003H
  +--> ?PR?GET_DATE_TIME?BFM_REV_32_0
  +--> ?PR?GETNEXTADD?BFM_REV_32_0
  +--> ?PR?FISING_MEMORY?BFM_REV_32_0
  +--> ?PR?DISPLAY_LAST_24HR?BFM_REV_32_0

?PR?DISPLAY_LAST_24HR?BFM_REV_32_0            -----    -----      -----    -----
  +--> ?PR?BLANKLCD?BFM_REV_32_0
  +--> ?PR?PRINT_LCD?BFM_REV_32_0
  +--> ?PR?SETUPPERFIGERS?BFM_REV_32_0
  +--> ?PR?PRINTLOWCHARSEGMENT?BFM_REV_32_0
  +--> ?PR?_SEG_CARE?BFM_REV_32_0

?PR?CHACKUSB?BFM_REV_32_0                     -----    -----      -----    -----
  +--> ?PR?_SEG_CARE?BFM_REV_32_0



SYMBOL TABLE OF MODULE:  MONITOR_BFM_32_q (BFM_REV_32_0)

  VALUE           TYPE          NAME
  ----------------------------------

  -------         MODULE        BFM_REV_32_0
  C:0000H         SYMBOL        _ICE_DUMMY_
  X:0000H         PUBLIC        HistoryMode
  X:0001H         PUBLIC        Menu_Mode
  D:00A2H         PUBLIC        SPI0CKR
  X:0002H         PUBLIC        Baby
  D:0080H         PUBLIC        P0
  D:0090H         PUBLIC        P1
  B:0020H.0       PUBLIC        Cursor
  D:00A0H         PUBLIC        P2
  D:00BCH         PUBLIC        ADC0CF
  X:0003H         PUBLIC        StabeTime
  D:00E6H         PUBLIC        EIE1
  C:176AH         PUBLIC        Sensor_CheckUp
  B:00A8H.7       PUBLIC        EA
  X:0004H         PUBLIC        Sub_Volume
  X:0008H         PUBLIC        BurthDate
  C:24CDH         PUBLIC        _SetHeater
  D:00E8H         PUBLIC        ADC0CN
  C:2566H         PUBLIC        SentToTherminal
BL51 BANKED LINKER/LOCATER V6.22                                                      10/06/2013  09:25:19  PAGE 10


  D:00A4H         PUBLIC        P0MDOUT
  C:26D0H         PUBLIC        Sent_Ack
  C:2303H         PUBLIC        _Error
  D:00CBH         PUBLIC        TMR2RLH
  D:00A8H         PUBLIC        IE
  D:00A6H         PUBLIC        P2MDOUT
  B:00A0H.5       PUBLIC        LCD_CLK
  C:263FH         PUBLIC        ChackSoftProb
  X:000EH         PUBLIC        DateTime
  C:2000H         PUBLIC        _MemAddControl
  X:0018H         PUBLIC        LCD_Buffer
  D:00FCH         PUBLIC        PCA0CPH0
  B:0090H.1       PUBLIC        Kpad_2
  C:26C6H         PUBLIC        SPI0_Init
  B:0090H.2       PUBLIC        Kpad_3
  X:0028H         PUBLIC        SensorWatchDog
  B:00C8H.7       PUBLIC        TF2H
  B:0090H.3       PUBLIC        Kpad_4
  C:002EH         PUBLIC        GetUpperFigers
  C:1F47H         PUBLIC        Turn_off_Monitor
  X:0029H         PUBLIC        Units
  B:00A0H.1       PUBLIC        Mem_CS
  B:0090H.4       PUBLIC        Kpad_5
  X:002AH         PUBLIC        FlowFlag
  D:00DAH         PUBLIC        PCA0CPM0
  D:00D9H         PUBLIC        PCA0MD
  D:00D8H         PUBLIC        PCA0CN
  B:0090H.5       PUBLIC        Kpad_6
  X:002BH         PUBLIC        PowerSaveCunter
  B:0090H.0       PUBLIC        Kpad_7
  D:00B8H         PUBLIC        IP
  X:002CH         PUBLIC        OverDiff
  D:00E1H         PUBLIC        XBR0
  X:002EH         PUBLIC        SlvEndOfTran
  C:24FEH         PUBLIC        PrintLowCharSegment
  C:21F0H         PUBLIC        Restart_LCD
  D:00E2H         PUBLIC        XBR1
  X:002FH         PUBLIC        ThrmDiffBuff
  B:00A0H.4       PUBLIC        Buzzr
  D:00D1H         PUBLIC        REF0CN
  X:0035H         PUBLIC        GenBuff
  D:00C9H         PUBLIC        REG0CN
  C:1BFAH         PUBLIC        SetUpperFigers
  B:00E8H.5       PUBLIC        AD0INT
  D:00C0H         PUBLIC        SMB0CN
  C:1186H         PUBLIC        main
  B:0080H.7       PUBLIC        WACT_CS
  C:2105H         PUBLIC        _Light_Intensity
  C:1A7DH         PUBLIC        Cal_Last_24hr
  C:1587H         PUBLIC        Write_SetionTo_Mem
  D:00FFH         PUBLIC        VDM0CN
  X:003BH         PUBLIC        StartTimeStatus
  X:003CH         PUBLIC        ACK_Flag
  C:2524H         PUBLIC        peep
  D:00F3H         PUBLIC        P2MDIN
  X:003DH         PUBLIC        SlaveRev
  D:00F8H         PUBLIC        SPI0CN
BL51 BANKED LINKER/LOCATER V6.22                                                      10/06/2013  09:25:19  PAGE 11


  X:0040H         PUBLIC        ProbOK
  C:264EH         PUBLIC        Get_Thr
  C:233FH         PUBLIC        Update_RTC
  X:0041H         PUBLIC        NumOfBabies
  C:26E6H         PUBLIC        _LCD_CS_Mode
  X:0042H         PUBLIC        Pos
  X:0043H         PUBLIC        InFlag
  C:26E0H         PUBLIC        _RTC_chanal
  D:0089H         PUBLIC        TMOD
  D:0088H         PUBLIC        TCON
  C:2472H         PUBLIC        Timer2
  X:0044H         PUBLIC        OutFlag
  C:26ECH         PUBLIC        _LCD_DATA_Mode
  C:22C2H         PUBLIC        GetSirealNum
  D:00C8H         PUBLIC        TMR2CN
  C:25EDH         PUBLIC        _Fetch_SPI
  C:2583H         PUBLIC        Reset_LCD
  X:0045H         PUBLIC        MeterOnFlag
  C:24A9H         PUBLIC        PrepareWritingMemory
  D:00D6H         PUBLIC        P2SKIP
  X:0046H         PUBLIC        MainThrBuff
  C:260DH         PUBLIC        PORT_Init
  C:1C74H         PUBLIC        WarmUPSensor
  C:0BCFH         PUBLIC        Metering_ON
  C:2545H         PUBLIC        Longpeep
  C:26BCH         PUBLIC        BlankLCD
  X:0048H         PUBLIC        ClockQ
  D:00A9H         PUBLIC        CLKSEL
  C:07C6H         PUBLIC        KeyPad
  X:0049H         PUBLIC        VolumeOf_24H
  C:06A2H         PUBLIC        Fising_Memory
  D:00B2H         PUBLIC        OSCICN
  C:18C7H         PUBLIC        _Num_To_Seg_Lower
  C:23E2H         SYMBOL        _?ix1000
  C:23FFH         SYMBOL        _?ix1001
  C:1CE9H         PUBLIC        Print_LCD
  X:004BH         PUBLIC        DelayT
  X:004CH         PUBLIC        CompThrBuff
  C:2630H         PUBLIC        ChackUSB
  B:00A0H.7       PUBLIC        LCD_CS
  X:004EH         PUBLIC        PrevKey
  D:00B9H         PUBLIC        CLKMUL
  C:2689H         PUBLIC        PCA_Init
  B:0098H.0       PUBLIC        RI0
  X:004FH         PUBLIC        Comm_Buffer
  C:1DC6H         PUBLIC        Start_Display
  B:0098H.1       PUBLIC        TI0
  D:008DH         PUBLIC        TH1
  C:1B7EH         PUBLIC        UartIsr
  C:2415H         PUBLIC        GetNextAdd
  B:00A0H.6       PUBLIC        LCD_DATA
  C:1EE9H         PUBLIC        _Send_LCD_comm
  C:25B9H         PUBLIC        _Numb_2_BCD
  B:00A0H.3       PUBLIC        SWICTH
  X:005DH         PUBLIC        ChargeMode
  X:005EH         PUBLIC        LightDisplay
  C:1E24H         PUBLIC        _Num_To_Seg
BL51 BANKED LINKER/LOCATER V6.22                                                      10/06/2013  09:25:19  PAGE 12


  C:26D9H         PUBLIC        Close_Memory
  B:0088H.4       PUBLIC        TR0
  X:0060H         PUBLIC        Segment
  C:1800H         PUBLIC        ChackBattry
  B:0088H.6       PUBLIC        TR1
  C:0056H         PUBLIC        Check_Menu
  C:20AFH         PUBLIC        DisplayMemory
  C:0003H         PUBLIC        EndMetering
  C:2376H         PUBLIC        Update_TimeDate
  C:2156H         PUBLIC        Cal_Memory_Add
  C:13DDH         PUBLIC        _SEG_care
  X:0061H         PUBLIC        BuffZ
  C:1E89H         PUBLIC        ReadMemoryBasic
  D:0099H         PUBLIC        SBUF0
  X:0065H         PUBLIC        Scalibration
  D:00EFH         PUBLIC        RSTSRC
  C:0026H         PUBLIC        UART0_Init
  D:0098H         PUBLIC        SCON0
  D:00BAH         PUBLIC        AMX0N
  B:00A0H.2       PUBLIC        SW_OFF
  C:26A3H         PUBLIC        ChackValidProb
  X:0066H         PUBLIC        Feed_Time
  D:00BBH         PUBLIC        AMX0P
  C:259EH         PUBLIC        A_TO_D
  B:0090H.6       PUBLIC        USB_ON
  X:0067H         PUBLIC        SoftRevOK
  C:2238H         PUBLIC        PreMetering
  X:0068H         PUBLIC        HtrPwr
  X:0069H         PUBLIC        BuffLength
  C:1D54H         PUBLIC        UpdateBasicMem
  X:006AH         PUBLIC        StabeFlag
  X:006BH         PUBLIC        Clock
  D:00A1H         PUBLIC        SPI0CFG
  C:244BH         PUBLIC        _GO_OUT
  C:2620H         PUBLIC        ADC0_Init
  C:2058H         PUBLIC        _BCD_2_NUMB
  D:008EH         PUBLIC        CKCON
  X:006DH         PUBLIC        CursorClock
  X:006EH         PUBLIC        MemoryReadCunter
  C:0050H         PUBLIC        Open_Memory
  C:2696H         PUBLIC        _Delay
  C:265DH         PUBLIC        Get_Difference
  C:21A5H         PUBLIC        Display_Last_24hr
  C:2280H         PUBLIC        Get_Date_Time
  C:23ADH         PUBLIC        Memory_Redy
  C:0800H         PUBLIC        CheckInput
  X:006FH         PUBLIC        BattryLevel
  C:1FACH         PUBLIC        _Tirgom
  X:0071H         PUBLIC        OK_Flag
  C:26F2H         PUBLIC        _LCD_CLK_Mode
  D:00A3H         PUBLIC        SPI0DAT
  D:00BDH         PUBLIC        ADC0
  C:25D1H         PUBLIC        Timer_Init
  B:00E8H.4       PUBLIC        AD0BUSY
  D:00D0H         PUBLIC        PSW
  C:267BH         PUBLIC        Reset_Prob
  X:0072H         PUBLIC        Volume
BL51 BANKED LINKER/LOCATER V6.22                                                      10/06/2013  09:25:19  PAGE 13


  C:1960H         PUBLIC        ReadMemory
  X:0074H         PUBLIC        FeedSide
  C:1AFFH         PUBLIC        UpdateSirealNum
  -------         PROC          RESTART_LCD
  -------         DO            
  D:0007H         SYMBOL        a
  -------         ENDDO         
  C:21F0H         LINE#         27
  C:21F0H         LINE#         28
  C:21F0H         LINE#         32
  C:21F9H         LINE#         33
  C:21FEH         LINE#         34
  C:2207H         LINE#         35
  C:220CH         LINE#         36
  C:2215H         LINE#         37
  C:221AH         LINE#         40
  C:2224H         LINE#         41
  C:2227H         LINE#         42
  C:222CH         LINE#         45
  C:222FH         LINE#         46
  C:2232H         LINE#         47
  C:2235H         LINE#         48
  -------         ENDPROC       RESTART_LCD
  -------         PROC          BLANKLCD
  -------         DO            
  D:0007H         SYMBOL        a
  -------         ENDDO         
  C:26BCH         LINE#         54
  C:26BCH         LINE#         55
  C:26BCH         LINE#         58
  C:26C5H         LINE#         59
  -------         ENDPROC       BLANKLCD
  -------         PROC          RESET_LCD
  -------         DO            
  D:0007H         SYMBOL        a
  -------         ENDDO         
  C:2583H         LINE#         65
  C:2583H         LINE#         66
  C:2583H         LINE#         68
  C:2588H         LINE#         69
  C:258DH         LINE#         70
  C:2592H         LINE#         71
  C:2599H         LINE#         72
  -------         ENDPROC       RESET_LCD
  -------         PROC          _SEND_LCD_COMM
  X:00B8H         SYMBOL        b
  X:00BAH         SYMBOL        pos
  -------         DO            
  X:00BBH         SYMBOL        a
  D:0007H         SYMBOL        x
  -------         ENDDO         
  C:1EE9H         LINE#         81
  C:1EF3H         LINE#         82
  C:1EF3H         LINE#         84
  C:1EF6H         LINE#         87
  C:1F0CH         LINE#         88
  C:1F1AH         LINE#         89
BL51 BANKED LINKER/LOCATER V6.22                                                      10/06/2013  09:25:19  PAGE 14


  C:1F22H         LINE#         90
  C:1F27H         LINE#         91
  C:1F2EH         LINE#         92
  C:1F33H         LINE#         93
  C:1F3AH         LINE#         94
  C:1F3FH         LINE#         95
  C:1F46H         LINE#         97
  -------         ENDPROC       _SEND_LCD_COMM
  -------         PROC          PRINT_LCD
  -------         DO            
  X:00B5H         SYMBOL        a
  X:00B6H         SYMBOL        SEG
  X:00B7H         SYMBOL        c
  D:0007H         SYMBOL        x
  -------         ENDDO         
  C:1CE9H         LINE#         112
  C:1CE9H         LINE#         113
  C:1CE9H         LINE#         117
  C:1CECH         LINE#         118
  C:1CF5H         LINE#         121
  C:1D04H         LINE#         122
  C:1D0CH         LINE#         123
  C:1D0FH         LINE#         124
  C:1D19H         LINE#         125
  C:1D1EH         LINE#         126
  C:1D25H         LINE#         127
  C:1D2AH         LINE#         128
  C:1D31H         LINE#         129
  C:1D36H         LINE#         130
  C:1D3CH         LINE#         131
  C:1D48H         LINE#         132
  C:1D4FH         LINE#         133
  -------         ENDPROC       PRINT_LCD
  -------         PROC          MEMORY_REDY
  -------         DO            
  X:00B5H         SYMBOL        a
  -------         ENDDO         
  C:23ADH         LINE#         66
  C:23ADH         LINE#         67
  C:23ADH         LINE#         70
  C:23B1H         LINE#         71
  C:23B4H         LINE#         72
  C:23B9H         LINE#         74
  C:23C2H         LINE#         75
  C:23CFH         LINE#         76
  C:23D2H         LINE#         77
  C:23DFH         LINE#         78
  C:23E1H         LINE#         79
  -------         ENDPROC       MEMORY_REDY
  -------         PROC          GETNEXTADD
  -------         DO            
  X:009AH         SYMBOL        a
  -------         ENDDO         
  C:2415H         LINE#         84
  C:2415H         LINE#         85
  C:2415H         LINE#         88
  C:241BH         LINE#         89
BL51 BANKED LINKER/LOCATER V6.22                                                      10/06/2013  09:25:19  PAGE 15


  C:241EH         LINE#         90
  C:2423H         LINE#         91
  C:2428H         LINE#         92
  C:242DH         LINE#         94
  C:2436H         LINE#         95
  C:2439H         LINE#         96
  C:243EH         LINE#         97
  C:243EH         LINE#         98
  C:2443H         LINE#         100
  -------         ENDPROC       GETNEXTADD
  -------         PROC          _MEMADDCONTROL
  X:0096H         SYMBOL        Page
  -------         DO            
  X:0097H         SYMBOL        a
  X:0098H         SYMBOL        name
  -------         ENDDO         
  C:2000H         LINE#         105
  C:2004H         LINE#         106
  C:2004H         LINE#         108
  C:200EH         LINE#         110
  C:2011H         LINE#         112
  C:2016H         LINE#         113
  C:201BH         LINE#         114
  C:2022H         LINE#         115
  C:2027H         LINE#         116
  C:202CH         LINE#         117
  C:2031H         LINE#         118
  C:2036H         LINE#         119
  C:2055H         LINE#         120
  -------         ENDPROC       _MEMADDCONTROL
  -------         PROC          UPDATESIREALNUM
  -------         DO            
  X:007CH         SYMBOL        a
  -------         ENDDO         
  C:1AFFH         LINE#         129
  C:1AFFH         LINE#         130
  C:1AFFH         LINE#         135
  C:1B02H         LINE#         136
  C:1B07H         LINE#         137
  C:1B0CH         LINE#         139
  C:1B11H         LINE#         140
  C:1B16H         LINE#         141
  C:1B2FH         LINE#         142
  C:1B34H         LINE#         143
  C:1B39H         LINE#         144
  C:1B3EH         LINE#         146
  C:1B43H         LINE#         147
  C:1B48H         LINE#         148
  C:1B4DH         LINE#         149
  C:1B52H         LINE#         150
  C:1B57H         LINE#         152
  C:1B76H         LINE#         153
  C:1B7BH         LINE#         154
  -------         ENDPROC       UPDATESIREALNUM
  -------         PROC          UPDATEBASICMEM
  -------         DO            
  X:007CH         SYMBOL        a
BL51 BANKED LINKER/LOCATER V6.22                                                      10/06/2013  09:25:19  PAGE 16


  X:007DH         SYMBOL        name
  -------         ENDDO         
  C:1D54H         LINE#         161
  C:1D54H         LINE#         162
  C:1D54H         LINE#         164
  C:1D5EH         LINE#         167
  C:1D61H         LINE#         168
  C:1D66H         LINE#         169
  C:1D6BH         LINE#         171
  C:1D70H         LINE#         172
  C:1D75H         LINE#         173
  C:1D8EH         LINE#         174
  C:1D93H         LINE#         175
  C:1D98H         LINE#         176
  C:1D9DH         LINE#         180
  C:1DBCH         LINE#         181
  -------         ENDPROC       UPDATEBASICMEM
  -------         PROC          GETSIREALNUM
  -------         DO            
  X:007CH         SYMBOL        a
  -------         ENDDO         
  C:22C2H         LINE#         190
  C:22C2H         LINE#         191
  C:22C2H         LINE#         193
  C:22CAH         LINE#         194
  C:22CDH         LINE#         195
  C:22D2H         LINE#         196
  C:22D7H         LINE#         197
  C:22DCH         LINE#         200
  C:22FAH         LINE#         201
  C:22FDH         LINE#         202
  C:22FDH         LINE#         203
  C:2302H         LINE#         204
  -------         ENDPROC       GETSIREALNUM
  -------         PROC          READMEMORYBASIC
  -------         DO            
  X:0077H         SYMBOL        a
  -------         ENDDO         
  C:1E89H         LINE#         209
  C:1E89H         LINE#         210
  C:1E89H         LINE#         214
  C:1E91H         LINE#         215
  C:1E94H         LINE#         216
  C:1E99H         LINE#         217
  C:1E9EH         LINE#         218
  C:1EA3H         LINE#         221
  C:1EC5H         LINE#         223
  C:1ECAH         LINE#         225
  C:1ED5H         LINE#         227
  C:1EE0H         LINE#         228
  C:1EE3H         LINE#         229
  C:1EE3H         LINE#         230
  C:1EE8H         LINE#         231
  -------         ENDPROC       READMEMORYBASIC
  -------         PROC          READMEMORY
  -------         DO            
  X:007CH         SYMBOL        a
BL51 BANKED LINKER/LOCATER V6.22                                                      10/06/2013  09:25:19  PAGE 17


  X:007EH         SYMBOL        add
  X:0080H         SYMBOL        b
  -------         ENDDO         
  C:1960H         LINE#         241
  C:1960H         LINE#         242
  C:1960H         LINE#         246
  C:196DH         LINE#         247
  C:1981H         LINE#         249
  C:1989H         LINE#         250
  C:198CH         LINE#         251
  C:1991H         LINE#         252
  C:1996H         LINE#         253
  C:199BH         LINE#         257
  C:19BAH         LINE#         258
  C:19D8H         LINE#         259
  C:19DBH         LINE#         260
  C:19E8H         LINE#         261
  C:19EBH         LINE#         262
  C:19EBH         LINE#         263
  C:19F0H         LINE#         264
  -------         ENDPROC       READMEMORY
  -------         PROC          WRITE_SETIONTO_MEM
  -------         DO            
  X:0079H         SYMBOL        a
  X:007AH         SYMBOL        b
  X:007BH         SYMBOL        Addres
  X:007DH         SYMBOL        Record
  -------         ENDDO         
  C:1587H         LINE#         270
  C:1587H         LINE#         271
  C:1587H         LINE#         276
  C:158EH         LINE#         277
  C:15A2H         LINE#         279
  C:15A5H         LINE#         281
  C:15AFH         LINE#         282
  C:15B7H         LINE#         283
  C:15BCH         LINE#         285
  C:15C9H         LINE#         286
  C:15CCH         LINE#         287
  C:15D1H         LINE#         289
  C:15F7H         LINE#         291
  C:15FCH         LINE#         293
  C:1609H         LINE#         294
  C:160CH         LINE#         295
  C:1611H         LINE#         297
  C:1614H         LINE#         298
  C:161CH         LINE#         299
  C:1624H         LINE#         300
  C:1628H         LINE#         302
  C:1632H         LINE#         303
  C:163AH         LINE#         304
  C:1642H         LINE#         305
  C:164AH         LINE#         306
  C:1652H         LINE#         308
  C:165FH         LINE#         309
  C:1662H         LINE#         310
  C:1667H         LINE#         312
BL51 BANKED LINKER/LOCATER V6.22                                                      10/06/2013  09:25:19  PAGE 18


  C:1686H         LINE#         313
  C:1689H         LINE#         314
  C:168EH         LINE#         315
  C:1693H         LINE#         316
  -------         ENDPROC       WRITE_SETIONTO_MEM
  -------         PROC          FISING_MEMORY
  -------         DO            
  X:007CH         SYMBOL        Addres
  X:007EH         SYMBOL        a
  X:007FH         SYMBOL        memory
  -------         ENDDO         
  C:06A2H         LINE#         323
  C:06A2H         LINE#         324
  C:06A2H         LINE#         329
  C:06ACH         LINE#         331
  C:06B6H         LINE#         332
  C:06B9H         LINE#         333
  C:06BEH         LINE#         334
  C:06C8H         LINE#         335
  C:06D0H         LINE#         337
  C:06F2H         LINE#         339
  C:06F5H         LINE#         341
  C:06FBH         LINE#         342
  C:0701H         LINE#         343
  C:0707H         LINE#         344
  C:070DH         LINE#         345
  C:0713H         LINE#         346
  C:0719H         LINE#         347
  C:071FH         LINE#         348
  C:0725H         LINE#         349
  C:072BH         LINE#         350
  C:0731H         LINE#         354
  C:073BH         LINE#         355
  C:0744H         LINE#         356
  C:074AH         LINE#         357
  C:0762H         LINE#         358
  C:077AH         LINE#         359
  C:0790H         LINE#         360
  C:07A1H         LINE#         362
  C:07A6H         LINE#         363
  C:07B0H         LINE#         364
  C:07B4H         LINE#         365
  C:07BFH         LINE#         368
  C:07C0H         LINE#         369
  C:07C5H         LINE#         370
  -------         ENDPROC       FISING_MEMORY
  -------         PROC          CAL_MEMORY_ADD
  -------         DO            
  X:0098H         SYMBOL        Addres
  -------         ENDDO         
  C:2156H         LINE#         375
  C:2156H         LINE#         376
  C:2156H         LINE#         379
  C:2173H         LINE#         380
  C:217DH         LINE#         381
  C:2182H         LINE#         382
  C:218AH         LINE#         383
BL51 BANKED LINKER/LOCATER V6.22                                                      10/06/2013  09:25:19  PAGE 19


  C:218DH         LINE#         384
  C:218DH         LINE#         385
  C:21A4H         LINE#         386
  C:21A4H         LINE#         387
  -------         ENDPROC       CAL_MEMORY_ADD
  -------         PROC          DISPLAYMEMORY
  C:20AFH         LINE#         392
  C:20AFH         LINE#         393
  C:20AFH         LINE#         394
  C:20B2H         LINE#         395
  C:20B5H         LINE#         399
  C:20C0H         LINE#         400
  C:20C5H         LINE#         403
  C:20D1H         LINE#         404
  C:20D6H         LINE#         406
  C:20DDH         LINE#         407
  C:20E4H         LINE#         408
  C:20EBH         LINE#         409
  C:20F2H         LINE#         410
  C:20F9H         LINE#         411
  C:20FCH         LINE#         412
  C:20FFH         LINE#         413
  C:2102H         LINE#         414
  -------         ENDPROC       DISPLAYMEMORY
  -------         PROC          L?0728
  -------         ENDPROC       L?0728
  -------         PROC          PREPAREWRITINGMEMORY
  C:24A9H         LINE#         425
  C:24A9H         LINE#         426
  C:24A9H         LINE#         427
  C:24AFH         LINE#         428
  C:24B2H         LINE#         429
  C:24B7H         LINE#         430
  C:24BAH         LINE#         431
  C:24BFH         LINE#         432
  C:24C2H         LINE#         433
  C:24C7H         LINE#         434
  C:24C7H         LINE#         435
  C:24CCH         LINE#         436
  -------         ENDPROC       PREPAREWRITINGMEMORY
  -------         PROC          CAL_LAST_24HR
  -------         DO            
  D:0007H         SYMBOL        MemoryDay
  D:0006H         SYMBOL        MemoryHour
  X:0079H         SYMBOL        NowDay
  X:007AH         SYMBOL        NowHour
  X:007BH         SYMBOL        Maddres
  -------         ENDDO         
  C:1A7DH         LINE#         443
  C:1A7DH         LINE#         444
  C:1A7DH         LINE#         448
  C:1A80H         LINE#         449
  C:1A87H         LINE#         451
  C:1A95H         LINE#         452
  C:1AA3H         LINE#         454
  C:1AA3H         LINE#         455
  C:1AA6H         LINE#         456
BL51 BANKED LINKER/LOCATER V6.22                                                      10/06/2013  09:25:19  PAGE 20


  C:1AACH         LINE#         458
  C:1AB8H         LINE#         459
  C:1AC4H         LINE#         461
  C:1AD4H         LINE#         463
  C:1AE8H         LINE#         464
  C:1AF5H         LINE#         465
  C:1AFAH         LINE#         466
  C:1AFCH         LINE#         468
  -------         ENDPROC       CAL_LAST_24HR
  -------         PROC          DISPLAY_LAST_24HR
  C:21A5H         LINE#         477
  C:21A5H         LINE#         478
  C:21A5H         LINE#         479
  C:21A8H         LINE#         480
  C:21ABH         LINE#         481
  C:21B8H         LINE#         482
  C:21BDH         LINE#         483
  C:21C1H         LINE#         484
  C:21C5H         LINE#         485
  C:21C8H         LINE#         486
  C:21CDH         LINE#         487
  C:21CFH         LINE#         488
  C:21D1H         LINE#         489
  C:21D3H         LINE#         490
  C:21D5H         LINE#         491
  C:21D7H         LINE#         494
  C:21DAH         LINE#         495
  C:21DDH         LINE#         496
  C:21E8H         LINE#         497
  C:21EDH         LINE#         499
  -------         ENDPROC       DISPLAY_LAST_24HR
  -------         PROC          _NUMB_2_BCD
  D:0007H         SYMBOL        Num
  -------         DO            
  D:0006H         SYMBOL        ezer
  -------         ENDDO         
  C:25B9H         LINE#         35
  C:25B9H         LINE#         36
  C:25B9H         LINE#         39
  C:25C0H         LINE#         40
  C:25C4H         LINE#         41
  C:25CDH         LINE#         42
  -------         ENDPROC       _NUMB_2_BCD
  -------         PROC          UPDATE_RTC
  C:233FH         LINE#         50
  C:233FH         LINE#         51
  C:233FH         LINE#         54
  C:2344H         LINE#         55
  C:2349H         LINE#         56
  C:234EH         LINE#         57
  C:2353H         LINE#         58
  C:2358H         LINE#         59
  C:235DH         LINE#         60
  C:2362H         LINE#         61
  C:2367H         LINE#         62
  C:236CH         LINE#         63
  C:2371H         LINE#         64
BL51 BANKED LINKER/LOCATER V6.22                                                      10/06/2013  09:25:19  PAGE 21


  -------         ENDPROC       UPDATE_RTC
  -------         PROC          _BCD_2_NUMB
  X:007CH         SYMBOL        Num
  -------         DO            
  D:0007H         SYMBOL        ezer
  -------         ENDDO         
  C:2058H         LINE#         72
  C:205CH         LINE#         73
  C:205CH         LINE#         77
  C:2061H         LINE#         78
  C:206EH         LINE#         79
  C:207FH         LINE#         84
  C:20AEH         LINE#         87
  -------         ENDPROC       _BCD_2_NUMB
  -------         PROC          UPDATE_TIMEDATE
  C:2376H         LINE#         93
  C:2376H         LINE#         94
  C:2376H         LINE#         98
  C:237BH         LINE#         99
  C:2380H         LINE#         100
  C:2385H         LINE#         101
  C:238AH         LINE#         102
  C:238FH         LINE#         103
  C:2394H         LINE#         104
  C:2399H         LINE#         105
  C:239EH         LINE#         106
  C:23A3H         LINE#         107
  C:23A8H         LINE#         108
  -------         ENDPROC       UPDATE_TIMEDATE
  -------         PROC          MAIN
  -------         DO            
  X:0075H         SYMBOL        a
  -------         ENDDO         
  C:1186H         LINE#         269
  C:1186H         LINE#         270
  C:1186H         LINE#         273
  C:1188H         LINE#         274
  C:118BH         LINE#         279
  C:118EH         LINE#         281
  C:1191H         LINE#         282
  C:11ABH         LINE#         283
  C:11AEH         LINE#         284
  C:11B3H         LINE#         285
  C:11B6H         LINE#         286
  C:11B9H         LINE#         288
  C:11BCH         LINE#         289
  C:11D7H         LINE#         291
  C:11DAH         LINE#         293
  C:11DDH         LINE#         294
  C:11E0H         LINE#         295
  C:11E3H         LINE#         296
  C:11E6H         LINE#         297
  C:11E9H         LINE#         298
  C:11ECH         LINE#         304
  C:11EFH         LINE#         305
  C:11F2H         LINE#         306
  C:11F5H         LINE#         309
BL51 BANKED LINKER/LOCATER V6.22                                                      10/06/2013  09:25:19  PAGE 22


  C:11F7H         LINE#         312
  C:11FBH         LINE#         313
  C:11FEH         LINE#         314
  C:1201H         LINE#         315
  C:1204H         LINE#         316
  C:1206H         LINE#         318
  C:1209H         LINE#         319
  C:120CH         LINE#         320
  C:120FH         LINE#         323
  C:1214H         LINE#         324
  C:1218H         LINE#         325
  C:121CH         LINE#         326
  C:121FH         LINE#         327
  C:1222H         LINE#         328
  C:1225H         LINE#         329
  C:122AH         LINE#         330
  C:1233H         LINE#         331
  C:1238H         LINE#         332
  C:123CH         LINE#         333
  C:123FH         LINE#         334
  C:1246H         LINE#         337
  C:1249H         LINE#         338
  C:124EH         LINE#         339
  C:1251H         LINE#         340
  C:1256H         LINE#         341
  C:1259H         LINE#         342
  C:125EH         LINE#         343
  C:1261H         LINE#         344
  C:1266H         LINE#         347
  C:1268H         LINE#         348
  C:126DH         LINE#         349
  C:1272H         LINE#         350
  C:1274H         LINE#         351
  C:1277H         LINE#         352
  C:127AH         LINE#         353
  C:127DH         LINE#         354
  C:1280H         LINE#         356
  C:1283H         LINE#         363
  C:1283H         LINE#         365
  C:1289H         LINE#         366
  C:1294H         LINE#         367
  C:129DH         LINE#         369
  C:12A9H         LINE#         370
  C:12C6H         LINE#         371
  C:12CAH         LINE#         372
  C:12CDH         LINE#         373
  C:12D4H         LINE#         374
  C:12E6H         LINE#         375
  C:12FFH         LINE#         376
  C:131FH         LINE#         377
  C:1322H         LINE#         378
  C:1322H         LINE#         379
  C:1324H         LINE#         380
  C:1327H         LINE#         381
  C:132AH         LINE#         382
  C:132DH         LINE#         391
  C:133BH         LINE#         392
BL51 BANKED LINKER/LOCATER V6.22                                                      10/06/2013  09:25:19  PAGE 23


  C:1365H         LINE#         394
  C:136BH         LINE#         395
  C:136EH         LINE#         398
  C:137EH         LINE#         399
  C:1383H         LINE#         400
  C:1387H         LINE#         401
  C:138BH         LINE#         402
  C:138BH         LINE#         403
  C:13ACH         LINE#         404
  C:13AFH         LINE#         405
  C:13B1H         LINE#         406
  C:13B1H         LINE#         408
  C:13B1H         LINE#         409
  C:13B9H         LINE#         410
  C:13D1H         LINE#         411
  -------         ENDPROC       MAIN
  -------         PROC          PORT_INIT
  C:260DH         LINE#         436
  C:260DH         LINE#         437
  C:260DH         LINE#         441
  C:2610H         LINE#         453
  C:2613H         LINE#         455
  C:2616H         LINE#         456
  C:2619H         LINE#         464
  C:261CH         LINE#         467
  C:261FH         LINE#         469
  -------         ENDPROC       PORT_INIT
  -------         PROC          UART0_INIT
  C:0026H         LINE#         477
  C:0026H         LINE#         478
  C:0026H         LINE#         479
  C:0029H         LINE#         483
  -------         ENDPROC       UART0_INIT
  -------         PROC          ADC0_INIT
  C:2620H         LINE#         491
  C:2620H         LINE#         492
  C:2620H         LINE#         493
  C:2623H         LINE#         494
  C:2626H         LINE#         495
  C:2629H         LINE#         496
  C:262CH         LINE#         497
  C:262FH         LINE#         498
  -------         ENDPROC       ADC0_INIT
  -------         PROC          SPI0_INIT
  C:26C6H         LINE#         509
  C:26C6H         LINE#         510
  C:26C6H         LINE#         511
  C:26C9H         LINE#         513
  C:26CCH         LINE#         514
  C:26CFH         LINE#         515
  -------         ENDPROC       SPI0_INIT
  -------         PROC          TIMER_INIT
  C:25D1H         LINE#         521
  C:25D1H         LINE#         522
  C:25D1H         LINE#         525
  C:25D4H         LINE#         526
  C:25D7H         LINE#         527
BL51 BANKED LINKER/LOCATER V6.22                                                      10/06/2013  09:25:19  PAGE 24


  C:25DAH         LINE#         529
  C:25DDH         LINE#         530
  C:25E0H         LINE#         536
  C:25E2H         LINE#         537
  C:25E4H         LINE#         540
  -------         ENDPROC       TIMER_INIT
  -------         PROC          PCA_INIT
  C:2689H         LINE#         548
  C:2689H         LINE#         549
  C:2689H         LINE#         551
  C:268CH         LINE#         552
  C:268FH         LINE#         553
  C:2692H         LINE#         554
  C:2695H         LINE#         571
  -------         ENDPROC       PCA_INIT
  -------         PROC          _DELAY
  D:0007H         SYMBOL        z
  C:2696H         LINE#         579
  C:2696H         LINE#         580
  C:2696H         LINE#         581
  C:269AH         LINE#         582
  C:26A2H         LINE#         585
  -------         ENDPROC       _DELAY
  C:1DBFH         SYMBOL        L?0725
  -------         PROC          L?0724
  -------         ENDPROC       L?0724
  C:1DBFH         SYMBOL        L?0725
  -------         PROC          START_DISPLAY
  C:1DC6H         LINE#         592
  C:1DC6H         LINE#         593
  C:1DC6H         LINE#         594
  C:1DCAH         LINE#         595
  C:1DCFH         LINE#         598
  C:1DDAH         LINE#         599
  C:1DDFH         LINE#         602
  C:1DE6H         LINE#         603
  C:1DEDH         LINE#         604
  C:1DF1H         LINE#         605
  C:1DF8H         LINE#         606
  C:1DFFH         LINE#         609
  C:1E06H         LINE#         610
  C:1E09H         LINE#         612
  C:1E0CH         LINE#         613
  C:1E13H         LINE#         615
  C:1E1AH         LINE#         617
  C:1E21H         LINE#         618
  -------         ENDPROC       START_DISPLAY
  -------         PROC          CHACKBATTRY
  C:1800H         LINE#         630
  C:1800H         LINE#         631
  C:1800H         LINE#         632
  C:1807H         LINE#         633
  C:1809H         LINE#         634
  C:180CH         LINE#         637
  C:1818H         LINE#         638
  C:181FH         LINE#         639
  C:1826H         LINE#         640
BL51 BANKED LINKER/LOCATER V6.22                                                      10/06/2013  09:25:19  PAGE 25


  C:182DH         LINE#         641
  C:182DH         LINE#         642
  C:1839H         LINE#         643
  C:1840H         LINE#         644
  C:1847H         LINE#         645
  C:184EH         LINE#         646
  C:184EH         LINE#         647
  C:185AH         LINE#         648
  C:1861H         LINE#         649
  C:1868H         LINE#         650
  C:186FH         LINE#         651
  C:186FH         LINE#         652
  C:187BH         LINE#         653
  C:1882H         LINE#         654
  C:1889H         LINE#         655
  C:1890H         LINE#         656
  C:1893H         LINE#         657
  C:1895H         LINE#         658
  C:1895H         LINE#         659
  C:1899H         LINE#         660
  C:18A5H         LINE#         661
  C:18AFH         LINE#         662
  C:18AFH         LINE#         663
  C:18B2H         LINE#         664
  C:18B5H         LINE#         665
  C:18B8H         LINE#         666
  C:18BBH         LINE#         667
  C:18BBH         LINE#         669
  C:18BBH         LINE#         675
  C:18C0H         LINE#         676
  C:18C3H         LINE#         677
  C:18C6H         LINE#         679
  C:18C6H         LINE#         681
  -------         ENDPROC       CHACKBATTRY
  -------         PROC          _NUM_TO_SEG
  D:0007H         SYMBOL        num
  -------         DO            
  D:0006H         SYMBOL        SEG
  -------         ENDDO         
  C:1E24H         LINE#         687
  C:1E24H         LINE#         688
  C:1E24H         LINE#         693
  C:1E50H         LINE#         694
  C:1E54H         LINE#         695
  C:1E58H         LINE#         696
  C:1E5CH         LINE#         697
  C:1E60H         LINE#         698
  C:1E64H         LINE#         699
  C:1E68H         LINE#         700
  C:1E6CH         LINE#         701
  C:1E70H         LINE#         702
  C:1E74H         LINE#         703
  C:1E78H         LINE#         704
  C:1E7CH         LINE#         706
  C:1E80H         LINE#         707
  C:1E84H         LINE#         710
  C:1E86H         LINE#         711
BL51 BANKED LINKER/LOCATER V6.22                                                      10/06/2013  09:25:19  PAGE 26


  C:1E86H         LINE#         713
  C:1E88H         LINE#         715
  -------         ENDPROC       _NUM_TO_SEG
  -------         PROC          _NUM_TO_SEG_LOWER
  D:0007H         SYMBOL        num
  D:0005H         SYMBOL        Pos
  -------         DO            
  X:007CH         SYMBOL        SEG
  -------         ENDDO         
  C:18C7H         LINE#         723
  C:18C7H         LINE#         724
  C:18C7H         LINE#         727
  C:18D2H         LINE#         728
  C:18D2H         LINE#         730
  C:1901H         LINE#         731
  C:1903H         LINE#         732
  C:190AH         LINE#         733
  C:1911H         LINE#         734
  C:1918H         LINE#         735
  C:191FH         LINE#         736
  C:1926H         LINE#         737
  C:192DH         LINE#         738
  C:1934H         LINE#         739
  C:193BH         LINE#         740
  C:1942H         LINE#         741
  C:1949H         LINE#         742
  C:1950H         LINE#         743
  C:1956H         LINE#         744
  C:195BH         LINE#         745
  C:195BH         LINE#         746
  C:195BH         LINE#         747
  C:195FH         LINE#         750
  -------         ENDPROC       _NUM_TO_SEG_LOWER
  C:13D4H         SYMBOL        L?0721
  -------         PROC          L?0720
  -------         ENDPROC       L?0720
  C:13D4H         SYMBOL        L?0721
  -------         PROC          _SEG_CARE
  D:0007H         SYMBOL        Dcod
  D:0005H         SYMBOL        ON
  -------         DO            
  D:0006H         SYMBOL        a
  -------         ENDDO         
  C:13DDH         LINE#         752
  C:13DDH         LINE#         753
  C:13DDH         LINE#         756
  C:141EH         LINE#         758
  C:1422H         LINE#         759
  C:1427H         LINE#         760
  C:142DH         LINE#         761
  C:142EH         LINE#         763
  C:1432H         LINE#         764
  C:1437H         LINE#         765
  C:143DH         LINE#         766
  C:143EH         LINE#         768
  C:1442H         LINE#         769
  C:1447H         LINE#         770
BL51 BANKED LINKER/LOCATER V6.22                                                      10/06/2013  09:25:19  PAGE 27


  C:144DH         LINE#         771
  C:144EH         LINE#         773
  C:1452H         LINE#         774
  C:1457H         LINE#         775
  C:145DH         LINE#         776
  C:145EH         LINE#         778
  C:1462H         LINE#         779
  C:1467H         LINE#         780
  C:146DH         LINE#         781
  C:146EH         LINE#         784
  C:1472H         LINE#         785
  C:147AH         LINE#         786
  C:147DH         LINE#         787
  C:147FH         LINE#         789
  C:1483H         LINE#         790
  C:148BH         LINE#         791
  C:148EH         LINE#         792
  C:1490H         LINE#         794
  C:1494H         LINE#         795
  C:149CH         LINE#         796
  C:149FH         LINE#         797
  C:14A1H         LINE#         799
  C:14A5H         LINE#         800
  C:14ADH         LINE#         801
  C:14B0H         LINE#         802
  C:14B2H         LINE#         804
  C:14B6H         LINE#         805
  C:14BEH         LINE#         806
  C:14C1H         LINE#         807
  C:14C3H         LINE#         814
  C:14C7H         LINE#         815
  C:14CFH         LINE#         816
  C:14D2H         LINE#         817
  C:14D4H         LINE#         818
  C:14D8H         LINE#         819
  C:14DDH         LINE#         820
  C:14E3H         LINE#         821
  C:14E4H         LINE#         824
  C:14E8H         LINE#         825
  C:14EDH         LINE#         826
  C:14F3H         LINE#         827
  C:14F4H         LINE#         829
  C:14F8H         LINE#         830
  C:14FDH         LINE#         831
  C:1503H         LINE#         832
  C:1504H         LINE#         833
  C:1508H         LINE#         834
  C:150DH         LINE#         835
  C:1513H         LINE#         836
  C:1514H         LINE#         838
  C:1518H         LINE#         839
  C:151DH         LINE#         840
  C:1523H         LINE#         841
  C:1524H         LINE#         843
  C:1528H         LINE#         844
  C:152DH         LINE#         845
  C:1533H         LINE#         846
BL51 BANKED LINKER/LOCATER V6.22                                                      10/06/2013  09:25:19  PAGE 28


  C:1534H         LINE#         848
  C:1538H         LINE#         849
  C:153DH         LINE#         850
  C:1543H         LINE#         851
  C:1544H         LINE#         853
  C:1548H         LINE#         854
  C:154DH         LINE#         855
  C:1553H         LINE#         856
  C:1554H         LINE#         858
  C:1558H         LINE#         859
  C:155DH         LINE#         860
  C:1563H         LINE#         861
  C:1564H         LINE#         863
  C:1568H         LINE#         864
  C:156DH         LINE#         865
  C:1573H         LINE#         866
  C:1574H         LINE#         868
  C:1578H         LINE#         869
  C:1580H         LINE#         870
  C:1586H         LINE#         871
  C:1586H         LINE#         874
  C:1586H         LINE#         876
  -------         ENDPROC       _SEG_CARE
  -------         PROC          PEEP
  -------         DO            
  D:0006H         SYMBOL        a
  D:0004H         SYMBOL        b
  -------         ENDDO         
  C:2524H         LINE#         882
  C:2524H         LINE#         883
  C:2524H         LINE#         887
  C:2527H         LINE#         888
  C:2535H         LINE#         889
  C:2537H         LINE#         890
  C:2542H         LINE#         891
  C:2544H         LINE#         892
  -------         ENDPROC       PEEP
  -------         PROC          LONGPEEP
  -------         DO            
  D:0004H         SYMBOL        b
  D:0006H         SYMBOL        a
  -------         ENDDO         
  C:2545H         LINE#         898
  C:2545H         LINE#         899
  C:2545H         LINE#         903
  C:2548H         LINE#         904
  C:2556H         LINE#         905
  C:2558H         LINE#         906
  C:2563H         LINE#         907
  C:2565H         LINE#         908
  -------         ENDPROC       LONGPEEP
  -------         PROC          PREMETERING
  C:2238H         LINE#         915
  C:2238H         LINE#         916
  C:2238H         LINE#         918
  C:223CH         LINE#         919
  C:2245H         LINE#         920
BL51 BANKED LINKER/LOCATER V6.22                                                      10/06/2013  09:25:19  PAGE 29


  C:224BH         LINE#         922
  C:2255H         LINE#         923
  C:225AH         LINE#         924
  C:225AH         LINE#         925
  C:225DH         LINE#         927
  C:2260H         LINE#         928
  C:2265H         LINE#         929
  C:226BH         LINE#         930
  C:2271H         LINE#         931
  C:2274H         LINE#         932
  C:2279H         LINE#         933
  C:227AH         LINE#         934
  C:227FH         LINE#         935
  C:227FH         LINE#         936
  -------         ENDPROC       PREMETERING
  -------         PROC          ENDMETERING
  C:0003H         LINE#         943
  C:0003H         LINE#         944
  C:0003H         LINE#         945
  C:0006H         LINE#         946
  C:000AH         LINE#         947
  C:000DH         LINE#         948
  C:0010H         LINE#         949
  C:0017H         LINE#         950
  C:001CH         LINE#         954
  C:0020H         LINE#         955
  -------         ENDPROC       ENDMETERING
  -------         PROC          KEYPAD
  -------         DO            
  D:0007H         SYMBOL        INKey
  -------         ENDDO         
  C:07C6H         LINE#         960
  C:07C6H         LINE#         962
  C:07C6H         LINE#         963
  C:07C8H         LINE#         966
  C:07CDH         LINE#         967
  C:07D2H         LINE#         968
  C:07D7H         LINE#         969
  C:07DCH         LINE#         970
  C:07E1H         LINE#         971
  C:07E6H         LINE#         972
  C:07F0H         LINE#         973
  C:07F4H         LINE#         975
  C:07FDH         LINE#         977
  C:07FDH         LINE#         978
  -------         ENDPROC       KEYPAD
  -------         PROC          CHECK_MENU
  -------         DO            
  X:0077H         SYMBOL        INKey
  X:0078H         SYMBOL        a
  -------         ENDDO         
  C:0056H         LINE#         981
  C:0056H         LINE#         982
  C:0056H         LINE#         984
  C:005DH         LINE#         986
  C:0063H         LINE#         987
  C:006BH         LINE#         988
BL51 BANKED LINKER/LOCATER V6.22                                                      10/06/2013  09:25:19  PAGE 30


  C:0070H         LINE#         989
  C:0074H         LINE#         990
  C:0078H         LINE#         991
  C:007CH         LINE#         992
  C:007FH         LINE#         993
  C:0086H         LINE#         994
  C:0089H         LINE#         995
  C:0089H         LINE#         997
  C:0089H         LINE#         998
  C:0090H         LINE#         999
  C:0099H         LINE#         1000
  C:009BH         LINE#         1001
  C:009FH         LINE#         1002
  C:009FH         LINE#         1003
  C:00A2H         LINE#         1004
  C:00CAH         LINE#         1007
  C:00CAH         LINE#         1008
  C:00CDH         LINE#         1009
  C:00D2H         LINE#         1010
  C:00D4H         LINE#         1011
  C:00D7H         LINE#         1012
  C:00D9H         LINE#         1013
  C:00D9H         LINE#         1014
  C:00E3H         LINE#         1015
  C:00E3H         LINE#         1016
  C:00E6H         LINE#         1017
  C:00E9H         LINE#         1018
  C:00ECH         LINE#         1019
  C:00F0H         LINE#         1020
  C:00F0H         LINE#         1021
  C:00F0H         LINE#         1022
  C:00F2H         LINE#         1025
  C:00F2H         LINE#         1027
  C:00FEH         LINE#         1028
  C:00FEH         LINE#         1029
  C:0103H         LINE#         1031
  C:0108H         LINE#         1032
  C:010BH         LINE#         1033
  C:0110H         LINE#         1034
  C:0110H         LINE#         1035
  C:0112H         LINE#         1039
  C:0112H         LINE#         1040
  C:011EH         LINE#         1041
  C:011EH         LINE#         1044
  C:0125H         LINE#         1045
  C:012BH         LINE#         1046
  C:012FH         LINE#         1047
  C:012FH         LINE#         1048
  C:012FH         LINE#         1049
  C:0131H         LINE#         1051
  C:0131H         LINE#         1052
  C:013DH         LINE#         1053
  C:013DH         LINE#         1055
  C:0144H         LINE#         1056
  C:014AH         LINE#         1057
  C:014EH         LINE#         1058
  C:0151H         LINE#         1059
BL51 BANKED LINKER/LOCATER V6.22                                                      10/06/2013  09:25:19  PAGE 31


  C:0151H         LINE#         1060
  C:0153H         LINE#         1062
  C:0153H         LINE#         1063
  C:0158H         LINE#         1064
  C:015DH         LINE#         1065
  C:015DH         LINE#         1066
  C:015DH         LINE#         1067
  C:015DH         LINE#         1068
  C:015FH         LINE#         1069
  C:0161H         LINE#         1071
  C:0163H         LINE#         1073
  C:0163H         LINE#         1074
  C:0168H         LINE#         1075
  C:016DH         LINE#         1076
  C:0175H         LINE#         1077
  C:0178H         LINE#         1078
  C:017BH         LINE#         1079
  C:017BH         LINE#         1080
  C:017EH         LINE#         1081
  C:0183H         LINE#         1082
  C:0186H         LINE#         1083
  C:0188H         LINE#         1084
  C:018DH         LINE#         1086
  C:018FH         LINE#         1089
  C:018FH         LINE#         1090
  C:018FH         LINE#         1092
  C:0192H         LINE#         1093
  C:0192H         LINE#         1094
  C:0192H         LINE#         1095
  C:0195H         LINE#         1096
  C:0198H         LINE#         1098
  C:0198H         LINE#         1102
  C:01A1H         LINE#         1103
  C:01A4H         LINE#         1104
  C:01C0H         LINE#         1106
  C:01DDH         LINE#         1108
  C:01E4H         LINE#         1109
  C:01E8H         LINE#         1110
  C:01EDH         LINE#         1111
  C:01F2H         LINE#         1112
  C:01F4H         LINE#         1113
  C:0211H         LINE#         1114
  C:0211H         LINE#         1115
  C:0216H         LINE#         1116
  C:0223H         LINE#         1117
  C:0223H         LINE#         1118
  C:0225H         LINE#         1120
  C:0225H         LINE#         1121
  C:022AH         LINE#         1123
  C:022DH         LINE#         1125
  C:0230H         LINE#         1126
  C:0235H         LINE#         1127
  C:0237H         LINE#         1129
  C:0237H         LINE#         1130
  C:023BH         LINE#         1131
  C:023FH         LINE#         1132
  C:0244H         LINE#         1133
BL51 BANKED LINKER/LOCATER V6.22                                                      10/06/2013  09:25:19  PAGE 32


  C:0247H         LINE#         1134
  C:024DH         LINE#         1135
  C:0250H         LINE#         1139
  C:0252H         LINE#         1142
  C:0252H         LINE#         1143
  C:025CH         LINE#         1144
  C:0274H         LINE#         1145
  C:028EH         LINE#         1146
  C:02A8H         LINE#         1147
  C:02C2H         LINE#         1148
  C:02D8H         LINE#         1149
  C:02D8H         LINE#         1150
  C:02DAH         LINE#         1153
  C:02DAH         LINE#         1154
  C:02E4H         LINE#         1155
  C:02FBH         LINE#         1156
  C:0314H         LINE#         1157
  C:032DH         LINE#         1158
  C:0346H         LINE#         1159
  C:035BH         LINE#         1160
  C:0371H         LINE#         1161
  C:0371H         LINE#         1162
  C:0373H         LINE#         1165
  C:0373H         LINE#         1166
  C:0378H         LINE#         1167
  C:0386H         LINE#         1168
  C:0389H         LINE#         1169
  C:0389H         LINE#         1170
  C:0389H         LINE#         1171
  C:0389H         LINE#         1172
  C:038CH         LINE#         1173
  C:038CH         LINE#         1177
  C:0395H         LINE#         1178
  C:0398H         LINE#         1180
  C:03A2H         LINE#         1181
  C:03ABH         LINE#         1182
  C:03B2H         LINE#         1183
  C:03B6H         LINE#         1184
  C:03BBH         LINE#         1185
  C:03C0H         LINE#         1186
  C:03C2H         LINE#         1187
  C:03DDH         LINE#         1188
  C:03DDH         LINE#         1189
  C:03DDH         LINE#         1190
  C:03DDH         LINE#         1191
  C:03E2H         LINE#         1192
  C:03F0H         LINE#         1193
  C:03F0H         LINE#         1194
  C:03F2H         LINE#         1197
  C:03F2H         LINE#         1199
  C:03F6H         LINE#         1200
  C:0413H         LINE#         1201
  C:0418H         LINE#         1202
  C:041BH         LINE#         1203
  C:041EH         LINE#         1204
  C:0421H         LINE#         1205
  C:0424H         LINE#         1206
BL51 BANKED LINKER/LOCATER V6.22                                                      10/06/2013  09:25:19  PAGE 33


  C:0426H         LINE#         1208
  C:0426H         LINE#         1210
  C:0426H         LINE#         1211
  C:0426H         LINE#         1212
  C:0429H         LINE#         1213
  C:042BH         LINE#         1216
  C:042BH         LINE#         1217
  C:0435H         LINE#         1218
  C:044AH         LINE#         1219
  C:044AH         LINE#         1220
  C:044CH         LINE#         1223
  C:044CH         LINE#         1224
  C:0456H         LINE#         1225
  C:046AH         LINE#         1226
  C:046AH         LINE#         1227
  C:046CH         LINE#         1230
  C:046CH         LINE#         1231
  C:0471H         LINE#         1232
  C:047FH         LINE#         1233
  C:0482H         LINE#         1234
  C:0482H         LINE#         1235
  C:0482H         LINE#         1236
  C:0482H         LINE#         1237
  C:0485H         LINE#         1238
  C:0485H         LINE#         1242
  C:048EH         LINE#         1243
  C:0491H         LINE#         1244
  C:049BH         LINE#         1245
  C:04A2H         LINE#         1246
  C:04A7H         LINE#         1247
  C:04A9H         LINE#         1248
  C:04AFH         LINE#         1249
  C:04C4H         LINE#         1250
  C:04C4H         LINE#         1251
  C:04C4H         LINE#         1253
  C:04C4H         LINE#         1254
  C:04C9H         LINE#         1255
  C:04CCH         LINE#         1256
  C:04D1H         LINE#         1257
  C:04EEH         LINE#         1258
  C:04F3H         LINE#         1259
  C:04F5H         LINE#         1262
  C:04F5H         LINE#         1263
  C:04F9H         LINE#         1264
  C:04F9H         LINE#         1265
  C:04F9H         LINE#         1266
  C:04FBH         LINE#         1268
  C:04FBH         LINE#         1270
  C:04FBH         LINE#         1271
  C:04FBH         LINE#         1272
  C:04FEH         LINE#         1273
  C:0500H         LINE#         1276
  C:0500H         LINE#         1277
  C:0505H         LINE#         1278
  C:0508H         LINE#         1279
  C:050BH         LINE#         1280
  C:050DH         LINE#         1284
BL51 BANKED LINKER/LOCATER V6.22                                                      10/06/2013  09:25:19  PAGE 34


  C:0510H         LINE#         1285
  C:0510H         LINE#         1286
  C:0510H         LINE#         1287
  C:0513H         LINE#         1288
  C:0513H         LINE#         1294
  C:051CH         LINE#         1295
  C:051FH         LINE#         1296
  C:0529H         LINE#         1298
  C:052BH         LINE#         1299
  C:0548H         LINE#         1300
  C:054DH         LINE#         1301
  C:054DH         LINE#         1302
  C:0550H         LINE#         1303
  C:0558H         LINE#         1304
  C:055FH         LINE#         1305
  C:0571H         LINE#         1306
  C:0571H         LINE#         1307
  C:0571H         LINE#         1309
  C:0571H         LINE#         1310
  C:0574H         LINE#         1311
  C:0577H         LINE#         1312
  C:057EH         LINE#         1313
  C:0587H         LINE#         1315
  C:058CH         LINE#         1317
  C:058EH         LINE#         1320
  C:058EH         LINE#         1321
  C:0592H         LINE#         1322
  C:0592H         LINE#         1323
  C:0594H         LINE#         1326
  C:0594H         LINE#         1327
  C:0599H         LINE#         1328
  C:059CH         LINE#         1329
  C:059EH         LINE#         1331
  C:05A1H         LINE#         1332
  C:05A1H         LINE#         1333
  C:05A1H         LINE#         1334
  C:05A4H         LINE#         1335
  C:05A7H         LINE#         1336
  C:05A7H         LINE#         1349
  C:05B0H         LINE#         1350
  C:05B3H         LINE#         1351
  C:05BDH         LINE#         1352
  C:05C4H         LINE#         1353
  C:05C9H         LINE#         1354
  C:05CBH         LINE#         1355
  C:05E8H         LINE#         1357
  C:05F3H         LINE#         1358
  C:05F8H         LINE#         1359
  C:060DH         LINE#         1360
  C:060DH         LINE#         1361
  C:060DH         LINE#         1363
  C:060DH         LINE#         1364
  C:0612H         LINE#         1365
  C:0615H         LINE#         1366
  C:061AH         LINE#         1367
  C:061CH         LINE#         1369
  C:061CH         LINE#         1370
BL51 BANKED LINKER/LOCATER V6.22                                                      10/06/2013  09:25:19  PAGE 35


[...]
  C:09BBH         LINE#         1651
  C:09C1H         LINE#         1652
  C:09C4H         LINE#         1653
  C:09DBH         LINE#         1654
  C:09DFH         LINE#         1655
  C:09E1H         LINE#         1657
  C:09E3H         LINE#         1661
  C:09E3H         LINE#         1666
  C:09E6H         LINE#         1669
  C:09E7H         LINE#         1674
  C:09E7H         LINE#         1675
  C:09ECH         LINE#         1676
  C:09F0H         LINE#         1677
  C:09F4H         LINE#         1678
  C:09F8H         LINE#         1679
  C:09FBH         LINE#         1680
  C:09FBH         LINE#         1682
  C:09FDH         LINE#         1683
  C:09FDH         LINE#         1684
  C:0A02H         LINE#         1685
  C:0A05H         LINE#         1686
  C:0A07H         LINE#         1688
  C:0A09H         LINE#         1691
  C:0A09H         LINE#         1692
BL51 BANKED LINKER/LOCATER V6.22                                                      10/06/2013  09:25:19  PAGE 39


  C:0A0EH         LINE#         1693
  C:0A14H         LINE#         1694
  C:0A1AH         LINE#         1695
  C:0A1EH         LINE#         1696
  C:0A24H         LINE#         1697
  C:0A28H         LINE#         1699
  C:0A2AH         LINE#         1702
  C:0A2AH         LINE#         1703
  C:0A37H         LINE#         1704
  C:0A3FH         LINE#         1705
  C:0A4AH         LINE#         1706
  C:0A4FH         LINE#         1707
  C:0A52H         LINE#         1708
  C:0A54H         LINE#         1709
  C:0A56H         LINE#         1713
  C:0A56H         LINE#         1714
  C:0A5BH         LINE#         1715
  C:0A5FH         LINE#         1716
  C:0A63H         LINE#         1717
  C:0A65H         LINE#         1718
  C:0A67H         LINE#         1719
  C:0A6AH         LINE#         1720
  C:0A6EH         LINE#         1721
  C:0A72H         LINE#         1723
  C:0A77H         LINE#         1724
  C:0A7CH         LINE#         1725
  C:0A7FH         LINE#         1726
  C:0A84H         LINE#         1727
  C:0A87H         LINE#         1730
  C:0A88H         LINE#         1733
  C:0A88H         LINE#         1734
  C:0ABDH         LINE#         1735
  C:0AC0H         LINE#         1736
  C:0AC5H         LINE#         1737
  C:0AC8H         LINE#         1738
  C:0AC9H         LINE#         1743
  C:0AC9H         LINE#         1744
  C:0ACCH         LINE#         1746
  C:0ACCH         LINE#         1750
  C:0ACCH         LINE#         1751
  C:0AEEH         LINE#         1752
  C:0B0AH         LINE#         1753
  C:0B0DH         LINE#         1754
  C:0B10H         LINE#         1755
  C:0B12H         LINE#         1756
  C:0B14H         LINE#         1760
  C:0B14H         LINE#         1761
  C:0B20H         LINE#         1762
  C:0B29H         LINE#         1763
  C:0B2CH         LINE#         1764
  C:0B2FH         LINE#         1765
  C:0B31H         LINE#         1766
  C:0B33H         LINE#         1771
  C:0B33H         LINE#         1772
  C:0B68H         LINE#         1773
  C:0B6BH         LINE#         1774
  C:0B6EH         LINE#         1775
BL51 BANKED LINKER/LOCATER V6.22                                                      10/06/2013  09:25:19  PAGE 40


  C:0B6FH         LINE#         1778
  C:0B6FH         LINE#         1779
  C:0B72H         LINE#         1780
  C:0B75H         LINE#         1781
  C:0B77H         LINE#         1782
  C:0B79H         LINE#         1786
  C:0B79H         LINE#         1787
  C:0B7CH         LINE#         1788
  C:0B80H         LINE#         1790
  C:0B82H         LINE#         1794
  C:0B82H         LINE#         1795
  C:0B87H         LINE#         1796
  C:0B8AH         LINE#         1797
  C:0B8CH         LINE#         1799
  C:0B8EH         LINE#         1802
  C:0B8EH         LINE#         1803
  C:0B91H         LINE#         1804
  C:0B94H         LINE#         1805
  C:0B99H         LINE#         1806
  C:0B9AH         LINE#         1808
  C:0B9AH         LINE#         1809
  C:0B9DH         LINE#         1810
  C:0BA7H         LINE#         1811
  C:0BAFH         LINE#         1812
  C:0BB7H         LINE#         1813
  C:0BBFH         LINE#         1814
  C:0BC7H         LINE#         1815
  C:0BCEH         LINE#         1816
  C:0BCEH         LINE#         1819
  C:0BCEH         LINE#         1821
  -------         ENDPROC       CHECKINPUT
  -------         PROC          SENSOR_CHECKUP
  -------         DO            
  X:0079H         SYMBOL        a
  -------         ENDDO         
  C:176AH         LINE#         1828
  C:176AH         LINE#         1829
  C:176AH         LINE#         1833
  C:176EH         LINE#         1834
  C:1771H         LINE#         1835
  C:1774H         LINE#         1836
  C:1779H         LINE#         1837
  C:1786H         LINE#         1838
  C:1790H         LINE#         1839
  C:1795H         LINE#         1841
  C:1795H         LINE#         1845
  C:1799H         LINE#         1846
  C:179CH         LINE#         1847
  C:179FH         LINE#         1848
  C:17A4H         LINE#         1849
  C:17B1H         LINE#         1850
  C:17B1H         LINE#         1853
  C:17B1H         LINE#         1858
  C:17B5H         LINE#         1859
  C:17B8H         LINE#         1860
  C:17BBH         LINE#         1861
  C:17C0H         LINE#         1862
BL51 BANKED LINKER/LOCATER V6.22                                                      10/06/2013  09:25:19  PAGE 41


  C:17CDH         LINE#         1863
  C:17CDH         LINE#         1866
  C:17CDH         LINE#         1868
  C:17D2H         LINE#         1870
  C:17D6H         LINE#         1871
  C:17D9H         LINE#         1872
  C:17DCH         LINE#         1873
  C:17E1H         LINE#         1874
  C:17EEH         LINE#         1875
  C:17F8H         LINE#         1876
  C:17FDH         LINE#         1878
  C:17FDH         LINE#         1881
  C:17FDH         LINE#         1884
  C:17FDH         LINE#         1885
  C:17FDH         LINE#         1888
  C:17FDH         LINE#         1889
  C:17FDH         LINE#         1892
  C:17FDH         LINE#         1893
  C:17FFH         LINE#         1896
  -------         ENDPROC       SENSOR_CHECKUP
  -------         PROC          _ERROR
  D:0006H         SYMBOL        S
  C:2303H         LINE#         1901
  C:2305H         LINE#         1902
  C:2305H         LINE#         1903
  C:2309H         LINE#         1904
  C:230CH         LINE#         1905
  C:2311H         LINE#         1906
  C:2313H         LINE#         1907
  C:2317H         LINE#         1908
  C:231AH         LINE#         1909
  C:231DH         LINE#         1910
  C:2320H         LINE#         1911
  C:2323H         LINE#         1912
  C:2326H         LINE#         1913
  C:232BH         LINE#         1914
  C:232EH         LINE#         1915
  C:2333H         LINE#         1916
  C:2336H         LINE#         1917
  C:233BH         LINE#         1920
  C:233EH         LINE#         1922
  -------         ENDPROC       _ERROR
  C:2446H         SYMBOL        L?0717
  -------         PROC          L?0716
  -------         ENDPROC       L?0716
  C:2446H         SYMBOL        L?0717
  -------         PROC          _GO_OUT
  D:0007H         SYMBOL        length
  D:0005H         SYMBOL        DIS
  C:244BH         LINE#         1930
  C:244BH         LINE#         1931
  C:244BH         LINE#         1932
  C:2452H         LINE#         1933
  C:2457H         LINE#         1934
  C:245BH         LINE#         1935
  C:245FH         LINE#         1936
  C:2466H         LINE#         1937
BL51 BANKED LINKER/LOCATER V6.22                                                      10/06/2013  09:25:19  PAGE 42


  C:246EH         LINE#         1938
  C:2471H         LINE#         1940
  -------         ENDPROC       _GO_OUT
  -------         PROC          CHACKVALIDPROB
  C:26A3H         LINE#         1948
  C:26A3H         LINE#         1949
  C:26A3H         LINE#         1951
  C:26A5H         LINE#         1952
  C:26A8H         LINE#         1953
  C:26ADH         LINE#         1954
  -------         ENDPROC       CHACKVALIDPROB
  -------         PROC          SENT_ACK
  C:26D0H         LINE#         1961
  C:26D0H         LINE#         1962
  C:26D0H         LINE#         1963
  C:26D2H         LINE#         1964
  C:26D5H         LINE#         1965
  -------         ENDPROC       SENT_ACK
  -------         PROC          CHACKSOFTPROB
  C:263FH         LINE#         1974
  C:263FH         LINE#         1975
  C:263FH         LINE#         1977
  C:2643H         LINE#         1978
  C:2646H         LINE#         1979
  C:264BH         LINE#         1980
  -------         ENDPROC       CHACKSOFTPROB
  -------         PROC          RESET_PROB
  C:267BH         LINE#         1988
  C:267BH         LINE#         1989
  C:267BH         LINE#         1991
  C:267FH         LINE#         1992
  C:2682H         LINE#         1993
  C:2686H         LINE#         1994
  -------         ENDPROC       RESET_PROB
  -------         PROC          GET_THR
  C:264EH         LINE#         2002
  C:264EH         LINE#         2003
  C:264EH         LINE#         2005
  C:2652H         LINE#         2006
  C:2655H         LINE#         2007
  C:265AH         LINE#         2008
  -------         ENDPROC       GET_THR
  -------         PROC          GET_DIFFERENCE
  C:265DH         LINE#         2016
  C:265DH         LINE#         2017
  C:265DH         LINE#         2018
  C:2661H         LINE#         2019
  C:2664H         LINE#         2020
  C:2669H         LINE#         2021
  -------         ENDPROC       GET_DIFFERENCE
  -------         PROC          _SETHEATER
  D:0007H         SYMBOL        HTR
  C:24CDH         LINE#         2029
  C:24CDH         LINE#         2030
  C:24CDH         LINE#         2031
  C:24D1H         LINE#         2032
  C:24D6H         LINE#         2033
BL51 BANKED LINKER/LOCATER V6.22                                                      10/06/2013  09:25:19  PAGE 43


  C:24DEH         LINE#         2034
  C:24E6H         LINE#         2035
  C:24EEH         LINE#         2036
  C:24F5H         LINE#         2037
  -------         ENDPROC       _SETHEATER
  -------         PROC          TURN_OFF_MONITOR
  C:1F47H         LINE#         2045
  C:1F47H         LINE#         2046
  C:1F47H         LINE#         2047
  C:1F4AH         LINE#         2048
  C:1F4DH         LINE#         2051
  C:1F53H         LINE#         2052
  C:1F58H         LINE#         2053
  C:1F5CH         LINE#         2054
  C:1F60H         LINE#         2055
  C:1F64H         LINE#         2056
  C:1F68H         LINE#         2057
  C:1F6FH         LINE#         2058
  C:1F6FH         LINE#         2059
  C:1F6FH         LINE#         2060
  C:1F74H         LINE#         2061
  C:1F7EH         LINE#         2062
  C:1F81H         LINE#         2063
  C:1F86H         LINE#         2064
  C:1F86H         LINE#         2065
  C:1F91H         LINE#         2067
  C:1F94H         LINE#         2068
  C:1F97H         LINE#         2069
  C:1F9CH         LINE#         2070
  C:1FA3H         LINE#         2071
  C:1FA3H         LINE#         2073
  C:1FA3H         LINE#         2074
  -------         ENDPROC       TURN_OFF_MONITOR
  -------         PROC          WARMUPSENSOR
  -------         DO            
  X:0079H         SYMBOL        a
  -------         ENDDO         
  C:1C74H         LINE#         2079
  C:1C74H         LINE#         2080
  C:1C74H         LINE#         2084
  C:1C78H         LINE#         2085
  C:1C7BH         LINE#         2086
  C:1C89H         LINE#         2088
  C:1C90H         LINE#         2089
  C:1C94H         LINE#         2090
  C:1C99H         LINE#         2091
  C:1C9CH         LINE#         2092
  C:1CB6H         LINE#         2093
  C:1CC3H         LINE#         2094
  C:1CD2H         LINE#         2096
  C:1CD2H         LINE#         2097
  C:1CD7H         LINE#         2098
  C:1CDBH         LINE#         2099
  C:1CDFH         LINE#         2100
  C:1CE2H         LINE#         2101
  C:1CE8H         LINE#         2102
  C:1CE8H         LINE#         2103
BL51 BANKED LINKER/LOCATER V6.22                                                      10/06/2013  09:25:19  PAGE 44


  -------         ENDPROC       WARMUPSENSOR
  -------         PROC          METERING_ON
  -------         DO            
  X:007CH         SYMBOL        Flow
  D:0002H         SYMBOL        Scalc
  D:0006H         SYMBOL        ThermBuffDiff
  -------         ENDDO         
  C:0BCFH         LINE#         2111
  C:0BCFH         LINE#         2112
  C:0BCFH         LINE#         2117
  C:0BD4H         LINE#         2118
  C:0BD9H         LINE#         2119
  C:0BE8H         LINE#         2120
  C:0BE9H         LINE#         2121
  C:0BE9H         LINE#         2122
  C:0BFDH         LINE#         2128
  C:0C09H         LINE#         2129
  C:0C15H         LINE#         2130
  C:0C1CH         LINE#         2134
  C:0C2CH         LINE#         2135
  C:0C3FH         LINE#         2136
  C:0C5CH         LINE#         2138
  C:0C63H         LINE#         2140
  C:0C72H         LINE#         2141
  C:0C83H         LINE#         2142
  C:0CAEH         LINE#         2143
  C:0CDCH         LINE#         2144
  C:0D0AH         LINE#         2145
  C:0D38H         LINE#         2146
  C:0D66H         LINE#         2147
  C:0D94H         LINE#         2148
  C:0DC2H         LINE#         2149
  C:0DF0H         LINE#         2150
  C:0E1EH         LINE#         2151
  C:0E4CH         LINE#         2152
  C:0E5FH         LINE#         2154
  C:0E98H         LINE#         2155
  C:0EBAH         LINE#         2156
  C:0EBDH         LINE#         2161
  C:0EC0H         LINE#         2162
  C:0EC0H         LINE#         2166
  C:0EC0H         LINE#         2168
  -------         ENDPROC       METERING_ON
  -------         PROC          OPEN_MEMORY
  C:0050H         LINE#         2176
  C:0050H         LINE#         2177
  C:0050H         LINE#         2178
  C:0052H         LINE#         2179
  -------         ENDPROC       OPEN_MEMORY
  -------         PROC          CLOSE_MEMORY
  C:26D9H         LINE#         2185
  C:26D9H         LINE#         2186
  C:26D9H         LINE#         2187
  C:26DBH         LINE#         2188
  -------         ENDPROC       CLOSE_MEMORY
  -------         PROC          SENTTOTHERMINAL
  C:2566H         LINE#         2196
BL51 BANKED LINKER/LOCATER V6.22                                                      10/06/2013  09:25:19  PAGE 45


  C:2566H         LINE#         2197
  C:2566H         LINE#         2198
  C:256BH         LINE#         2199
  C:2570H         LINE#         2200
  C:2575H         LINE#         2201
  C:2578H         LINE#         2202
  C:257DH         LINE#         2203
  C:2582H         LINE#         2204
  C:2582H         LINE#         2205
  -------         ENDPROC       SENTTOTHERMINAL
  -------         PROC          _RTC_CHANAL
  D:0007H         SYMBOL        M
  C:26E0H         LINE#         2210
  C:26E0H         LINE#         2211
  C:26E0H         LINE#         2212
  C:26E5H         LINE#         2213
  -------         ENDPROC       _RTC_CHANAL
  -------         PROC          _LCD_CS_MODE
  D:0007H         SYMBOL        m
  C:26E6H         LINE#         2223
  C:26E6H         LINE#         2224
  C:26E6H         LINE#         2225
  C:26EBH         LINE#         2226
  -------         ENDPROC       _LCD_CS_MODE
  -------         PROC          _LCD_DATA_MODE
  D:0007H         SYMBOL        m
  C:26ECH         LINE#         2229
  C:26ECH         LINE#         2230
  C:26ECH         LINE#         2231
  C:26F1H         LINE#         2232
  -------         ENDPROC       _LCD_DATA_MODE
  -------         PROC          _LCD_CLK_MODE
  D:0007H         SYMBOL        m
  C:26F2H         LINE#         2236
  C:26F2H         LINE#         2237
  C:26F2H         LINE#         2238
  C:26F7H         LINE#         2239
  -------         ENDPROC       _LCD_CLK_MODE
  C:25E9H         SYMBOL        L?0719
  -------         PROC          L?0718
  -------         ENDPROC       L?0718
  C:25E9H         SYMBOL        L?0719
  -------         PROC          _FETCH_SPI
  D:0007H         SYMBOL        a
  -------         DO            
  D:0007H         SYMBOL        b
  -------         ENDDO         
  C:25EDH         LINE#         2246
  C:25EDH         LINE#         2247
  C:25EDH         LINE#         2249
  C:25EFH         LINE#         2251
  C:25F6H         LINE#         2253
  C:25F8H         LINE#         2254
  -------         ENDPROC       _FETCH_SPI
  -------         PROC          UARTISR
  C:1B7EH         LINE#         2277
  C:1B85H         LINE#         2281
BL51 BANKED LINKER/LOCATER V6.22                                                      10/06/2013  09:25:19  PAGE 46


  C:1B88H         LINE#         2282
  C:1B8AH         LINE#         2284
  C:1B9CH         LINE#         2286
  C:1BA1H         LINE#         2287
  C:1BA6H         LINE#         2288
  C:1BA9H         LINE#         2289
  C:1BACH         LINE#         2290
  C:1BACH         LINE#         2291
  C:1BB1H         LINE#         2292
  C:1BB6H         LINE#         2293
  C:1BBBH         LINE#         2294
  C:1BBBH         LINE#         2296
  C:1BC5H         LINE#         2298
  C:1BC5H         LINE#         2301
  C:1BC8H         LINE#         2303
  C:1BCAH         LINE#         2304
  C:1BDDH         LINE#         2306
  C:1BEAH         LINE#         2307
  C:1BECH         LINE#         2309
  C:1BF5H         LINE#         2310
  C:1BF5H         LINE#         2311
  -------         ENDPROC       UARTISR
  -------         PROC          TIMER2
  C:2472H         LINE#         2317
  C:247BH         LINE#         2324
  C:247DH         LINE#         2326
  C:2489H         LINE#         2328
  C:2494H         LINE#         2329
  C:2499H         LINE#         2334
  -------         ENDPROC       TIMER2
  -------         PROC          A_TO_D
  C:259EH         LINE#         2350
  C:25A7H         LINE#         2352
  C:25B0H         LINE#         2353
  C:25B2H         LINE#         2354
  -------         ENDPROC       A_TO_D
  -------         ENDMOD        BFM_REV_32_0

  -------         MODULE        ?C?COPY
  C:0F91H         PUBLIC        ?C?COPY
  -------         ENDMOD        ?C?COPY

  -------         MODULE        ?C?IMUL
  C:0FB7H         PUBLIC        ?C?IMUL
  -------         ENDMOD        ?C?IMUL

  -------         MODULE        ?C?UIDIV
  C:0FC9H         PUBLIC        ?C?UIDIV
  -------         ENDMOD        ?C?UIDIV

  -------         MODULE        ?C?SIDIV
  C:101EH         PUBLIC        ?C?SIDIV
  -------         ENDMOD        ?C?SIDIV

  -------         MODULE        ?C?ULDIV
  C:1090H         PUBLIC        ?C?ULDIV
  -------         ENDMOD        ?C?ULDIV
BL51 BANKED LINKER/LOCATER V6.22                                                      10/06/2013  09:25:19  PAGE 47



  -------         MODULE        ?C?LSTPDATA
  C:1122H         PUBLIC        ?C?LSTPDATA
  -------         ENDMOD        ?C?LSTPDATA

  -------         MODULE        ?C?LSTKPDATA
  C:112EH         PUBLIC        ?C?LSTKPDATA
  -------         ENDMOD        ?C?LSTKPDATA

  -------         MODULE        ?C?CCASE
  C:1147H         PUBLIC        ?C?CCASE
  -------         ENDMOD        ?C?CCASE

  -------         MODULE        ATOI
  C:169AH         PUBLIC        _atoi
  -------         ENDMOD        ATOI

  -------         MODULE        ?C?CLDPTR
  C:116DH         PUBLIC        ?C?CLDPTR
  -------         ENDMOD        ?C?CLDPTR

  -------         MODULE        ISDIGIT
  C:266CH         PUBLIC        _isdigit
  -------         ENDMOD        ISDIGIT

  -------         MODULE        ISSPACE
  C:25F9H         PUBLIC        _isspace
  -------         ENDMOD        ISSPACE

Program Size: data=17.2 xdata=188 code=9970
LINK/LOCATE RUN COMPLETE.  0 WARNING(S),  0 ERROR(S)
